<html>
<body>
<pre>
<h1>礦ision Build Log</h1>
<h2>Tool Versions:</h2>
IDE-Version: μVision V5.15
Copyright (C) 2015 ARM Ltd and ARM Germany GmbH. All rights reserved.
License Information: 11 006, 11, LIC=LSN01-CP9B5-562Q2-9G7IM-FW8Z3-192MZ
 
Tool Versions:
Toolchain:       MDK-ARM Standard  Version: 5.15.0
Toolchain Path:  C:\Keil_v5\ARM\ARMCC\Bin
C Compiler:      Armcc.exe V5.05 update 2 (build 169)
Assembler:       Armasm.exe V5.05 update 2 (build 169)
Linker/Locator:  ArmLink.exe V5.05 update 2 (build 169)
Library Manager: ArmAr.exe V5.05 update 2 (build 169)
Hex Converter:   FromElf.exe V5.05 update 2 (build 169)
CPU DLL:         SARMCM3.DLL V5.15.0
Dialog DLL:      DCM.DLL V1.13.2.0
Target DLL:      STLink\ST-LINKIII-KEIL_SWO.dll V2.0.15.0_KEIL
Dialog DLL:      TCM.DLL V1.14.5.0
 
<h2>Project:</h2>
D:\资料\广冷001\广冷-代码固件\广冷-现场调试-红外代码\修改测试\V5.0.0（铁科院协议）（红外板RCT7）\云柜控制板CAN2.0_v5.0.0\USER\Template.uvprojx
Project File Date:  09/09/2025

<h2>Output:</h2>
*** Using Compiler 'V5.05 update 2 (build 169)', folder: 'C:\Keil_v5\ARM\ARMCC\Bin'
Build target 'Template'
compiling main.c...
compiling stm32f10x_it.c...
compiling system_stm32f10x.c...
compiling core_cm3.c...
assembling startup_stm32f10x_hd.s...
compiling misc.c...
compiling stm32f10x_bkp.c...
compiling stm32f10x_dma.c...
compiling stm32f10x_flash.c...
compiling stm32f10x_gpio.c...
compiling stm32f10x_iwdg.c...
compiling stm32f10x_pwr.c...
compiling stm32f10x_rcc.c...
compiling stm32f10x_tim.c...
compiling stm32f10x_usart.c...
compiling stm32f10x_adc.c...
compiling stm32f10x_rtc.c...
compiling delay.c...
compiling sys.c...
..\SYSTEM\sys\sys.c(36): warning: A1581W: Added 2 bytes of padding at address 0xe
compiling timer.c...
compiling task_manage.c...
compiling system.c...
compiling sys_malloc.c...
..\SYSTEM\malloc\sys_malloc.c(161): warning:  #550-D: variable "offset" was set but never used
        unsigned int offset;  
..\SYSTEM\malloc\sys_malloc.c(172): warning:  #177-D: variable "nmemb" was declared but never referenced
    unsigned int offset,nmemb;
..\SYSTEM\malloc\sys_malloc.c(173): warning:  #177-D: variable "p" was declared but never referenced
    unsigned char *p;
..\SYSTEM\malloc\sys_malloc.c: 3 warnings, 0 errors
compiling stmflash.c...
compiling watchdog.c...
compiling analog_signal.c...
compiling digital_signal.c...
compiling sensor.c...
..\DRIVE\signal\sensor.c(401): warning:  #177-D: variable "res" was declared but never referenced
        unsigned long res;
..\DRIVE\signal\sensor.c(404): warning:  #177-D: variable "i" was declared but never referenced
        uint8_t i;
..\DRIVE\signal\sensor.c(433): warning:  #1-D: last line of file ends without a newline
  }
..\DRIVE\signal\sensor.c: 3 warnings, 0 errors
compiling signal_gpio.c...
..\DRIVE\signal\signal_gpio.c(179): warning:  #177-D: variable "GPIO_InitStructure" was declared but never referenced
        GPIO_InitTypeDef  GPIO_InitStructure;
..\DRIVE\signal\signal_gpio.c: 1 warning, 0 errors
compiling signal_scan.c...
compiling ir.c...
linking...
Program Size: Code=8248 RO-data=336 RW-data=44 ZI-data=2252  
FromELF: creating hex file...
After Build - User command #1: fromelf --bin --output ..\YXG_V4.1.0.bin ..\OBJ\Template.axf
"..\OBJ\Template.axf" - 0 Error(s), 8 Warning(s).

<h2>Collection of Component include folders:</h2>
  D:\资料\广冷001\广冷-代码固件\广冷-现场调试-红外代码\修改测试\V5.0.0（铁科院协议）（红外板RCT7）\云柜控制板CAN2.0_v5.0.0\USER\RTE
  C:\Keil_v5\ARM\PACK\Keil\STM32F1xx_DFP\1.1.0\Device\Include

<h2>Collection of Component Files used:</h2>
</pre>
</body>
</html>
