2026-08-23 15:16:08｜task_cancel_test｜huangyaoshi｜被 #999 取代
2026-08-23 15:16:17｜task_cancel_test｜huangyaoshi｜被 #999 取代
2026-08-23 15:17:32｜task_cancel_test｜huangyaoshi｜被 #999 取代
2026-08-23 15:18:28｜task_cancel_test｜huangyaoshi｜被 #999 取代
2026-08-23 15:18:41｜task_461_dogfood｜huangyaoshi｜狗粮测试取消
2026-08-23 15:20:46｜task_cancel_test｜huangyaoshi｜被 #999 取代
2026-08-23 15:52:12｜task_cancel_test｜huangyaoshi｜被 #999 取代
2026-08-23 18:34:50｜task_20260823_huangyaoshi-friction-design-fix｜wangyuyan｜被 #460 最终任务书取代（设计修正内容已由 #460 承载）——#461 首批执行
2026-08-23 18:54:43｜task_20260823_huangyaoshi-friction-auto-report｜wangyuyan｜被 #460 最终任务书取代——欧阳锋退回后取消，竞态挂账清零
2026-08-23 19:29:12｜task_cancel_test｜huangyaoshi｜被 #999 取代
2026-08-23 19:29:46｜task_cancel_test｜huangyaoshi｜被 #999 取代
2026-08-23 20:18:02｜task_cancel_test｜huangyaoshi｜被 #999 取代
2026-08-23 23:52:48｜task_cancel_test｜huangyaoshi｜被 #999 取代
2026-08-23 23:53:08｜task_cancel_test｜huangyaoshi｜被 #999 取代
2026-08-23 23:55:10｜task_cancel_test｜huangyaoshi｜被 #999 取代
2026-08-24 00:27:30｜task_cancel_test｜huangyaoshi｜被 #999 取代
2026-08-24 01:15:30｜task_20260823_wangyuyan-banfeimao-d-workbook｜wangyuyan｜老朱拍板冻结：作业包不需要写（P3随缘档，不占产线优先级）
2026-08-24 02:20:49｜task_cancel_test｜huangyaoshi｜被 #999 取代
2026-08-24 02:21:10｜task_cancel_test｜huangyaoshi｜被 #999 取代
2026-08-24 02:28:39｜task_cancel_test｜huangyaoshi｜被 #999 取代
2026-08-24 02:32:55｜task_cancel_test｜huangyaoshi｜被 #999 取代
2026-08-24 02:33:35｜task_cancel_test｜huangyaoshi｜被 #999 取代
2026-08-24 20:48:01｜task_cancel_test｜huangyaoshi｜被 #999 取代
2026-08-24 20:50:22｜task_cancel_test｜huangyaoshi｜被 #999 取代
2026-08-24 22:48:45｜task_cancel_test｜huangyaoshi｜被 #999 取代
2026-08-24 22:49:27｜task_cancel_test｜huangyaoshi｜被 #999 取代
2026-08-25 00:02:35｜task_cancel_test｜huangyaoshi｜被 #999 取代
2026-08-25 00:03:30｜task_cancel_test｜huangyaoshi｜被 #999 取代
2026-08-25 00:10:39｜task_cancel_test｜huangyaoshi｜被 #999 取代
2026-08-25 00:33:39｜task_cancel_test｜huangyaoshi｜被 #999 取代
2026-08-25 00:34:08｜task_cancel_test｜huangyaoshi｜被 #999 取代
2026-08-25 00:37:54｜task_cancel_test｜huangyaoshi｜被 #999 取代
2026-08-25 00:48:35｜task_cancel_test｜huangyaoshi｜被 #999 取代
2026-08-25 00:50:33｜task_cancel_test｜huangyaoshi｜被 #999 取代
2026-08-25 00:59:19｜task_cancel_test｜huangyaoshi｜被 #999 取代
2026-08-25 01:14:47｜task_cancel_test｜huangyaoshi｜被 #999 取代
2026-08-25 01:20:43｜task_cancel_test｜huangyaoshi｜被 #999 取代
2026-08-25 02:28:44｜task_cancel_test｜huangyaoshi｜被 #999 取代
2026-08-25 02:30:00｜task_cancel_test｜huangyaoshi｜被 #999 取代
2026-08-25 02:32:48｜task_cancel_test｜huangyaoshi｜被 #999 取代
2026-08-25 02:36:48｜task_cancel_test｜huangyaoshi｜被 #999 取代
