WARNING: 30_wiki/tools/tool-一堂-业务公式-L1L6参数分层自检.md: Wiki page not listed in 30_wiki/index.md
ERROR: 30_wiki/cases/case-yitang-du-kids-education-sabc.md: source_refs entry `00_inbox/Handle the business/Business formula/关键假设-业务公式-参数探索篇-口述.txt L1972-L1978（三维交叉切片、SABC 分层、妈妈最好老人最弱）`: file not found on disk
ERROR: 30_wiki/cases/case-yitang-du-kids-education-sabc.md: source_refs entry `00_inbox/Handle the business/Business formula/关键假设-业务公式-参数探索篇-口述.txt L1980-L1984（老人犹豫无法决策、妈妈能拍板、"带父母来的往前坐"）`: file not found on disk
ERROR: 30_wiki/cases/case-yitang-du-kids-education-sabc.md: source_refs entry `00_inbox/Handle the business/Business formula/_vlm_output/王语嫣_五篇逐字稿精读索引.md L247（案例定位，二等源）`: file not found on disk
ERROR: 30_wiki/cases/case-yitang-fupanying-five-years-1000-hypotheses.md: source_refs entry `00_inbox/Handle the business/Business formula/_vlm_output/批注 2026-07-12 001416_vlm.md（图 001416）`: file not found on disk
ERROR: 30_wiki/cases/case-yitang-fupanying-five-years-1000-hypotheses.md: source_refs entry `00_inbox/Handle the business/Business formula/_vlm_output/批注 2026-07-12 001533_vlm.md（图 001533）`: file not found on disk
ERROR: 30_wiki/cases/case-yitang-fupanying-five-years-1000-hypotheses.md: source_refs entry `00_inbox/Handle the business/Business formula/_vlm_output/批注 2026-07-12 001550_vlm.md（图 001550）`: file not found on disk
ERROR: 30_wiki/cases/case-yitang-fupanying-five-years-1000-hypotheses.md: source_refs entry `00_inbox/Handle the business/Business formula/_vlm_output/批注 2026-07-12 001619_vlm.md（图 001619）`: file not found on disk
ERROR: 30_wiki/cases/case-yitang-fupanying-five-years-1000-hypotheses.md: source_refs entry `00_inbox/Handle the business/Business formula/_vlm_output/批注 2026-07-12 001640_vlm.md（图 001640）`: file not found on disk
ERROR: 30_wiki/cases/case-yitang-fupanying-five-years-1000-hypotheses.md: source_refs entry `00_inbox/Handle the business/Business formula/_vlm_output/一堂DOC-20260712001559_vlm.md（图 001559）`: file not found on disk
ERROR: 30_wiki/cases/case-yitang-innovative-metrics-collection.md: source_refs entry `00_inbox/Handle the business/Business formula/关键假设-业务公式-参数探索篇-口述.txt L2180-L2230（鞋店连带率两招）`: file not found on disk
ERROR: 30_wiki/cases/case-yitang-innovative-metrics-collection.md: source_refs entry `00_inbox/Handle the business/Business formula/关键假设-业务公式-参数探索篇-口述.txt L2260-L2296（平价店价格便签、默认丢 3-5 倍转化率）`: file not found on disk
ERROR: 30_wiki/cases/case-yitang-innovative-metrics-collection.md: source_refs entry `00_inbox/Handle the business/Business formula/关键假设-业务公式-参数探索篇-口述.txt L2400-L2440（超市洗发水十个转化率、拧开闻一下率）`: file not found on disk
ERROR: 30_wiki/cases/case-yitang-innovative-metrics-collection.md: source_refs entry `00_inbox/Handle the business/Business formula/关键假设-业务公式-参数探索篇-口述.txt L2562-L2614（举手拍照发朋友圈、伸手接传单率、提篮率、落地页 3 秒加载、企业微信头像昵称、支付成功率）`: file not found on disk
ERROR: 30_wiki/cases/case-yitang-innovative-metrics-collection.md: source_refs entry `00_inbox/Handle the business/Business formula/关键假设-业务公式-参数探索篇-口述.txt L2630-L2690（一堂自定义参数群、公众号单月价格×单月价值）`: file not found on disk
ERROR: 30_wiki/cases/case-yitang-innovative-metrics-collection.md: source_refs entry `00_inbox/Handle the business/Business formula/关键假设-业务公式-参数探索篇-口述.txt L2692-L2754（刘同学销售管理软件：进会议室率/连投影率）`: file not found on disk
ERROR: 30_wiki/cases/case-yitang-innovative-metrics-collection.md: source_refs entry `00_inbox/Handle the business/Business formula/关键假设-业务公式-参数探索篇-口述.txt L2756-L2828（舞蹈培训夸孩子率、班明阳旅居踩点率、创新参数三维度）`: file not found on disk
ERROR: 30_wiki/cases/case-yitang-laowenqi-huixiao-10x.md: source_refs entry `00_inbox/Handle the business/Business formula/_vlm_output/批注 2026-07-12 002716_vlm.md（公式1.0→2.0升级）`: file not found on disk
ERROR: 30_wiki/cases/case-yitang-laowenqi-huixiao-10x.md: source_refs entry `00_inbox/Handle the business/Business formula/_vlm_output/批注 2026-07-12 002734_vlm.md（公式2.0→3.0→4.0升级）`: file not found on disk
ERROR: 30_wiki/cases/case-yitang-marathon-ten-seasons.md: source_refs entry `00_inbox/Handle the business/Business formula/关键假设-业务公式-管理篇-口述.txt L1918-L2038（案例背景/增长曲线/假设规模）`: file not found on disk
ERROR: 30_wiki/cases/case-yitang-marathon-ten-seasons.md: source_refs entry `00_inbox/Handle the business/Business formula/关键假设-业务公式-管理篇-口述.txt L2060-L2148（双目标：850万±100万/跪着守下限）`: file not found on disk
ERROR: 30_wiki/cases/case-yitang-marathon-ten-seasons.md: source_refs entry `00_inbox/Handle the business/Business formula/关键假设-业务公式-管理篇-口述.txt L2154-L2204（6-7维切片与多层业务公式）`: file not found on disk
ERROR: 30_wiki/cases/case-yitang-marathon-ten-seasons.md: source_refs entry `00_inbox/Handle the business/Business formula/关键假设-业务公式-管理篇-口述.txt L2208-L2314（顶层策略会/四大参数/迭代30%/保持20个关键假设）`: file not found on disk
ERROR: 30_wiki/cases/case-yitang-marathon-ten-seasons.md: source_refs entry `00_inbox/Handle the business/Business formula/关键假设-业务公式-管理篇-口述.txt L2340-L2462（PEAHD 五角色配置）`: file not found on disk
ERROR: 30_wiki/cases/case-yitang-marathon-ten-seasons.md: source_refs entry `00_inbox/Handle the business/Business formula/关键假设-业务公式-管理篇-口述.txt L2474-L2564（攻坚会机制与18小时实例）`: file not found on disk
ERROR: 30_wiki/cases/case-yitang-marathon-ten-seasons.md: source_refs entry `00_inbox/Handle the business/Business formula/关键假设-业务公式-管理篇-口述.txt L2576-L2710（以业务公式为中心：人/事/数三角）`: file not found on disk
ERROR: 30_wiki/cases/case-yitang-marathon-ten-seasons.md: source_refs entry `00_inbox/Handle the business/Business formula/关键假设-业务公式-参数探索篇-口述.txt L1696-L1790（10维切片清单）`: file not found on disk
ERROR: 30_wiki/cases/case-yitang-marathon-ten-seasons.md: source_refs entry `00_inbox/Handle the business/Business formula/关键假设-业务公式-参数探索篇-口述.txt L1812-L1906（切片发现：魔法数字/到期状态反常识/生单7-10倍）`: file not found on disk
ERROR: 30_wiki/cases/case-yitang-marathon-ten-seasons.md: source_refs entry `00_inbox/Handle the business/Business formula/关键假设-业务公式-参数探索篇-口述.txt L1916-L1942（MBA售卖轮次调整/新会员售卖失败被砍）`: file not found on disk
ERROR: 30_wiki/cases/case-yitang-panhonghai-entertainment.md: source_refs entry `00_inbox/Handle the business/Business formula/关键假设-业务公式-管理篇-口述.txt L1380-L1394（业务背景：600 人娱乐店、疫情后现金流压力、组局产品）`: file not found on disk
ERROR: 30_wiki/cases/case-yitang-panhonghai-entertainment.md: source_refs entry `00_inbox/Handle the business/Business formula/关键假设-业务公式-管理篇-口述.txt L1396-L1404（2024.4 内测业务公式课、拆参数建团队假设池、绿色占比 1/4-1/3）`: file not found on disk
ERROR: 30_wiki/cases/case-yitang-panhonghai-entertainment.md: source_refs entry `00_inbox/Handle the business/Business formula/关键假设-业务公式-管理篇-口述.txt L1410-L1428（带头写七八个假设、涨价顾虑、拆三子假设）`: file not found on disk
ERROR: 30_wiki/cases/case-yitang-panhonghai-entertainment.md: source_refs entry `00_inbox/Handle the business/Business formula/关键假设-业务公式-管理篇-口述.txt L1430-L1440（五一 50-60→70-90 客流没少、GMV+15-20%、全量推）`: file not found on disk
ERROR: 30_wiki/cases/case-yitang-panhonghai-entertainment.md: source_refs entry `00_inbox/Handle the business/Business formula/关键假设-业务公式-管理篇-口述.txt L1442-L1448（小红书导流失败仍鼓励、无效假设的价值）`: file not found on disk
ERROR: 30_wiki/cases/case-yitang-panhonghai-entertainment.md: source_refs entry `00_inbox/Handle the business/Business formula/关键假设-业务公式-管理篇-口述.txt L1450-L1452（假设常规化、半年 +50%、品类榜第一）`: file not found on disk
ERROR: 30_wiki/cases/case-yitang-panhonghai-entertainment.md: source_refs entry `00_inbox/Handle the business/Business formula/_vlm_output/王语嫣_五篇逐字稿精读索引.md L43（案例定位，二等源）`: file not found on disk
ERROR: 30_wiki/cases/case-yitang-shao-kaoyan-gmv.md: source_refs entry `00_inbox/Handle the business/Business formula/关键假设-业务公式-参数探索篇-口述.txt L1944-L1948（业务背景、GMV+50% 目标、教学端增长判断）`: file not found on disk
ERROR: 30_wiki/cases/case-yitang-shao-kaoyan-gmv.md: source_refs entry `00_inbox/Handle the business/Business formula/关键假设-业务公式-参数探索篇-口述.txt L1952-L1956（逐层分层、新闻传播反常识机会）`: file not found on disk
ERROR: 30_wiki/cases/case-yitang-shao-kaoyan-gmv.md: source_refs entry `00_inbox/Handle the business/Business formula/关键假设-业务公式-参数探索篇-口述.txt L1958-L1966（老师三维建模、锁定重点老师、BD 成功率高、达成 GMV 目标）`: file not found on disk
ERROR: 30_wiki/cases/case-yitang-shao-kaoyan-gmv.md: source_refs entry `00_inbox/Handle the business/Business formula/_vlm_output/王语嫣_五篇逐字稿精读索引.md L246（案例定位，二等源）`: file not found on disk
ERROR: 30_wiki/cases/case-yitang-three-industry-formula-demos.md: source_refs entry `00_inbox/Handle the business/Business formula/批注 2026-07-12 001958.png（三个业务公式拆解原图，一等源）`: file not found on disk
ERROR: 30_wiki/cases/case-yitang-three-industry-formula-demos.md: source_refs entry `00_inbox/Handle the business/Business formula/_vlm_output/批注 2026-07-12 001958_vlm.md（原图 VLM 转写稿）`: file not found on disk
ERROR: 30_wiki/cases/case-yitang-three-industry-formula-demos.md: source_refs entry `00_inbox/Handle the business/Business formula/关键假设-业务公式-进阶篇-口述.txt L2062-L2110（口述引用：三大追求、医院/篮球拆解样板、"只差一层"）`: file not found on disk
ERROR: 30_wiki/cases/case-yitang-three-industry-formula-demos.md: source_refs entry `00_inbox/Handle the business/Business formula/_vlm_output/整合笔记_业务公式完整版.md L206-L217（整合笔记 §八 案例集，二等源）`: file not found on disk
ERROR: 30_wiki/cases/case-yitang-vicky-short-video.md: source_refs entry `00_inbox/Handle the business/Business formula/关键假设-业务公式-管理篇-口述.txt L776-L796（背景：短视频公域获客转会员；旧打法=盯结果+抄同行+掷骰子；转为定期复盘提假设）`: file not found on disk
ERROR: 30_wiki/cases/case-yitang-vicky-short-video.md: source_refs entry `00_inbox/Handle the business/Business formula/关键假设-业务公式-管理篇-口述.txt L798-L814（借鉴一堂建测试群：不讨论不点赞不闲聊只扔假设、公司最简单的测试管理机制）`: file not found on disk
ERROR: 30_wiki/cases/case-yitang-vicky-short-video.md: source_refs entry `00_inbox/Handle the business/Business formula/关键假设-业务公式-管理篇-口述.txt L816-L836（短视频变量过多求效率、借鉴小东老师建飞书团队假设池：谁提的/谁验证/结果/可复用资源与 SOP）`: file not found on disk
ERROR: 30_wiki/cases/case-yitang-vicky-short-video.md: source_refs entry `00_inbox/Handle the business/Business formula/关键假设-业务公式-管理篇-口述.txt L838-L868（假设池后团队心力逆转：出错白干→数据差=证伪、几百个待验证假设=惊喜）`: file not found on disk
ERROR: 30_wiki/cases/case-yitang-vicky-short-video.md: source_refs entry `00_inbox/Handle the business/Business formula/关键假设-业务公式-管理篇-口述.txt L870-L880（结果：收入/活跃/口碑都跑出来，自媒体行业清流；提假设要配套机制而非瞎聊）`: file not found on disk
ERROR: 30_wiki/cases/case-yitang-wang-mcn-funnel.md: source_refs entry `00_inbox/Handle the business/Business formula/关键假设-业务公式-管理篇-口述.txt L1314-L1320（业务背景与六环链路）`: file not found on disk
ERROR: 30_wiki/cases/case-yitang-wang-mcn-funnel.md: source_refs entry `00_inbox/Handle the business/Business formula/关键假设-业务公式-管理篇-口述.txt L1322-L1330（首期 68 人、签约率 30%、喂不饱产能）`: file not found on disk
ERROR: 30_wiki/cases/case-yitang-wang-mcn-funnel.md: source_refs entry `00_inbox/Handle the business/Business formula/关键假设-业务公式-管理篇-口述.txt L1332-L1348（单人盯签约→漏斗公式 1.0→逐参数讨论）`: file not found on disk
ERROR: 30_wiki/cases/case-yitang-wang-mcn-funnel.md: source_refs entry `00_inbox/Handle the business/Business formula/关键假设-业务公式-管理篇-口述.txt L1350-L1362（微商小姑娘"别让用户感到 SOP"假设、鼓励机制）`: file not found on disk
ERROR: 30_wiki/cases/case-yitang-wang-mcn-funnel.md: source_refs entry `00_inbox/Handle the business/Business formula/关键假设-业务公式-管理篇-口述.txt L1364-L1370（团队假设表字段、四期行动营量率双升）`: file not found on disk
ERROR: 30_wiki/cases/case-yitang-wang-mcn-funnel.md: source_refs entry `00_inbox/Handle the business/Business formula/_vlm_output/王语嫣_五篇逐字稿精读索引.md L42（案例定位，二等源）`: file not found on disk
ERROR: 30_wiki/cases/case-yitang-wenxiaozhang-driving-school.md: source_refs entry `00_inbox/Handle the business/Business formula/关键假设-业务公式-管理篇-口述.txt L886-L906（背景：太原大学生驾校十多年、传统打法、业绩预测拍脑袋）`: file not found on disk
ERROR: 30_wiki/cases/case-yitang-wenxiaozhang-driving-school.md: source_refs entry `00_inbox/Handle the business/Business formula/关键假设-业务公式-管理篇-口述.txt L908-L924（拆业务公式、锁定校园代理×招生链、对照小抄写关键假设）`: file not found on disk
ERROR: 30_wiki/cases/case-yitang-wenxiaozhang-driving-school.md: source_refs entry `00_inbox/Handle the business/Business formula/关键假设-业务公式-管理篇-口述.txt L926-L952（提一大堆实操假设、话术库：女生号/表情包/"求求了宝子"、团队提想法氛围）`: file not found on disk
ERROR: 30_wiki/cases/case-yitang-wenxiaozhang-driving-school.md: source_refs entry `00_inbox/Handle the business/Business formula/关键假设-业务公式-管理篇-口述.txt L954-L982（六杯奶茶触点假设：科目二最爽时刻送奶茶分给舍友并推荐，推荐率再提一级）`: file not found on disk
ERROR: 30_wiki/cases/case-yitang-wenxiaozhang-driving-school.md: source_refs entry `00_inbox/Handle the business/Business formula/关键假设-业务公式-管理篇-口述.txt L984-L988（成熟传统业务被关键假设重新拉起、去年基础上业务再翻一倍；ASR"魏校长"应为"温校长"）`: file not found on disk
ERROR: 30_wiki/cases/case-yitang-wenxiaozhang-driving-school.md: source_refs entry `00_inbox/Handle the business/Business formula/关键假设-业务公式-参数探索篇-口述.txt L932-L944（案例速览：温校长驾校挖了几十个参数）`: file not found on disk
ERROR: 30_wiki/cases/case-yitang-woqingke-referral-15-to-40.md: source_refs entry `00_inbox/Handle the business/Business formula/_vlm_output/一堂DOC-20260712002650_vlm.md（图 002650：我请客五级漏斗 12 项关键假设实验结果）`: file not found on disk
ERROR: 30_wiki/cases/case-yitang-xingangwan-chess-room.md: source_refs entry `00_inbox/Handle the business/Business formula/关键假设-业务公式-参数探索篇-口述.txt L654-L718（案例背景：西安单店全国平均 1.5 倍+、访谈西安代理子澄、外行级四参数公式的天花板）`: file not found on disk
ERROR: 30_wiki/cases/case-yitang-xingangwan-chess-room.md: source_refs entry `00_inbox/Handle the business/Business formula/关键假设-业务公式-参数探索篇-口述.txt L720-L760（冷启动与流量二分：抖音达人探店、免费/付费流量、美团免费流量拆点击率/下单率/好评率/复购率）`: file not found on disk
ERROR: 30_wiki/cases/case-yitang-xingangwan-chess-room.md: source_refs entry `00_inbox/Handle the business/Business formula/关键假设-业务公式-参数探索篇-口述.txt L762-L790（私域=加微信、小程序省投流与扣点、私域触达率再拆四五个触点）`: file not found on disk
ERROR: 30_wiki/cases/case-yitang-xingangwan-chess-room.md: source_refs entry `00_inbox/Handle the business/Business formula/关键假设-业务公式-参数探索篇-口述.txt L792-L860（过早引流私域影响美团推荐的两难、客户分层纯新/熟客/老客、流量结构基准值、创新参数"五单之后小程序复购率"）`: file not found on disk
ERROR: 30_wiki/cases/case-yitang-xingangwan-chess-room.md: source_refs entry `00_inbox/Handle the business/Business formula/关键假设-业务公式-参数探索篇-口述.txt L862-L876（借鉴"我请客"跑新流量模型、一年西安 100+ 店全国第一）`: file not found on disk
ERROR: 30_wiki/cases/case-yitang-xingangwan-chess-room.md: source_refs entry `00_inbox/Handle the business/Business formula/关键假设-业务公式-参数探索篇-口述.txt L878-L886（金哥现场拆新业务公式满满一黑板参数、两周内会销到场率与签约率提升 200%+）`: file not found on disk
ERROR: 30_wiki/cases/case-yitang-xingangwan-chess-room.md: source_refs entry `00_inbox/Handle the business/Business formula/关键假设-业务公式-参数探索篇-口述.txt L888-L902（业务公式里全是转化率、C 是全局性工作）`: file not found on disk
ERROR: 30_wiki/cases/case-yitang-zhanglei-comic-booth.md: source_refs entry `00_inbox/Handle the business/Business formula/_vlm_output/一堂DOC-20260712001710_vlm.md（图 001710：张磊线下动漫展关键假设及实验结果大表，46 项）`: file not found on disk
ERROR: 30_wiki/cases/case-yitang-zhanglei-gacha-points.md: source_refs entry `00_inbox/Handle the business/Business formula/案例2.png（原图，付费率 2%→3% 经 ReadMediaFile 复核确认）`: file not found on disk
ERROR: 30_wiki/cases/case-yitang-zhanglei-gacha-points.md: source_refs entry `00_inbox/Handle the business/Business formula/_vlm_output/案例2_vlm.md（案例 2 原图 VLM 识别稿）`: file not found on disk
ERROR: 30_wiki/concepts/concept-一堂-三类目标策略.md: source_refs entry `00_inbox/Handle the business/Business formula/_vlm_output/业务公式-落地策略集_vlm.md（进阶专业格：探索型=为什么而奋斗/挑战型=努力要完成/必胜型=一定要完成）`: file not found on disk
ERROR: 30_wiki/concepts/concept-一堂-假设飞轮.md: source_refs entry `00_inbox/Handle the business/Business formula/_vlm_output/一堂DOC-20260712002258_vlm.md（图002258 团队假设/共识飞轮）`: file not found on disk
ERROR: 30_wiki/concepts/concept-一堂-参数耦合与动态公式.md: source_refs entry `00_inbox/Handle the business/Business formula/关键假设-业务公式-逻辑关系篇-口述.txt L1082-L1170（参数耦合：A 涨 30% B 可能降 20-50%；留存涨 35% 作业率只涨 20%；段子悬念玩法让自驱学习者变围观者）`: file not found on disk
ERROR: 30_wiki/concepts/concept-一堂-参数耦合与动态公式.md: source_refs entry `00_inbox/Handle the business/Business formula/关键假设-业务公式-逻辑关系篇-口述.txt L1180-L1236（作业提醒黄金曲线：三条是黄金点、过度 push 激发叛逆）`: file not found on disk
ERROR: 30_wiki/concepts/concept-一堂-参数耦合与动态公式.md: source_refs entry `00_inbox/Handle the business/Business formula/关键假设-业务公式-逻辑关系篇-口述.txt L1244-L1268（作业数年度周期：春节五一低谷、春马秋马峰值）`: file not found on disk
ERROR: 30_wiki/concepts/concept-一堂-参数耦合与动态公式.md: source_refs entry `00_inbox/Handle the business/Business formula/关键假设-业务公式-逻辑关系篇-口述.txt L1782-L1814（动态理解公式三问：参数耦合/外部周期/预测建模；周期越长越要长视角）`: file not found on disk
ERROR: 30_wiki/concepts/concept-一堂-参数耦合与动态公式.md: source_refs entry `00_inbox/Handle the business/Business formula/关键假设-业务公式-逻辑关系篇-口述.txt L3088-L3188（芯片开发板降价实验；复盘营定价抛物线 1199→19.9→8.9）`: file not found on disk
ERROR: 30_wiki/concepts/concept-一堂-参数耦合与动态公式.md: source_refs entry `00_inbox/Handle the business/Business formula/_vlm_output/业务公式的逻辑关系探索地图_vlm.md（母版：L6 动态策略库）`: file not found on disk
ERROR: 30_wiki/concepts/concept-一堂-参数耦合与动态公式.md: source_refs entry `00_inbox/Handle the business/Business formula/_vlm_output/王语嫣_101张VLM图号索引.md（图号 004557/004638：六层逻辑关系总览）`: file not found on disk
ERROR: 30_wiki/concepts/concept-一堂-双目标法.md: source_refs entry `00_inbox/Handle the business/Business formula/_vlm_output/业务公式-落地策略集_vlm.md（进阶专业格：必胜型/挑战型/探索型定义）`: file not found on disk
ERROR: 30_wiki/concepts/concept-一堂-相关不等于因果.md: source_refs entry `00_inbox/Handle the business/Business formula/关键假设-业务公式-逻辑关系篇-口述.txt L680-L778（NPS 与作业率共同因、"不能拿一个果去操作另外一个果"、三次提醒 AB 测试）`: file not found on disk
ERROR: 30_wiki/concepts/concept-一堂-相关不等于因果.md: source_refs entry `00_inbox/Handle the business/Business formula/关键假设-业务公式-逻辑关系篇-口述.txt L2214-L2316（相关 vs 因果定义对齐、警惕误判）`: file not found on disk
ERROR: 30_wiki/concepts/concept-一堂-相关不等于因果.md: source_refs entry `00_inbox/Handle the business/Business formula/关键假设-业务公式-逻辑关系篇-口述.txt L2324-L2402（伪因果十题与答案）`: file not found on disk
ERROR: 30_wiki/concepts/concept-一堂-相关不等于因果.md: source_refs entry `00_inbox/Handle the business/Business formula/关键假设-业务公式-逻辑关系篇-口述.txt L2470-L2608（医院因果倒置、裙子溺水、咖啡红酒、摄像头、试衣镜逐题拆解）`: file not found on disk
ERROR: 30_wiki/concepts/concept-一堂-相关不等于因果.md: source_refs entry `00_inbox/Handle the business/Business formula/关键假设-业务公式-逻辑关系篇-口述.txt L2640-L2784（APP 停留时长、好评率筛选效应、KPI 锁非因果+聪明下属反噬）`: file not found on disk
ERROR: 30_wiki/concepts/concept-一堂-相关不等于因果.md: source_refs entry `00_inbox/Handle the business/Business formula/关键假设-业务公式-逻辑关系篇-口述.txt L2788-L2914（SaaS 上门次数、社群活跃、主讲心情三个反噬案例）`: file not found on disk
ERROR: 30_wiki/concepts/concept-一堂-相关不等于因果.md: source_refs entry `00_inbox/Handle the business/Business formula/关键假设-业务公式-参数探索篇-口述.txt L3186-L3192（相关可预测不可提升，因果才可提升）`: file not found on disk
ERROR: 30_wiki/concepts/concept-一堂-魔法数字.md: source_refs entry `00_inbox/Handle the business/Business formula/关键假设-业务公式-参数探索篇-口述.txt L2830-L2940（魔法数字定义；美团 30 天 3 单：1 亿补贴困境、拐点曲线、只补 5% 订单撬动杠杆、杀熟是最科学的策略）`: file not found on disk
ERROR: 30_wiki/concepts/concept-一堂-魔法数字.md: source_refs entry `00_inbox/Handle the business/Business formula/关键假设-业务公式-参数探索篇-口述.txt L2946-L3004（FB 七天十好友；别用语文题解数学题——它是统计学问题）`: file not found on disk
ERROR: 30_wiki/concepts/concept-一堂-魔法数字.md: source_refs entry `00_inbox/Handle the business/Business formula/关键假设-业务公式-参数探索篇-口述.txt L2978-L3152（一堂三次作业率；50 学分+180 天；张磊三节课洞察；多数业务多数时间找不到）`: file not found on disk
ERROR: 30_wiki/concepts/concept-一堂-魔法数字.md: source_refs entry `00_inbox/Handle the business/Business formula/关键假设-业务公式-参数探索篇-口述.txt L3156-L3200（三维泛化：销售/留存/复购；Slack 2000 条消息；SaaS 30/60 天部署率；会销感谢环节；相关可预测不可提升、因果才可提升；藏住即壁垒）`: file not found on disk
ERROR: 30_wiki/concepts/concept-一堂-魔法数字.md: source_refs entry `00_inbox/Handle the business/Business formula/关键假设-业务公式-参数探索篇-口述.txt L3202-L3302（美团百团大战补贴效率；农机撮合一个月 5 次撮合率；时间切片要短到运营可控）`: file not found on disk
ERROR: 30_wiki/concepts/concept-一堂-魔法数字.md: source_refs entry `00_inbox/Handle the business/Business formula/_vlm_output/业务公式的参数冰山_vlm.md（母版：参数冰山 L6=魔法数字层）`: file not found on disk
ERROR: 30_wiki/concepts/concept-一堂-黑盒到白盒.md: source_refs entry `00_inbox/Handle the business/Business formula/_vlm_output/一堂DOC-20260712003303_vlm.md（图003303 碎片→体系）`: file not found on disk
ERROR: 30_wiki/concepts/concept-一堂-黑盒到白盒.md: source_refs entry `00_inbox/Handle the business/Business formula/_vlm_output/一堂DOC-20260712003311_vlm.md（图003311 黑盒→白盒）`: file not found on disk
ERROR: 30_wiki/concepts/concept-一堂-黑盒到白盒.md: source_refs entry `00_inbox/Handle the business/Business formula/_vlm_output/一堂DOC-20260712003318_vlm.md（图003318 愿望→科学）`: file not found on disk
ERROR: 30_wiki/concepts/yt-business-formula-parameter-iceberg.md: source_refs entry `00_inbox/Handle the business/Business formula/_vlm_output/业务公式的参数冰山_vlm.md（参数冰山原图）`: file not found on disk
ERROR: 30_wiki/concepts/yt-business-formula-parameter-iceberg.md: source_refs entry `00_inbox/Handle the business/Business formula/_vlm_output/一堂业务公式-参数挖掘武器库（极其重要，需要精细识别）_vlm.md（武器库原图）`: file not found on disk
ERROR: 30_wiki/concepts/yt-business-formula-six-level-logic.md: source_refs entry `00_inbox/Handle the business/Business formula/关键假设-业务公式-逻辑关系篇-口述.txt L220-L260（加法见识 vs 减法专业）`: file not found on disk
ERROR: 30_wiki/concepts/yt-business-formula-six-level-logic.md: source_refs entry `00_inbox/Handle the business/Business formula/关键假设-业务公式-逻辑关系篇-口述.txt L410-L430（作业数案例背景）`: file not found on disk
ERROR: 30_wiki/concepts/yt-business-formula-six-level-logic.md: source_refs entry `00_inbox/Handle the business/Business formula/关键假设-业务公式-逻辑关系篇-口述.txt L520-L540（加法越多执行效率越差）`: file not found on disk
ERROR: 30_wiki/concepts/yt-business-formula-six-level-logic.md: source_refs entry `00_inbox/Handle the business/Business formula/关键假设-业务公式-逻辑关系篇-口述.txt L800-L818（认知飞跃=找因果关系）`: file not found on disk
ERROR: 30_wiki/concepts/yt-business-formula-six-level-logic.md: source_refs entry `00_inbox/Handle the business/Business formula/关键假设-业务公式-逻辑关系篇-口述.txt L848-L1018（Jason L4 公式、Peter L5 定量）`: file not found on disk
ERROR: 30_wiki/concepts/yt-business-formula-six-level-logic.md: source_refs entry `00_inbox/Handle the business/Business formula/关键假设-业务公式-逻辑关系篇-口述.txt L1080-L1290（参数耦合、提醒黄金曲线、迭代速度）`: file not found on disk
ERROR: 30_wiki/concepts/yt-business-formula-six-level-logic.md: source_refs entry `00_inbox/Handle the business/Business formula/关键假设-业务公式-逻辑关系篇-口述.txt L1362-L1528（六层命名与比喻链）`: file not found on disk
ERROR: 30_wiki/concepts/yt-business-formula-six-level-logic.md: source_refs entry `00_inbox/Handle the business/Business formula/关键假设-业务公式-逻辑关系篇-口述.txt L1682-L1820（五档升级动作策略库总览）`: file not found on disk
ERROR: 30_wiki/concepts/yt-business-formula-six-level-logic.md: source_refs entry `00_inbox/Handle the business/Business formula/关键假设-业务公式-逻辑关系篇-口述.txt L2252-L2316（相关 vs 因果定义）`: file not found on disk
ERROR: 30_wiki/concepts/yt-business-formula-six-level-logic.md: source_refs entry `00_inbox/Handle the business/Business formula/关键假设-业务公式-逻辑关系篇-口述.txt L2326-L2380（伪因果十题）`: file not found on disk
ERROR: 30_wiki/concepts/yt-business-formula-six-level-logic.md: source_refs entry `00_inbox/Handle the business/Business formula/关键假设-业务公式-逻辑关系篇-口述.txt L2404-L2458（因果三件套）`: file not found on disk
ERROR: 30_wiki/concepts/yt-business-formula-six-level-logic.md: source_refs entry `00_inbox/Handle the business/Business formula/关键假设-业务公式-逻辑关系篇-口述.txt L2606-L2628（"没有因果"只是暂未找到）`: file not found on disk
ERROR: 30_wiki/concepts/yt-business-formula-six-level-logic.md: source_refs entry `00_inbox/Handle the business/Business formula/关键假设-业务公式-逻辑关系篇-口述.txt L2780-L2800（KPI 锁非因果+聪明下属）`: file not found on disk
ERROR: 30_wiki/concepts/yt-business-formula-six-level-logic.md: source_refs entry `00_inbox/Handle the business/Business formula/关键假设-业务公式-逻辑关系篇-口述.txt L3050-L3188（定量空间三维度、动态建模：开发板降价、定价抛物线）`: file not found on disk
ERROR: 30_wiki/concepts/yt-business-formula-six-level-logic.md: source_refs entry `00_inbox/Handle the business/Business formula/关键假设-业务公式-逻辑关系篇-口述.txt L3194-L3318（视频号投放 L1→L6 推演）`: file not found on disk
ERROR: 30_wiki/concepts/yt-business-formula-six-level-logic.md: source_refs entry `00_inbox/Handle the business/Business formula/关键假设-业务公式-逻辑关系篇-口述.txt L3266-L3276（认知足够可直接 L4 起跳）`: file not found on disk
ERROR: 30_wiki/concepts/yt-business-formula-six-level-logic.md: source_refs entry `00_inbox/Handle the business/Business formula/关键假设-业务公式-逻辑关系篇-口述.txt L3474-L3528（目标领先须认知领先、两冰山辩证统一）`: file not found on disk
ERROR: 30_wiki/concepts/yt-business-formula-six-level-logic.md: source_refs entry `00_inbox/Handle the business/Business formula/_vlm_output/业务公式的逻辑关系探索地图_vlm.md（母版：六层×策略库全图，含图底金句）`: file not found on disk
ERROR: 30_wiki/concepts/yt-business-formula-six-level-logic.md: source_refs entry `00_inbox/Handle the business/Business formula/_vlm_output/业务公式逻辑关系冰山图_vlm.md（冰山图母版；注：VLM 系统性误识"一堂→一堙"）`: file not found on disk
WARNING: 30_wiki/concepts/yt-business-formula-six-level-logic.md: source_refs entry `VLM 图号 004557（六层逻辑关系 L1 模糊→L6 动态）、004638（逻辑关系六层总表）、批注 004535（挖掘逻辑关系五大价值）` not found in state.json source registry or on disk
ERROR: 30_wiki/concepts/yt-business-formula-ten-paradigms.md: source_refs entry `00_inbox/Handle the business/Business formula/_vlm_output/业务公式十大经典范式_vlm.md（十大范式母版；VLM 图号 003006-003107 逐页、001855/002922 总表）`: file not found on disk
ERROR: 30_wiki/domains/business-formula-domain-digest.md: source_refs entry `00_inbox/Handle the business/Business formula/关键假设-业务公式-实操篇-口述.txt L1050-L1074（两大核心追求=理解业务规律+表达业务规律）`: file not found on disk
ERROR: 30_wiki/domains/business-formula-domain-digest.md: source_refs entry `00_inbox/Handle the business/Business formula/关键假设-业务公式-参数探索篇-口述.txt L16-L16,L3574-L3574（ABCD 四套操作系统覆盖约 90% 业务问题）`: file not found on disk
ERROR: 30_wiki/domains/business-formula-domain-digest.md: source_refs entry `00_inbox/Handle the business/Business formula/关键假设-业务公式-参数探索篇-口述.txt L880-L902（C 是全局性工作、D 是单点性工作；转化率乘法复利）`: file not found on disk
ERROR: 30_wiki/domains/business-formula-domain-digest.md: source_refs entry `00_inbox/Handle the business/Business formula/关键假设-业务公式-参数探索篇-口述.txt L3436-L3455（C 与 D 可彼此转化、螺旋上升）`: file not found on disk
ERROR: 30_wiki/domains/business-formula-domain-digest.md: source_refs entry `00_inbox/Handle the business/Business formula/关键假设-业务公式-进阶篇-口述.txt L3580-L3592（修炼顺序 D→B→C→A，反字母顺序）`: file not found on disk
ERROR: 30_wiki/domains/business-formula-domain-digest.md: source_refs entry `00_inbox/Handle the business/Business formula/关键假设-业务公式-管理篇-口述.txt L1700-L1760（ABCD 成败/效率二阶定位；效率域靠大量假设轰炸驱动）`: file not found on disk
ERROR: 30_wiki/domains/business-formula-domain-digest.md: source_refs entry `00_inbox/Handle the business/Business formula/_vlm_output/一堂DOC-20260712001240_vlm.md（图 001240：关键假设 ABCD 模型 V2.0 四象限）`: file not found on disk
ERROR: 30_wiki/domains/business-formula-domain-digest.md: source_refs entry `00_inbox/Handle the business/Business formula/_vlm_output/一堂DOC-20260712002307_vlm.md（图 002307：业务公式修炼爬山地图 L1-L6）`: file not found on disk
ERROR: 30_wiki/domains/business-formula-domain-digest.md: source_refs entry `60_feedback/diagnosis/c-domain-business-formula-2026-07-12.md（域结构诊断：六根承重柱/15 底稿卡清单/四段式建域方案/冲突裁定）`: file not found on disk
ERROR: 30_wiki/domains/business-formula-domain-digest.md: source_refs entry `70_product/tasks/task_20260712_wangyuyan-business-formula-domain-p0-skeleton.md（#155 任务单：P0 骨架 8 项交付）`: file not found on disk
ERROR: 30_wiki/frameworks/framework-一堂-业务公式拆解-总纲.md: source_refs entry `00_inbox/关键假设C-拆解业务公式/孔源-业务公式拆解-口述.txt L178-L194,L2474-L2500`: file not found on disk
ERROR: 30_wiki/frameworks/framework-一堂-业务公式拆解-总纲.md: source_refs entry `00_inbox/Handle the business/Business formula/关键假设-业务公式-实操篇-口述.txt L2-L30,L64-L172,L1050-L1074`: file not found on disk
ERROR: 30_wiki/frameworks/framework-一堂-业务公式拆解-总纲.md: source_refs entry `00_inbox/Handle the business/Business formula/关键假设-业务公式-进阶篇-口述.txt L3400-L3444,L3486-L3590`: file not found on disk
ERROR: 30_wiki/frameworks/framework-一堂-业务公式拆解-总纲.md: source_refs entry `00_inbox/Handle the business/Business formula/关键假设-业务公式-参数探索篇-口述.txt L12-L28,L46-L100,L880-L902,L3420-L3466`: file not found on disk
ERROR: 30_wiki/frameworks/framework-一堂-业务公式拆解-总纲.md: source_refs entry `00_inbox/Handle the business/Business formula/_vlm_output/一堂DOC-20260712001212_vlm.md（图 001212：Ω 模型·关键假设三板斧）`: file not found on disk
ERROR: 30_wiki/frameworks/framework-一堂-业务公式拆解-总纲.md: source_refs entry `00_inbox/Handle the business/Business formula/_vlm_output/一堂DOC-20260712001737_vlm.md（图 001737：业务公式 ABC 模型）`: file not found on disk
ERROR: 30_wiki/frameworks/framework-一堂-业务公式拆解-总纲.md: source_refs entry `00_inbox/Handle the business/Business formula/_vlm_output/一堂DOC-20260712001240_vlm.md（图 001240：关键假设 ABCD 模型 V2.0 四象限）`: file not found on disk
ERROR: 30_wiki/frameworks/framework-一堂-业务公式拆解-总纲.md: source_refs entry `00_inbox/Handle the business/Business formula/_vlm_output/一堂DOC-20260712002307_vlm.md（图 002307：业务公式修炼爬山地图 L1-L6）`: file not found on disk
ERROR: 30_wiki/frameworks/framework-一堂-业务公式拆解-总纲.md: source_refs entry `00_inbox/Handle the business/Business formula/_vlm_output/批注 2026-07-12 003139_vlm.md（批注 003139：用业务公式理解和表达规律的六大好处）`: file not found on disk
ERROR: 30_wiki/frameworks/yt-business-formula-abc-model.md: source_refs entry `00_inbox/Handle the business/Business formula/_vlm_output/一堂DOC-20260712001737_vlm.md（ABC 模型原图）`: file not found on disk
ERROR: 30_wiki/frameworks/yt-business-formula-abc-model.md: source_refs entry `00_inbox/Handle the business/Business formula/_vlm_output/一堂DOC-20260712001212_vlm.md（Ω 模型原图）`: file not found on disk
ERROR: 30_wiki/frameworks/yt-business-formula-abc-model.md: source_refs entry `00_inbox/Handle the business/Business formula/_vlm_output/一堂DOC-20260712002307_vlm.md（修炼爬山地图 L1-L6 原图）`: file not found on disk
ERROR: 30_wiki/frameworks/yt-business-formula-abc-model.md: source_refs entry `00_inbox/Handle the business/Business formula/_vlm_output/批注 2026-07-12 004410_vlm.md（ABC+Ω+降龙18掌方法论总览）`: file not found on disk
ERROR: 30_wiki/frameworks/yt-business-formula-abc-model.md: source_refs entry `10_raw/sources/src_20260613_a8bcfd38-yitang-business-formula-decomposition-oral.md（早期培训口述，二等辅助）`: file not found on disk
ERROR: 30_wiki/frameworks/yt-business-formula-abc-model.md: source_refs entry `10_raw/sources/src_20260613_6edbf0af-yitang-business-formula-decomposition-notes.md（早期培训笔记，二等辅助）`: file not found on disk
ERROR: 30_wiki/frameworks/yt-business-formula-three-stage-workflow.md: source_refs entry `00_inbox/Handle the business/Business formula/_vlm_output/一堂DOC-20260712002759_vlm.md（图 002759：三阶段工作流 A/B/C 八环节原图）`: file not found on disk
ERROR: 30_wiki/tools/yt-tool-business-formula-causality-toolkit.md: source_refs entry `00_inbox/Handle the business/Business formula/关键假设-业务公式-逻辑关系篇-口述.txt L2404-L2458（三件套定义：常识判断/逻辑推理/控制变量，顺序+正向+反向推理）`: file not found on disk
ERROR: 30_wiki/tools/yt-tool-business-formula-causality-toolkit.md: source_refs entry `00_inbox/Handle the business/Business formula/关键假设-业务公式-逻辑关系篇-口述.txt L2470-L2532（反向推理示范：关医院、禁裙子）`: file not found on disk
ERROR: 30_wiki/tools/yt-tool-business-formula-causality-toolkit.md: source_refs entry `00_inbox/Handle the business/Business formula/关键假设-业务公式-逻辑关系篇-口述.txt L2606-L2608（"没有因果"只是暂未找到）`: file not found on disk
ERROR: 30_wiki/tools/yt-tool-business-formula-causality-toolkit.md: source_refs entry `00_inbox/Handle the business/Business formula/关键假设-业务公式-逻辑关系篇-口述.txt L766-L776（ID 奇偶分组：三次提醒 vs 两次提醒）`: file not found on disk
ERROR: 30_wiki/tools/yt-tool-business-formula-causality-toolkit.md: source_refs entry `00_inbox/Handle the business/Business formula/关键假设-业务公式-逻辑关系篇-口述.txt L2916-L2928（新人首次进复盘营不留手机号 AB 实验）`: file not found on disk
ERROR: 30_wiki/tools/yt-tool-business-formula-causality-toolkit.md: source_refs entry `00_inbox/Handle the business/Business formula/关键假设-业务公式-逻辑关系篇-口述.txt L2930-L2992（大样本双盲随机实验科普：单盲→双盲→第三方独立配药，三个追求都很难但要追求）`: file not found on disk
ERROR: 30_wiki/tools/yt-tool-business-formula-format-spec.md: source_refs entry `00_inbox/Handle the business/Business formula/_vlm_output/一堂DOC-20260712002832_vlm.md（图 002832：书写格式原则 L1/L2/L3 原图）`: file not found on disk
ERROR: 30_wiki/tools/yt-tool-business-formula-format-spec.md: source_refs entry `00_inbox/Handle the business/Business formula/_vlm_output/一堂DOC-20260712002843_vlm.md（图 002843：女装店收入公式分层拆解 A1-F 编号原图）`: file not found on disk
WARNING: 30_wiki/cases/case-yitang-shipinhao-ads-l1-l6.md: OCR missing: source image `00_inbox/Handle the business/Business formula/案例1.png` has no corresponding OCR output (expected `案例1_paddle_ocr.txt` in `C:\Users\Administrator\Desktop\wiki\00_inbox\Handle the business\Business formula`)
WARNING: 30_wiki/tools/tool-一堂-业务公式-L1L6参数分层自检.md: Tool card missing ## Purpose section — what problem does this tool solve?
WARNING: 30_wiki/tools/tool-一堂-业务公式-L1L6参数分层自检.md: Tool card missing ## When NOT to Use section — what scenarios is this tool ineffective?
WARNING: 30_wiki/tools/tool-一堂-业务公式-L1L6参数分层自检.md: Tool card missing ## Critique section — internal limits + external attacker arguments
WARNING: 30_wiki/tools/yt-tool-business-formula-18-moves.md: Tool card missing ## Purpose section — what problem does this tool solve?
WARNING: 30_wiki/tools/yt-tool-business-formula-18-moves.md: Tool card missing ## Protocol/Procedure section — how to use this tool step by step?
WARNING: 30_wiki/tools/yt-tool-business-formula-18-moves.md: Tool card missing ## When NOT to Use section — what scenarios is this tool ineffective?
WARNING: 30_wiki/tools/yt-tool-business-formula-18-moves.md: Tool card missing ## Critique section — internal limits + external attacker arguments
WARNING: 30_wiki/tools/yt-tool-business-formula-causality-toolkit.md: Tool card missing ## Purpose section — what problem does this tool solve?
WARNING: 30_wiki/tools/yt-tool-business-formula-causality-toolkit.md: Tool card missing ## Protocol/Procedure section — how to use this tool step by step?
WARNING: 30_wiki/tools/yt-tool-business-formula-causality-toolkit.md: Tool card missing ## When NOT to Use section — what scenarios is this tool ineffective?
WARNING: 30_wiki/tools/yt-tool-business-formula-causality-toolkit.md: Tool card missing ## Critique section — internal limits + external attacker arguments
WARNING: 30_wiki/tools/yt-tool-business-formula-expert-interview-10.md: Tool card missing ## Purpose section — what problem does this tool solve?
WARNING: 30_wiki/tools/yt-tool-business-formula-expert-interview-10.md: Tool card missing ## Protocol/Procedure section — how to use this tool step by step?
WARNING: 30_wiki/tools/yt-tool-business-formula-expert-interview-10.md: Tool card missing ## When NOT to Use section — what scenarios is this tool ineffective?
WARNING: 30_wiki/tools/yt-tool-business-formula-expert-interview-10.md: Tool card missing ## Critique section — internal limits + external attacker arguments
WARNING: 30_wiki/tools/yt-tool-business-formula-format-spec.md: Tool card missing ## Purpose section — what problem does this tool solve?
WARNING: 30_wiki/tools/yt-tool-business-formula-format-spec.md: Tool card missing ## Protocol/Procedure section — how to use this tool step by step?
WARNING: 30_wiki/tools/yt-tool-business-formula-format-spec.md: Tool card missing ## When NOT to Use section — what scenarios is this tool ineffective?
WARNING: 30_wiki/tools/yt-tool-business-formula-format-spec.md: Tool card missing ## Critique section — internal limits + external attacker arguments
WARNING: 30_wiki/tools/yt-tool-business-formula-gongjianhui.md: Tool card missing ## Purpose section — what problem does this tool solve?
WARNING: 30_wiki/tools/yt-tool-business-formula-gongjianhui.md: Tool card missing ## Protocol/Procedure section — how to use this tool step by step?
WARNING: 30_wiki/tools/yt-tool-business-formula-gongjianhui.md: Tool card missing ## When NOT to Use section — what scenarios is this tool ineffective?
WARNING: 30_wiki/tools/yt-tool-business-formula-gongjianhui.md: Tool card missing ## Critique section — internal limits + external attacker arguments
WARNING: 30_wiki/tools/yt-tool-business-formula-hypothesis-pool.md: Tool card missing ## Purpose section — what problem does this tool solve?
WARNING: 30_wiki/tools/yt-tool-business-formula-hypothesis-pool.md: Tool card missing ## Protocol/Procedure section — how to use this tool step by step?
WARNING: 30_wiki/tools/yt-tool-business-formula-hypothesis-pool.md: Tool card missing ## When NOT to Use section — what scenarios is this tool ineffective?
WARNING: 30_wiki/tools/yt-tool-business-formula-hypothesis-pool.md: Tool card missing ## Critique section — internal limits + external attacker arguments
WARNING: 30_wiki/tools/yt-tool-business-formula-inspiration-5.md: Tool card missing ## Purpose section — what problem does this tool solve?
WARNING: 30_wiki/tools/yt-tool-business-formula-inspiration-5.md: Tool card missing ## Protocol/Procedure section — how to use this tool step by step?
WARNING: 30_wiki/tools/yt-tool-business-formula-inspiration-5.md: Tool card missing ## When NOT to Use section — what scenarios is this tool ineffective?
WARNING: 30_wiki/tools/yt-tool-business-formula-inspiration-5.md: Tool card missing ## Critique section — internal limits + external attacker arguments
WARNING: 30_wiki/tools/yt-tool-business-formula-parameter-arsenal.md: Tool card missing ## Purpose section — what problem does this tool solve?
WARNING: 30_wiki/tools/yt-tool-business-formula-parameter-arsenal.md: Tool card missing ## Protocol/Procedure section — how to use this tool step by step?
WARNING: 30_wiki/tools/yt-tool-business-formula-parameter-arsenal.md: Tool card missing ## When NOT to Use section — what scenarios is this tool ineffective?
WARNING: 30_wiki/tools/yt-tool-business-formula-parameter-arsenal.md: Tool card missing ## Critique section — internal limits + external attacker arguments
WARNING: 30_wiki/tools/yt-tool-business-formula-quant-space-3d.md: Tool card missing ## Purpose section — what problem does this tool solve?
WARNING: 30_wiki/tools/yt-tool-business-formula-quant-space-3d.md: Tool card missing ## Protocol/Procedure section — how to use this tool step by step?
WARNING: 30_wiki/tools/yt-tool-business-formula-quant-space-3d.md: Tool card missing ## When NOT to Use section — what scenarios is this tool ineffective?
WARNING: 30_wiki/tools/yt-tool-business-formula-quant-space-3d.md: Tool card missing ## Critique section — internal limits + external attacker arguments
ERROR: 30_wiki/cases/case-yitang-du-kids-education-sabc.md: Case card missing section `## 关键证据` (Before-After / 真实锚点 / 数据支撑 / 可检验)
ERROR: 30_wiki/cases/case-yitang-du-kids-education-sabc.md: Case card missing section `## 可迁移场景` (这个案例的经验可以迁移到哪些场景)
ERROR: 30_wiki/cases/case-yitang-du-kids-education-sabc.md: Case card missing section `## 教训` (什么时候应该学这个案例（正面）)
ERROR: 30_wiki/cases/case-yitang-du-kids-education-sabc.md: Case card missing section `## 失败模式` (常见的踩坑方式和避免方法（反面）)
ERROR: 30_wiki/cases/case-yitang-false-causality-collection.md: Case card missing section `## 关键证据` (Before-After / 真实锚点 / 数据支撑 / 可检验)
ERROR: 30_wiki/cases/case-yitang-false-causality-collection.md: Case card missing section `## 可迁移场景` (这个案例的经验可以迁移到哪些场景)
ERROR: 30_wiki/cases/case-yitang-false-causality-collection.md: Case card missing section `## 教训` (什么时候应该学这个案例（正面）)
ERROR: 30_wiki/cases/case-yitang-fupanying-five-years-1000-hypotheses.md: Case card missing section `## 关键证据` (Before-After / 真实锚点 / 数据支撑 / 可检验)
ERROR: 30_wiki/cases/case-yitang-fupanying-five-years-1000-hypotheses.md: Case card missing section `## 可迁移场景` (这个案例的经验可以迁移到哪些场景)
ERROR: 30_wiki/cases/case-yitang-fupanying-five-years-1000-hypotheses.md: Case card missing section `## 教训` (什么时候应该学这个案例（正面）)
ERROR: 30_wiki/cases/case-yitang-fupanying-five-years-1000-hypotheses.md: Case card missing section `## 失败模式` (常见的踩坑方式和避免方法（反面）)
ERROR: 30_wiki/cases/case-yitang-homework-six-owners.md: Case card missing section `## 关键证据` (Before-After / 真实锚点 / 数据支撑 / 可检验)
ERROR: 30_wiki/cases/case-yitang-homework-six-owners.md: Case card missing section `## 教训` (什么时候应该学这个案例（正面）)
ERROR: 30_wiki/cases/case-yitang-homework-six-owners.md: Case card missing section `## 失败模式` (常见的踩坑方式和避免方法（反面）)
ERROR: 30_wiki/cases/case-yitang-innovative-metrics-collection.md: Case card missing section `## 关键证据` (Before-After / 真实锚点 / 数据支撑 / 可检验)
ERROR: 30_wiki/cases/case-yitang-innovative-metrics-collection.md: Case card missing section `## 可迁移场景` (这个案例的经验可以迁移到哪些场景)
ERROR: 30_wiki/cases/case-yitang-innovative-metrics-collection.md: Case card missing section `## 教训` (什么时候应该学这个案例（正面）)
ERROR: 30_wiki/cases/case-yitang-innovative-metrics-collection.md: Case card missing section `## 失败模式` (常见的踩坑方式和避免方法（反面）)
ERROR: 30_wiki/cases/case-yitang-laowenqi-huixiao-10x.md: Case card missing section `## 关键证据` (Before-After / 真实锚点 / 数据支撑 / 可检验)
ERROR: 30_wiki/cases/case-yitang-laowenqi-huixiao-10x.md: Case card missing section `## 可迁移场景` (这个案例的经验可以迁移到哪些场景)
ERROR: 30_wiki/cases/case-yitang-laowenqi-huixiao-10x.md: Case card missing section `## 失败模式` (常见的踩坑方式和避免方法（反面）)
ERROR: 30_wiki/cases/case-yitang-magic-number-collection.md: Case card missing section `## 关键证据` (Before-After / 真实锚点 / 数据支撑 / 可检验)
ERROR: 30_wiki/cases/case-yitang-magic-number-collection.md: Case card missing section `## 可迁移场景` (这个案例的经验可以迁移到哪些场景)
ERROR: 30_wiki/cases/case-yitang-magic-number-collection.md: Case card missing section `## 教训` (什么时候应该学这个案例（正面）)
ERROR: 30_wiki/cases/case-yitang-marathon-ten-seasons.md: Case card missing section `## 关键证据` (Before-After / 真实锚点 / 数据支撑 / 可检验)
ERROR: 30_wiki/cases/case-yitang-marathon-ten-seasons.md: Case card missing section `## 可迁移场景` (这个案例的经验可以迁移到哪些场景)
ERROR: 30_wiki/cases/case-yitang-marathon-ten-seasons.md: Case card missing section `## 失败模式` (常见的踩坑方式和避免方法（反面）)
ERROR: 30_wiki/cases/case-yitang-panhonghai-entertainment.md: Case card missing section `## 关键证据` (Before-After / 真实锚点 / 数据支撑 / 可检验)
ERROR: 30_wiki/cases/case-yitang-panhonghai-entertainment.md: Case card missing section `## 可迁移场景` (这个案例的经验可以迁移到哪些场景)
ERROR: 30_wiki/cases/case-yitang-panhonghai-entertainment.md: Case card missing section `## 教训` (什么时候应该学这个案例（正面）)
ERROR: 30_wiki/cases/case-yitang-panhonghai-entertainment.md: Case card missing section `## 失败模式` (常见的踩坑方式和避免方法（反面）)
ERROR: 30_wiki/cases/case-yitang-shao-kaoyan-gmv.md: Case card missing section `## 关键证据` (Before-After / 真实锚点 / 数据支撑 / 可检验)
ERROR: 30_wiki/cases/case-yitang-shao-kaoyan-gmv.md: Case card missing section `## 可迁移场景` (这个案例的经验可以迁移到哪些场景)
ERROR: 30_wiki/cases/case-yitang-shao-kaoyan-gmv.md: Case card missing section `## 教训` (什么时候应该学这个案例（正面）)
ERROR: 30_wiki/cases/case-yitang-shao-kaoyan-gmv.md: Case card missing section `## 失败模式` (常见的踩坑方式和避免方法（反面）)
ERROR: 30_wiki/cases/case-yitang-shipinhao-ads-l1-l6.md: Case card missing section `## 关键证据` (Before-After / 真实锚点 / 数据支撑 / 可检验)
ERROR: 30_wiki/cases/case-yitang-shipinhao-ads-l1-l6.md: Case card missing section `## 教训` (什么时候应该学这个案例（正面）)
ERROR: 30_wiki/cases/case-yitang-shipinhao-ads-l1-l6.md: Case card missing section `## 失败模式` (常见的踩坑方式和避免方法（反面）)
ERROR: 30_wiki/cases/case-yitang-three-industry-formula-demos.md: Case card missing section `## 关键证据` (Before-After / 真实锚点 / 数据支撑 / 可检验)
ERROR: 30_wiki/cases/case-yitang-three-industry-formula-demos.md: Case card missing section `## 可迁移场景` (这个案例的经验可以迁移到哪些场景)
ERROR: 30_wiki/cases/case-yitang-three-industry-formula-demos.md: Case card missing section `## 教训` (什么时候应该学这个案例（正面）)
ERROR: 30_wiki/cases/case-yitang-three-industry-formula-demos.md: Case card missing section `## 失败模式` (常见的踩坑方式和避免方法（反面）)
ERROR: 30_wiki/cases/case-yitang-vicky-short-video.md: Case card missing section `## 关键证据` (Before-After / 真实锚点 / 数据支撑 / 可检验)
ERROR: 30_wiki/cases/case-yitang-vicky-short-video.md: Case card missing section `## 可迁移场景` (这个案例的经验可以迁移到哪些场景)
ERROR: 30_wiki/cases/case-yitang-vicky-short-video.md: Case card missing section `## 失败模式` (常见的踩坑方式和避免方法（反面）)
ERROR: 30_wiki/cases/case-yitang-wang-mcn-funnel.md: Case card missing section `## 关键证据` (Before-After / 真实锚点 / 数据支撑 / 可检验)
ERROR: 30_wiki/cases/case-yitang-wang-mcn-funnel.md: Case card missing section `## 可迁移场景` (这个案例的经验可以迁移到哪些场景)
ERROR: 30_wiki/cases/case-yitang-wang-mcn-funnel.md: Case card missing section `## 教训` (什么时候应该学这个案例（正面）)
ERROR: 30_wiki/cases/case-yitang-wang-mcn-funnel.md: Case card missing section `## 失败模式` (常见的踩坑方式和避免方法（反面）)
ERROR: 30_wiki/cases/case-yitang-wenxiaozhang-driving-school.md: Case card missing section `## 关键证据` (Before-After / 真实锚点 / 数据支撑 / 可检验)
ERROR: 30_wiki/cases/case-yitang-wenxiaozhang-driving-school.md: Case card missing section `## 可迁移场景` (这个案例的经验可以迁移到哪些场景)
ERROR: 30_wiki/cases/case-yitang-wenxiaozhang-driving-school.md: Case card missing section `## 失败模式` (常见的踩坑方式和避免方法（反面）)
ERROR: 30_wiki/cases/case-yitang-woqingke-referral-15-to-40.md: Case card missing section `## 关键证据` (Before-After / 真实锚点 / 数据支撑 / 可检验)
ERROR: 30_wiki/cases/case-yitang-woqingke-referral-15-to-40.md: Case card missing section `## 可迁移场景` (这个案例的经验可以迁移到哪些场景)
ERROR: 30_wiki/cases/case-yitang-woqingke-referral-15-to-40.md: Case card missing section `## 教训` (什么时候应该学这个案例（正面）)
ERROR: 30_wiki/cases/case-yitang-woqingke-referral-15-to-40.md: Case card missing section `## 失败模式` (常见的踩坑方式和避免方法（反面）)
ERROR: 30_wiki/cases/case-yitang-xingangwan-chess-room.md: Case card missing section `## 关键证据` (Before-After / 真实锚点 / 数据支撑 / 可检验)
ERROR: 30_wiki/cases/case-yitang-xingangwan-chess-room.md: Case card missing section `## 可迁移场景` (这个案例的经验可以迁移到哪些场景)
ERROR: 30_wiki/cases/case-yitang-xingangwan-chess-room.md: Case card missing section `## 失败模式` (常见的踩坑方式和避免方法（反面）)
ERROR: 30_wiki/cases/case-yitang-zhanglei-comic-booth.md: Case card missing section `## 关键证据` (Before-After / 真实锚点 / 数据支撑 / 可检验)
ERROR: 30_wiki/cases/case-yitang-zhanglei-comic-booth.md: Case card missing section `## 可迁移场景` (这个案例的经验可以迁移到哪些场景)
ERROR: 30_wiki/cases/case-yitang-zhanglei-comic-booth.md: Case card missing section `## 教训` (什么时候应该学这个案例（正面）)
ERROR: 30_wiki/cases/case-yitang-zhanglei-comic-booth.md: Case card missing section `## 失败模式` (常见的踩坑方式和避免方法（反面）)
ERROR: 30_wiki/cases/case-yitang-zhanglei-gacha-points.md: Case card missing section `## 关键证据` (Before-After / 真实锚点 / 数据支撑 / 可检验)
ERROR: 30_wiki/cases/case-yitang-zhanglei-gacha-points.md: Case card missing section `## 可迁移场景` (这个案例的经验可以迁移到哪些场景)
ERROR: 30_wiki/cases/case-yitang-zhanglei-gacha-points.md: Case card missing section `## 教训` (什么时候应该学这个案例（正面）)
ERROR: 30_wiki/cases/case-yitang-zhanglei-gacha-points.md: Case card missing section `## 失败模式` (常见的踩坑方式和避免方法（反面）)
WARNING: 30_wiki/cases/case-yitang-fupanying-five-years-1000-hypotheses.md: source_refs possible typo: `00_inbox/Handle the business/Business formula/关键假设-业务公式-进阶篇-口述.txt L314-L404` not found — did you mean `00_inbox/Handle the business/Business formula/关键假设-业务公式-进阶篇-口述.txt`? (similarity 80%)
WARNING: 30_wiki/cases/case-yitang-fupanying-five-years-1000-hypotheses.md: source_refs possible typo: `00_inbox/Handle the business/Business formula/关键假设-业务公式-进阶篇-口述.txt L414-L530` not found — did you mean `00_inbox/Handle the business/Business formula/关键假设-业务公式-进阶篇-口述.txt`? (similarity 80%)
WARNING: 30_wiki/cases/case-yitang-fupanying-five-years-1000-hypotheses.md: source_refs possible typo: `00_inbox/Handle the business/Business formula/关键假设-业务公式-进阶篇-口述.txt L542-L612` not found — did you mean `00_inbox/Handle the business/Business formula/关键假设-业务公式-进阶篇-口述.txt`? (similarity 80%)
WARNING: 30_wiki/cases/case-yitang-fupanying-five-years-1000-hypotheses.md: source_refs possible typo: `00_inbox/Handle the business/Business formula/关键假设-业务公式-进阶篇-口述.txt L618-L764` not found — did you mean `00_inbox/Handle the business/Business formula/关键假设-业务公式-进阶篇-口述.txt`? (similarity 80%)
WARNING: 30_wiki/cases/case-yitang-fupanying-five-years-1000-hypotheses.md: source_refs possible typo: `00_inbox/Handle the business/Business formula/关键假设-业务公式-参数探索篇-口述.txt L432-L632` not found — did you mean `00_inbox/Handle the business/Business formula/关键假设-业务公式-参数探索篇-口述.txt`? (similarity 81%)
WARNING: 30_wiki/cases/case-yitang-fupanying-five-years-1000-hypotheses.md: source_refs possible typo: `00_inbox/Handle the business/Business formula/_vlm_output/批注 2026-07-12 001416_vlm.md（图 001416）` not found — did you mean `00_inbox/Handle the business/Business formula/_vlm_output/批注 2026-07-12 001416_vlm.md`? (similarity 84%)
WARNING: 30_wiki/cases/case-yitang-fupanying-five-years-1000-hypotheses.md: source_refs possible typo: `00_inbox/Handle the business/Business formula/_vlm_output/批注 2026-07-12 001533_vlm.md（图 001533）` not found — did you mean `00_inbox/Handle the business/Business formula/_vlm_output/批注 2026-07-12 001533_vlm.md`? (similarity 84%)
WARNING: 30_wiki/cases/case-yitang-fupanying-five-years-1000-hypotheses.md: source_refs possible typo: `00_inbox/Handle the business/Business formula/_vlm_output/批注 2026-07-12 001550_vlm.md（图 001550）` not found — did you mean `00_inbox/Handle the business/Business formula/_vlm_output/批注 2026-07-12 001550_vlm.md`? (similarity 84%)
WARNING: 30_wiki/cases/case-yitang-fupanying-five-years-1000-hypotheses.md: source_refs possible typo: `00_inbox/Handle the business/Business formula/_vlm_output/批注 2026-07-12 001619_vlm.md（图 001619）` not found — did you mean `00_inbox/Handle the business/Business formula/_vlm_output/批注 2026-07-12 001619_vlm.md`? (similarity 84%)
WARNING: 30_wiki/cases/case-yitang-fupanying-five-years-1000-hypotheses.md: source_refs possible typo: `00_inbox/Handle the business/Business formula/_vlm_output/批注 2026-07-12 001640_vlm.md（图 001640）` not found — did you mean `00_inbox/Handle the business/Business formula/_vlm_output/批注 2026-07-12 001640_vlm.md`? (similarity 84%)
WARNING: 30_wiki/cases/case-yitang-fupanying-five-years-1000-hypotheses.md: source_refs possible typo: `00_inbox/Handle the business/Business formula/_vlm_output/一堂DOC-20260712001559_vlm.md（图 001559）` not found — did you mean `00_inbox/Handle the business/Business formula/_vlm_output/一堂DOC-20260712001559_vlm.md`? (similarity 84%)
WARNING: 30_wiki/cases/case-yitang-homework-six-owners.md: source_refs possible typo: `00_inbox/Handle the business/Business formula/关键假设-业务公式-逻辑关系篇-口述.txt L410-L436` not found — did you mean `00_inbox/Handle the business/Business formula/关键假设-业务公式-逻辑关系篇-口述.txt`? (similarity 81%)
WARNING: 30_wiki/cases/case-yitang-homework-six-owners.md: source_refs possible typo: `00_inbox/Handle the business/Business formula/关键假设-业务公式-逻辑关系篇-口述.txt L438-L594` not found — did you mean `00_inbox/Handle the business/Business formula/关键假设-业务公式-逻辑关系篇-口述.txt`? (similarity 81%)
WARNING: 30_wiki/cases/case-yitang-homework-six-owners.md: source_refs possible typo: `00_inbox/Handle the business/Business formula/关键假设-业务公式-逻辑关系篇-口述.txt L596-L670` not found — did you mean `00_inbox/Handle the business/Business formula/关键假设-业务公式-逻辑关系篇-口述.txt`? (similarity 81%)
WARNING: 30_wiki/cases/case-yitang-homework-six-owners.md: source_refs possible typo: `00_inbox/Handle the business/Business formula/关键假设-业务公式-逻辑关系篇-口述.txt L672-L836` not found — did you mean `00_inbox/Handle the business/Business formula/关键假设-业务公式-逻辑关系篇-口述.txt`? (similarity 81%)
WARNING: 30_wiki/cases/case-yitang-homework-six-owners.md: source_refs possible typo: `00_inbox/Handle the business/Business formula/关键假设-业务公式-逻辑关系篇-口述.txt L838-L968` not found — did you mean `00_inbox/Handle the business/Business formula/关键假设-业务公式-逻辑关系篇-口述.txt`? (similarity 81%)
WARNING: 30_wiki/cases/case-yitang-laowenqi-huixiao-10x.md: source_refs possible typo: `00_inbox/Handle the business/Business formula/关键假设-业务公式-实操篇-口述.txt L782-L816` not found — did you mean `00_inbox/Handle the business/Business formula/关键假设-业务公式-实操篇-口述.txt`? (similarity 80%)
WARNING: 30_wiki/cases/case-yitang-laowenqi-huixiao-10x.md: source_refs possible typo: `00_inbox/Handle the business/Business formula/关键假设-业务公式-实操篇-口述.txt L820-L870` not found — did you mean `00_inbox/Handle the business/Business formula/关键假设-业务公式-实操篇-口述.txt`? (similarity 80%)
WARNING: 30_wiki/cases/case-yitang-laowenqi-huixiao-10x.md: source_refs possible typo: `00_inbox/Handle the business/Business formula/关键假设-业务公式-实操篇-口述.txt L872-L916` not found — did you mean `00_inbox/Handle the business/Business formula/关键假设-业务公式-实操篇-口述.txt`? (similarity 80%)
WARNING: 30_wiki/cases/case-yitang-laowenqi-huixiao-10x.md: source_refs possible typo: `00_inbox/Handle the business/Business formula/关键假设-业务公式-实操篇-口述.txt L918-L986` not found — did you mean `00_inbox/Handle the business/Business formula/关键假设-业务公式-实操篇-口述.txt`? (similarity 80%)
WARNING: 30_wiki/cases/case-yitang-woqingke-referral-15-to-40.md: source_refs possible typo: `00_inbox/Handle the business/Business formula/关键假设-业务公式-实操篇-口述.txt L318-L568` not found — did you mean `00_inbox/Handle the business/Business formula/关键假设-业务公式-实操篇-口述.txt`? (similarity 80%)
WARNING: 30_wiki/concepts/concept-一堂-三类目标策略.md: source_refs possible typo: `00_inbox/Handle the business/Business formula/关键假设-业务公式-管理篇-口述.txt L294-L298` not found — did you mean `00_inbox/Handle the business/Business formula/关键假设-业务公式-管理篇-口述.txt`? (similarity 80%)
WARNING: 30_wiki/concepts/concept-一堂-关键路径与乘法杠杆.md: source_refs possible typo: `00_inbox/Handle the business/Business formula/关键假设-业务公式-逻辑关系篇-口述.txt L900-L966` not found — did you mean `00_inbox/Handle the business/Business formula/关键假设-业务公式-逻辑关系篇-口述.txt`? (similarity 81%)
WARNING: 30_wiki/concepts/concept-一堂-参数即假设与递归嵌套.md: source_refs possible typo: `00_inbox/Handle the business/Business formula/关键假设-业务公式-参数探索篇-口述.txt L592-L630` not found — did you mean `00_inbox/Handle the business/Business formula/关键假设-业务公式-参数探索篇-口述.txt`? (similarity 81%)
WARNING: 30_wiki/concepts/concept-一堂-参数即假设与递归嵌套.md: source_refs possible typo: `00_inbox/Handle the business/Business formula/关键假设-业务公式-参数探索篇-口述.txt L704-L718` not found — did you mean `00_inbox/Handle the business/Business formula/关键假设-业务公式-参数探索篇-口述.txt`? (similarity 81%)
WARNING: 30_wiki/concepts/yt-business-formula-parameter-iceberg.md: source_refs possible typo: `00_inbox/Handle the business/Business formula/_vlm_output/业务公式的参数冰山_vlm.md（参数冰山原图）` not found — did you mean `00_inbox/Handle the business/Business formula/_vlm_output/业务公式的参数冰山_vlm.md`? (similarity 80%)
WARNING: 30_wiki/concepts/yt-business-formula-parameter-iceberg.md: source_refs possible typo: `00_inbox/Handle the business/Business formula/_vlm_output/一堂业务公式-参数挖掘武器库（极其重要，需要精细识别）_vlm.md（武器库原图）` not found — did you mean `00_inbox/Handle the business/Business formula/_vlm_output/一堂业务公式-参数挖掘武器库（极其重要，需要精细识别）_vlm.md`? (similarity 91%)
WARNING: 30_wiki/concepts/yt-business-formula-ten-paradigms.md: source_refs possible typo: `00_inbox/Handle the business/Business formula/关键假设-业务公式-实操篇-口述.txt L320-L568` not found — did you mean `00_inbox/Handle the business/Business formula/关键假设-业务公式-实操篇-口述.txt`? (similarity 80%)
WARNING: 30_wiki/concepts/yt-business-formula-ten-paradigms.md: source_refs possible typo: `00_inbox/Handle the business/Business formula/关键假设-业务公式-参数探索篇-口述.txt L654-L764` not found — did you mean `00_inbox/Handle the business/Business formula/关键假设-业务公式-参数探索篇-口述.txt`? (similarity 81%)
WARNING: 30_wiki/domains/business-formula-domain-digest.md: source_refs possible typo: `70_product/tasks/task_20260712_wangyuyan-business-formula-domain-p0-skeleton.md（#155 任务单：P0 骨架 8 项交付）` not found — did you mean `70_product/tasks/task_20260712_wangyuyan-business-formula-domain-p0-skeleton.md`? (similarity 85%)
WARNING: 30_wiki/frameworks/framework-一堂-业务公式拆解-总纲.md: source_refs possible typo: `00_inbox/关键假设C-拆解业务公式/孔源-业务公式拆解-笔记.txt L15-L86` not found — did you mean `00_inbox/关键假设C-拆解业务公式/孔源-业务公式拆解-笔记.txt`? (similarity 80%)
WARNING: 30_wiki/frameworks/framework-一堂-业务公式拆解-总纲.md: source_refs possible typo: `00_inbox/Handle the business/Business formula/关键假设-业务公式-逻辑关系篇-口述.txt L2-L36` not found — did you mean `00_inbox/Handle the business/Business formula/关键假设-业务公式-逻辑关系篇-口述.txt`? (similarity 86%)
WARNING: 30_wiki/frameworks/framework-一堂-业务公式拆解-总纲.md: source_refs possible typo: `00_inbox/Handle the business/Business formula/关键假设-业务公式-管理篇-口述.txt L12-L40` not found — did you mean `00_inbox/Handle the business/Business formula/关键假设-业务公式-管理篇-口述.txt`? (similarity 83%)
WARNING: 30_wiki/frameworks/yt-business-formula-abc-model.md: source_refs possible typo: `00_inbox/Handle the business/Business formula/关键假设-业务公式-进阶篇-口述.txt L164-L184` not found — did you mean `00_inbox/Handle the business/Business formula/关键假设-业务公式-进阶篇-口述.txt`? (similarity 80%)
WARNING: 30_wiki/frameworks/yt-business-formula-abc-model.md: source_refs possible typo: `00_inbox/Handle the business/Business formula/关键假设-业务公式-进阶篇-口述.txt L42-L58` not found — did you mean `00_inbox/Handle the business/Business formula/关键假设-业务公式-进阶篇-口述.txt`? (similarity 83%)
WARNING: 30_wiki/frameworks/yt-business-formula-abc-model.md: source_refs possible typo: `00_inbox/Handle the business/Business formula/_vlm_output/一堂DOC-20260712001737_vlm.md（ABC 模型原图）` not found — did you mean `00_inbox/Handle the business/Business formula/_vlm_output/一堂DOC-20260712001737_vlm.md`? (similarity 84%)
WARNING: 30_wiki/frameworks/yt-business-formula-abc-model.md: source_refs possible typo: `00_inbox/Handle the business/Business formula/_vlm_output/一堂DOC-20260712001212_vlm.md（Ω 模型原图）` not found — did you mean `00_inbox/Handle the business/Business formula/_vlm_output/一堂DOC-20260712001212_vlm.md`? (similarity 87%)
WARNING: 30_wiki/frameworks/yt-business-formula-abc-model.md: source_refs possible typo: `10_raw/sources/src_20260613_a8bcfd38-yitang-business-formula-decomposition-oral.md（早期培训口述，二等辅助）` not found — did you mean `10_raw/sources/src_20260613_a8bcfd38-yitang-business-formula-decomposition-oral.md`? (similarity 91%)
WARNING: 30_wiki/frameworks/yt-business-formula-abc-model.md: source_refs possible typo: `10_raw/sources/src_20260613_6edbf0af-yitang-business-formula-decomposition-notes.md（早期培训笔记，二等辅助）` not found — did you mean `10_raw/sources/src_20260613_6edbf0af-yitang-business-formula-decomposition-notes.md`? (similarity 91%)
WARNING: 30_wiki/frameworks/yt-business-formula-hypothesis-management-playbook.md: source_refs possible typo: `00_inbox/Handle the business/Business formula/关键假设-业务公式-管理篇-口述.txt L659-L766` not found — did you mean `00_inbox/Handle the business/Business formula/关键假设-业务公式-管理篇-口述.txt`? (similarity 80%)
WARNING: 30_wiki/frameworks/yt-business-formula-three-stage-workflow.md: source_refs possible typo: `00_inbox/Handle the business/Business formula/关键假设-业务公式-实操篇-口述.txt L400-L432` not found — did you mean `00_inbox/Handle the business/Business formula/关键假设-业务公式-实操篇-口述.txt`? (similarity 80%)
WARNING: 30_wiki/tools/tool-一堂-业务公式-L1L6参数分层自检.md: source_refs possible typo: `00_inbox/关键假设C-拆解业务公式/孔源-业务公式拆解-笔记.txt L31-L71` not found — did you mean `00_inbox/关键假设C-拆解业务公式/孔源-业务公式拆解-笔记.txt`? (similarity 80%)
WARNING: 30_wiki/tools/yt-tool-business-formula-gongjianhui.md: source_refs possible typo: `00_inbox/Handle the business/Business formula/关键假设-业务公式-管理篇-口述.txt L340-L368` not found — did you mean `00_inbox/Handle the business/Business formula/关键假设-业务公式-管理篇-口述.txt`? (similarity 80%)
WARNING: 30_wiki/tools/yt-tool-business-formula-gongjianhui.md: source_refs possible typo: `00_inbox/Handle the business/Business formula/关键假设-业务公式-管理篇-口述.txt L410-L414` not found — did you mean `00_inbox/Handle the business/Business formula/关键假设-业务公式-管理篇-口述.txt`? (similarity 80%)
WARNING: 30_wiki/tools/yt-tool-business-formula-hypothesis-pool.md: source_refs possible typo: `00_inbox/Handle the business/Business formula/关键假设-业务公式-管理篇-口述.txt L776-L880` not found — did you mean `00_inbox/Handle the business/Business formula/关键假设-业务公式-管理篇-口述.txt`? (similarity 80%)

Summary: 220 new error(s), 87 new warning(s) (1906 accepted).
