Component: ARM Compiler 5.05 update 2 (build 169) Tool: armlink [4d0f33]

==============================================================================

Section Cross References

    main.o(.text) refers to system.o(.text) for System_Init
    system_stm32f10x.o(.text) refers to system_stm32f10x.o(.data) for SystemCoreClock
    startup_stm32f10x_hd.o(STACK) refers (Special) to heapauxi.o(.text) for __use_two_region_memory
    startup_stm32f10x_hd.o(HEAP) refers (Special) to heapauxi.o(.text) for __use_two_region_memory
    startup_stm32f10x_hd.o(RESET) refers (Special) to heapauxi.o(.text) for __use_two_region_memory
    startup_stm32f10x_hd.o(RESET) refers to startup_stm32f10x_hd.o(STACK) for __initial_sp
    startup_stm32f10x_hd.o(RESET) refers to startup_stm32f10x_hd.o(.text) for Reset_Handler
    startup_stm32f10x_hd.o(RESET) refers to stm32f10x_it.o(.text) for NMI_Handler
    startup_stm32f10x_hd.o(RESET) refers to task_manage.o(.text) for SysTick_Handler
    startup_stm32f10x_hd.o(RESET) refers to rtc.o(.text) for RTC_IRQHandler
    startup_stm32f10x_hd.o(RESET) refers to usart.o(.text) for DMA1_Channel2_IRQHandler
    startup_stm32f10x_hd.o(RESET) refers to timer.o(.text) for TIM6_IRQHandler
    startup_stm32f10x_hd.o(.text) refers (Special) to heapauxi.o(.text) for __use_two_region_memory
    startup_stm32f10x_hd.o(.text) refers to system_stm32f10x.o(.text) for SystemInit
    startup_stm32f10x_hd.o(.text) refers to __main.o(!!!main) for __main
    startup_stm32f10x_hd.o(.text) refers to startup_stm32f10x_hd.o(HEAP) for Heap_Mem
    startup_stm32f10x_hd.o(.text) refers to startup_stm32f10x_hd.o(STACK) for Stack_Mem
    stm32f10x_bkp.o(.text) refers to stm32f10x_rcc.o(.text) for RCC_BackupResetCmd
    stm32f10x_gpio.o(.text) refers to stm32f10x_rcc.o(.text) for RCC_APB2PeriphResetCmd
    stm32f10x_pwr.o(.text) refers to stm32f10x_rcc.o(.text) for RCC_APB1PeriphResetCmd
    stm32f10x_rcc.o(.text) refers to stm32f10x_rcc.o(.data) for APBAHBPrescTable
    stm32f10x_tim.o(.text) refers to stm32f10x_rcc.o(.text) for RCC_APB2PeriphResetCmd
    stm32f10x_usart.o(.text) refers to stm32f10x_rcc.o(.text) for RCC_APB2PeriphResetCmd
    stm32f10x_adc.o(.text) refers to stm32f10x_rcc.o(.text) for RCC_APB2PeriphResetCmd
    sys.o(.text) refers to misc.o(.text) for NVIC_PriorityGroupConfig
    timer.o(.text) refers to stm32f10x_rcc.o(.text) for RCC_APB1PeriphClockCmd
    timer.o(.text) refers to stm32f10x_tim.o(.text) for TIM_TimeBaseInit
    timer.o(.text) refers to misc.o(.text) for NVIC_Init
    timer.o(.text) refers to timer.o(.data) for Timer3_CallBack
    task_manage.o(.text) refers to misc.o(.text) for SysTick_CLKSourceConfig
    task_manage.o(.text) refers to basic_gate_motor.o(.text) for BasicGateMotor_TIM_Task
    task_manage.o(.text) refers to task_manage.o(.bss) for SystemTask
    system.o(.text) refers to task_manage.o(.text) for TaskManage_ClockInit
    system.o(.text) refers to elc_lock.o(.text) for ElcLock_GpioInit
    system.o(.text) refers to basic_gate_motor.o(.text) for BasicGateMotor_Init
    system.o(.text) refers to led.o(.text) for LED_Init
    system.o(.text) refers to miscs.o(.text) for Miscs_Init
    system.o(.text) refers to sensor.o(.text) for Sensor_Init
    system.o(.text) refers to motor_drive.o(.text) for MotorDrive_Init
    system.o(.text) refers to cryogen_drive.o(.text) for CryogenDrive_Init
    system.o(.text) refers to tempcontrol.o(.text) for TempControl_Init
    system.o(.text) refers to sys_config.o(.text) for SysConfig_Init
    system.o(.text) refers to sell_history.o(.text) for SellHistory_Init
    system.o(.text) refers to sell_app.o(.text) for SellApp_Init
    system.o(.text) refers to dgus_app.o(.text) for DgusApp_Init
    system.o(.text) refers to cloud_protocol.o(.text) for CloudProtocol_Init
    system.o(.text) refers to rtc.o(.text) for RTC_Init
    system.o(.text) refers to mqtt_config.o(.text) for MQTT_Config_Init
    system.o(.text) refers to watchdog.o(.text) for WatchDog_Init
    system.o(.text) refers to mqtt_qos1.o(.text) for MQTT_QOS1_Task
    system.o(.text) refers to mqtt_connect.o(.text) for MQTT_Connect_Task
    system.o(.text) refers to wireless_module_init.o(.text) for WirelessModule_ResetTask
    system.o(.text) refers to networkmodule_1.o(.text) for NetworkModule_InitTask
    system.o(.text) refers to motor_test.o(.text) for MotorTest_Task
    sys_malloc.o(.text) refers to sys.o(.text) for INTX_DISABLE
    sys_malloc.o(.text) refers to sys_malloc.o(.data) for sys_mallco_dev
    sys_malloc.o(.data) refers to sys_malloc.o(.text) for SysMem_init
    sys_malloc.o(.data) refers to sys_malloc.o(.bss) for sysmem_base
    iap.o(.text) refers to stmflash.o(.text) for STMFLASH_Write
    iap.o(.text) refers to sys.o(.emb_text) for MSR_MSP
    iap.o(.text) refers to md5.o(.text) for MD5Init
    iap.o(.text) refers to iap.o(.bss) for iapbuf
    iap.o(.text) refers to iap.o(.data) for jump2app
[...]
    TimeStamp_UpData                         0x08012aaf   Thumb Code    28  time_stamp.o(.text)
    TimeStamp_Subtract                       0x08012acb   Thumb Code   168  time_stamp.o(.text)
    TimeStamp_Compare                        0x08012b73   Thumb Code    84  time_stamp.o(.text)
    TimeStamp_Check                          0x08012bc7   Thumb Code   122  time_stamp.o(.text)
    TimeStamp_CheckRtcReset                  0x08012c41   Thumb Code    28  time_stamp.o(.text)
    FwUpdata_Send_Data                       0x08012c61   Thumb Code     4  mqtt_ota_if.o(.text)
    FwUpdata_Recive_Data_Parsing             0x08012c65   Thumb Code     2  mqtt_ota_if.o(.text)
    DgusRecive_Set_ShowHistoryNext_Callback  0x08012c69   Thumb Code     6  dgus_recive.o(.text)
    DgusRecive_Set_ShowHistoryLast_Callback  0x08012c6f   Thumb Code     6  dgus_recive.o(.text)
    DgusRecive_Set_ShowHistoryStart_Callback 0x08012c75   Thumb Code     6  dgus_recive.o(.text)
    DgusRecive_Set_OpenLock_Callback         0x08012c7b   Thumb Code     6  dgus_recive.o(.text)
    DgusRecive_Set_TcpIpFix_Callback         0x08012c81   Thumb Code     6  dgus_recive.o(.text)
    DgusRecive_Set_TcpPortFix_Callback       0x08012c87   Thumb Code     6  dgus_recive.o(.text)
    DgusRecive_Set_TcpFixOk_Callback         0x08012c8d   Thumb Code     6  dgus_recive.o(.text)
    DgusRecive_Set_WifiSsidFix_Callback      0x08012c93   Thumb Code     6  dgus_recive.o(.text)
    DgusRecive_Set_WifiPwdFix_Callback       0x08012c99   Thumb Code     6  dgus_recive.o(.text)
    DgusRecive_Set_WifiFixOk_Callback        0x08012c9f   Thumb Code     6  dgus_recive.o(.text)
    DgusRecive_Set_DeviceIdFix_Callback      0x08012ca5   Thumb Code     6  dgus_recive.o(.text)
    DgusRecive_Set_DeviceIdFixOk_Callback    0x08012cab   Thumb Code     6  dgus_recive.o(.text)
    DgusRecive_Set_DeviceManageFixIdCallback 0x08012cb1   Thumb Code     6  dgus_recive.o(.text)
    DgusRecive_Set_DeviceManageFixPwdCallback 0x08012cb7   Thumb Code     6  dgus_recive.o(.text)
    DgusRecive_Set_DeviceManageFixCallback   0x08012cbd   Thumb Code     6  dgus_recive.o(.text)
    DgusRecive_Set_DeviceManageIdCallback    0x08012cc3   Thumb Code     6  dgus_recive.o(.text)
    DgusRecive_Set_DeviceManagePwdCallback   0x08012cc9   Thumb Code     6  dgus_recive.o(.text)
    DgusRecive_Set_DeviceManageLoginCallback 0x08012ccf   Thumb Code     6  dgus_recive.o(.text)
    DgusRecive_Get_82Ack                     0x08012cd5   Thumb Code     6  dgus_recive.o(.text)
    DgusRecive_Reset_82Ack                   0x08012cdb   Thumb Code     8  dgus_recive.o(.text)
    DgusRecive_Set_82Ack                     0x08012ce3   Thumb Code    12  dgus_recive.o(.text)
    DgusRecive_Get_83Ack                     0x08012cef   Thumb Code     6  dgus_recive.o(.text)
    DgusRecive_Reset_83Ack                   0x08012cf5   Thumb Code     8  dgus_recive.o(.text)
    DgusRecive_Set_83Ack                     0x08012cfd   Thumb Code    12  dgus_recive.o(.text)
    Dgus_ReciveFrame_Task                    0x08012d09   Thumb Code   604  dgus_recive.o(.text)
    Dgus_ReciveByte_Task                     0x08012f65   Thumb Code   448  dgus_recive.o(.text)
    Dgus_Recive_Init                         0x08013125   Thumb Code    20  dgus_recive.o(.text)
    Dgus_83ReadCmd_Send                      0x0801321f   Thumb Code    28  dgus_send.o(.text)
    Dgus_82WriteCmd_Send                     0x0801323b   Thumb Code    28  dgus_send.o(.text)
    CRC16                                    0x08013261   Thumb Code    48  dgus_crc16.o(.text)
    CRC16_Toggle                             0x08013291   Thumb Code    32  dgus_crc16.o(.text)
    DgusApp_Recive_ShowHistoryStart          0x080132b9   Thumb Code    12  dgus_app.o(.text)
    DgusApp_Recive_ShowHistoryNext           0x080132c5   Thumb Code    46  dgus_app.o(.text)
    DgusApp_Recive_ShowHistoryLast           0x080132f3   Thumb Code    24  dgus_app.o(.text)
    DgusApp_ShowHistroyManage_Task           0x0801330b   Thumb Code     2  dgus_app.o(.text)
    DgusApp_Recive_OpenLock                  0x0801330d   Thumb Code    12  dgus_app.o(.text)
    DgusApp_Recive_TcpIpFix                  0x08013319   Thumb Code    58  dgus_app.o(.text)
    DgusApp_Recive_TcpPortFix                0x08013353   Thumb Code    62  dgus_app.o(.text)
    DgusApp_Recive_TcpFixOk                  0x08013391   Thumb Code    14  dgus_app.o(.text)
    DgusApp_Recive_WifiSsidFix               0x0801339f   Thumb Code    60  dgus_app.o(.text)
    DgusApp_Recive_WifiPwdFix                0x080133db   Thumb Code    62  dgus_app.o(.text)
    DgusApp_Recive_WifiFixOk                 0x08013419   Thumb Code    14  dgus_app.o(.text)
    DgusApp_Recive_DeviceIdFix               0x08013427   Thumb Code    36  dgus_app.o(.text)
    DgusApp_Recive_DeviceIdFixOk             0x0801344b   Thumb Code    26  dgus_app.o(.text)
    DgusApp_Recive_DeviceManageFixId         0x08013465   Thumb Code    74  dgus_app.o(.text)
    DgusApp_Recive_DeviceManageFixPwd        0x080134af   Thumb Code    74  dgus_app.o(.text)
    DgusApp_Recive_DeviceManageFix           0x080134f9   Thumb Code    92  dgus_app.o(.text)
    DgusApp_Recive_DeviceManageId            0x08013555   Thumb Code    74  dgus_app.o(.text)
    DgusApp_Recive_DeviceManagePwd           0x0801359f   Thumb Code    74  dgus_app.o(.text)
    DgusApp_Recive_DeviceManageLogin         0x080135e9   Thumb Code    24  dgus_app.o(.text)
    DgusApp_Login_Task                       0x08013601   Thumb Code   624  dgus_app.o(.text)
    DgusApp_Set_Time                         0x08013871   Thumb Code    48  dgus_app.o(.text)
    DgusApp_UpTime_Task                      0x080138a1   Thumb Code   198  dgus_app.o(.text)
    DgusApp_Set_Temp2                        0x08013967   Thumb Code    20  dgus_app.o(.text)
    DgusApp_ShowTemp_Task2                   0x0801397b   Thumb Code   176  dgus_app.o(.text)
    DgusApp_Set_Temp                         0x08013a2b   Thumb Code    20  dgus_app.o(.text)
    DgusApp_ShowTemp_Task                    0x08013a3f   Thumb Code   194  dgus_app.o(.text)
    DgusApp_Set_StoreSta                     0x08013b01   Thumb Code    20  dgus_app.o(.text)
    DgusApp_ShowStoreSta_Task                0x08013b15   Thumb Code   176  dgus_app.o(.text)
    DgusApp_Set_ShowSystemErrorInfo          0x08013bc5   Thumb Code    20  dgus_app.o(.text)
    DgusApp_ShowSystemErrorInfo_Task         0x08013bd9   Thumb Code   176  dgus_app.o(.text)
    DgusApp_Set_ShowSellErrorInfo            0x08013c89   Thumb Code    20  dgus_app.o(.text)
    DgusApp_ShowSellErrorInfo_Task           0x08013c9d   Thumb Code   176  dgus_app.o(.text)
    DgusApp_Set_ShowSellLog                  0x08013d4d   Thumb Code    34  dgus_app.o(.text)
    DgusApp_ShowSellLog                      0x08013d6f   Thumb Code   176  dgus_app.o(.text)
    DgusApp_Set_NetSta                       0x08013e1f   Thumb Code    20  dgus_app.o(.text)
    DgusApp_ShowNetSta_Task                  0x08013e33   Thumb Code   234  dgus_app.o(.text)
    DgusApp_Set_GotoPage                     0x08013f1d   Thumb Code    20  dgus_app.o(.text)
    DgusApp_ShowGotoPage_Task                0x08013f31   Thumb Code   334  dgus_app.o(.text)
    DgusApp_Set_ShowSellTest                 0x0801407f   Thumb Code    36  dgus_app.o(.text)
    DgusApp_Set_ClearMotorCheck              0x080140a3   Thumb Code    18  dgus_app.o(.text)
    DgusApp_ClearMotorCheck_Task             0x080140b5   Thumb Code   170  dgus_app.o(.text)
    DgusApp_Set_ClearIrCheck                 0x0801415f   Thumb Code    18  dgus_app.o(.text)
    DgusApp_ClearIrCheck_Task                0x08014171   Thumb Code   170  dgus_app.o(.text)
    DgusApp_Set_ShowMotorCheck               0x0801421b   Thumb Code    22  dgus_app.o(.text)
    DgusApp_ShowMotorCheck_Task              0x08014231   Thumb Code   368  dgus_app.o(.text)
    DgusApp_Set_ShowIrCheck                  0x080143a1   Thumb Code    22  dgus_app.o(.text)
    DgusApp_ShowIrCheck_Task                 0x080143b7   Thumb Code   332  dgus_app.o(.text)
    DgusApp_Set_ShowSellReset                0x08014503   Thumb Code    18  dgus_app.o(.text)
    DgusApp_ShowSellReset_Task               0x08014515   Thumb Code   464  dgus_app.o(.text)
    DgusApp_ShowSellTest_Task                0x080146e5   Thumb Code   344  dgus_app.o(.text)
    DgusApp_Set_QRCode                       0x0801483d   Thumb Code    46  dgus_app.o(.text)
    DgusApp_ShowQRCode_Task                  0x0801486b   Thumb Code   180  dgus_app.o(.text)
    DgusApp_Set_DeviceId                     0x0801491f   Thumb Code    40  dgus_app.o(.text)
    DgusApp_ShowDeviceId_Task                0x08014947   Thumb Code   176  dgus_app.o(.text)
    DgusApp_GetShowHistory_Enable            0x080149f7   Thumb Code     6  dgus_app.o(.text)
    DgusApp_SetShowHistory                   0x080149fd   Thumb Code   108  dgus_app.o(.text)
    DgusApp_ShowHistory_Task                 0x08014a69   Thumb Code   266  dgus_app.o(.text)
    DgusApp_Task                             0x08014b73   Thumb Code   186  dgus_app.o(.text)
    DgusApp_Init                             0x08014c2d   Thumb Code   144  dgus_app.o(.text)
    DgusControl_Init                         0x08014d49   Thumb Code     8  dgus_control.o(.text)
    DgusControl_ShowSellErrorInfo            0x08014d51   Thumb Code    72  dgus_control.o(.text)
    DgusControl_ShowSystemErrorInfo          0x08014d99   Thumb Code    72  dgus_control.o(.text)
    DgusControl_ShowSellLogo                 0x08014de1   Thumb Code    72  dgus_control.o(.text)
    DgusControl_ClearSellLogo                0x08014e29   Thumb Code    22  dgus_control.o(.text)
    DgusControl_ShowErrorInfo                0x08014e3f   Thumb Code   442  dgus_control.o(.text)
    DgusControl_ShowGoodsHistory             0x08014ff9   Thumb Code  1696  dgus_control.o(.text)
    DgusControl_ShowDeviceId                 0x08015699   Thumb Code    44  dgus_control.o(.text)
    DgusControl_ShowQRCode                   0x080156c5   Thumb Code    78  dgus_control.o(.text)
    DgusControl_UpTime                       0x08015713   Thumb Code   136  dgus_control.o(.text)
    DgusControl_ShowTemp                     0x0801579b   Thumb Code   126  dgus_control.o(.text)
    DgusControl_ShowTemp2                    0x08015819   Thumb Code   126  dgus_control.o(.text)
    DgusControl_ShowNetSta                   0x08015897   Thumb Code    96  dgus_control.o(.text)
    DgusControl_ShowStoreSta                 0x080158f7   Thumb Code   222  dgus_control.o(.text)
    DgusControl_GotoPage                     0x080159d5   Thumb Code    38  dgus_control.o(.text)
    DgusControl_ClearText                    0x080159fb   Thumb Code    64  dgus_control.o(.text)
    DgusControl_ShowSellReset                0x08015a3b   Thumb Code  2738  dgus_control.o(.text)
    DgusControl_ShowSellColor                0x080164ed   Thumb Code  2600  dgus_control.o(.text)
    DgusControl_ShowMotorCheckColor          0x08016f15   Thumb Code    44  dgus_control.o(.text)
    DgusControl_ShowIrCheckColor             0x08016f41   Thumb Code    44  dgus_control.o(.text)
    DgusControl_ShowMotorCheck               0x08016f6d   Thumb Code   170  dgus_control.o(.text)
    DgusControl_ShowIrCheck                  0x08017017   Thumb Code   214  dgus_control.o(.text)
    DgusControl_ClearMotorCheck              0x080170ed   Thumb Code    42  dgus_control.o(.text)
    DgusControl_ClearIrCheck                 0x08017117   Thumb Code    48  dgus_control.o(.text)
    DgusControl_ShowSellTest                 0x08017147   Thumb Code  7424  dgus_control.o(.text)
    __use_no_semihosting                     0x08018e55   Thumb Code     2  use_no_semi_2.o(.text)
    malloc                                   0x08018e57   Thumb Code    94  h1_alloc.o(.text)
    free                                     0x08018eb5   Thumb Code    78  h1_free.o(.text)
    realloc                                  0x08018f03   Thumb Code   184  h1_realloc.o(.text)
    tolower                                  0x08018fbb   Thumb Code    26  tolower.o(.text)
    __2printf                                0x08018fd5   Thumb Code    20  __2printf.o(.text)
    __2sprintf                               0x08018fed   Thumb Code    38  __2sprintf.o(.text)
    _printf_pre_padding                      0x08019019   Thumb Code    44  _printf_pad.o(.text)
    _printf_post_padding                     0x08019045   Thumb Code    34  _printf_pad.o(.text)
    _printf_str                              0x08019067   Thumb Code    82  _printf_str.o(.text)
    _printf_int_dec                          0x080190b9   Thumb Code   104  _printf_dec.o(.text)
    _printf_int_hex                          0x08019131   Thumb Code    84  _printf_hex_int.o(.text)
    _printf_longlong_hex                     0x08019131   Thumb Code     0  _printf_hex_int.o(.text)
    __printf                                 0x08019189   Thumb Code   308  __printf_flags_wp.o(.text)
    __0sscanf                                0x080192c1   Thumb Code    52  __0sscanf.o(.text)
    atoi                                     0x080192fd   Thumb Code    26  atoi.o(.text)
    strstr                                   0x08019317   Thumb Code    36  strstr.o(.text)
    strcpy                                   0x0801933b   Thumb Code    72  strcpy.o(.text)
    strlen                                   0x08019383   Thumb Code    62  strlen.o(.text)
    strncmp                                  0x080193c1   Thumb Code   150  strncmp.o(.text)
    strcat                                   0x08019457   Thumb Code    24  strcat.o(.text)
    __aeabi_memcpy                           0x0801946f   Thumb Code     0  rt_memcpy_v6.o(.text)
    __rt_memcpy                              0x0801946f   Thumb Code   138  rt_memcpy_v6.o(.text)
    _memcpy_lastbytes                        0x080194d5   Thumb Code     0  rt_memcpy_v6.o(.text)
    __aeabi_memcpy4                          0x080194f9   Thumb Code     0  rt_memcpy_w.o(.text)
    __aeabi_memcpy8                          0x080194f9   Thumb Code     0  rt_memcpy_w.o(.text)
    __rt_memcpy_w                            0x080194f9   Thumb Code   100  rt_memcpy_w.o(.text)
    _memcpy_lastbytes_aligned                0x08019541   Thumb Code     0  rt_memcpy_w.o(.text)
    __aeabi_memclr                           0x0801955d   Thumb Code     0  rt_memclr.o(.text)
    __rt_memclr                              0x0801955d   Thumb Code    68  rt_memclr.o(.text)
    _memset                                  0x08019561   Thumb Code     0  rt_memclr.o(.text)
    __aeabi_memclr4                          0x080195a1   Thumb Code     0  rt_memclr_w.o(.text)
    __aeabi_memclr8                          0x080195a1   Thumb Code     0  rt_memclr_w.o(.text)
    __rt_memclr_w                            0x080195a1   Thumb Code    78  rt_memclr_w.o(.text)
    _memset_w                                0x080195a5   Thumb Code     0  rt_memclr_w.o(.text)
    strcmp                                   0x080195f1   Thumb Code   128  strcmpv7m.o(.text)
    __use_two_region_memory                  0x08019671   Thumb Code     2  heapauxi.o(.text)
    __rt_heap_escrow                         0x08019673   Thumb Code     2  heapauxi.o(.text)
    __rt_heap_expand                         0x08019675   Thumb Code     2  heapauxi.o(.text)
    __I$use$semihosting                      0x08019677   Thumb Code     0  use_no_semi.o(.text)
    __use_no_semihosting_swi                 0x08019677   Thumb Code     2  use_no_semi.o(.text)
    __rt_ctype_table                         0x08019679   Thumb Code    16  rt_ctype_table.o(.text)
    __rt_heap_descriptor                     0x08019689   Thumb Code     8  rt_heap_descriptor_intlibspace.o(.text)
    __aeabi_errno_addr                       0x08019691   Thumb Code     8  rt_errno_addr_intlibspace.o(.text)
    __errno$intlibspace                      0x08019691   Thumb Code     0  rt_errno_addr_intlibspace.o(.text)
    __rt_errno_addr$intlibspace              0x08019691   Thumb Code     0  rt_errno_addr_intlibspace.o(.text)
    __use_no_heap                            0x08019699   Thumb Code     2  hguard.o(.text)
    __heap$guard                             0x0801969b   Thumb Code     2  hguard.o(.text)
    _terminate_user_alloc                    0x0801969d   Thumb Code     2  init_alloc.o(.text)
    _init_user_alloc                         0x0801969f   Thumb Code     2  init_alloc.o(.text)
    __Heap_Full                              0x080196a1   Thumb Code    34  init_alloc.o(.text)
    __Heap_Broken                            0x080196c3   Thumb Code     6  init_alloc.o(.text)
    _init_alloc                              0x080196c9   Thumb Code    94  init_alloc.o(.text)
    __Heap_Initialize                        0x08019727   Thumb Code    10  h1_init.o(.text)
    __Heap_DescSize                          0x08019731   Thumb Code     4  h1_init.o(.text)
    _printf_int_common                       0x08019735   Thumb Code   178  _printf_intcommon.o(.text)
    __lib_sel_fp_printf                      0x080197e7   Thumb Code     2  _printf_fp_dec.o(.text)
    _printf_fp_dec_real                      0x08019995   Thumb Code   620  _printf_fp_dec.o(.text)
    _printf_char_common                      0x08019c0b   Thumb Code    32  _printf_char_common.o(.text)
    _sputc                                   0x08019c31   Thumb Code    10  _sputc.o(.text)
    _printf_cs_common                        0x08019c3b   Thumb Code    20  _printf_char.o(.text)
    _printf_char                             0x08019c4f   Thumb Code    16  _printf_char.o(.text)
    _printf_string                           0x08019c5f   Thumb Code     8  _printf_char.o(.text)
    _printf_char_file                        0x08019c69   Thumb Code    32  _printf_char_file.o(.text)
    _scanf_really_real                       0x08019e89   Thumb Code   668  scanf_fp.o(.text)
    __vfscanf_char                           0x0801a13d   Thumb Code    24  scanf_char.o(.text)
    _sgetc                                   0x0801a15d   Thumb Code    30  _sgetc.o(.text)
    _sbackspace                              0x0801a17b   Thumb Code    34  _sgetc.o(.text)
    __strtod_int                             0x0801a1d9   Thumb Code    88  strtod.o(.text)
    strtol                                   0x0801a23d   Thumb Code   112  strtol.o(.text)
    __user_libspace                          0x0801a2ad   Thumb Code     8  libspace.o(.text)
    __user_perproc_libspace                  0x0801a2ad   Thumb Code     0  libspace.o(.text)
    __user_perthread_libspace                0x0801a2ad   Thumb Code     0  libspace.o(.text)
    __rt_locale                              0x0801a2b5   Thumb Code     8  rt_locale_intlibspace.o(.text)
    __Heap_ProvideMemory                     0x0801a2bd   Thumb Code    52  h1_extend.o(.text)
    _ll_udiv10                               0x0801a2f1   Thumb Code   138  lludiv10.o(.text)
    isspace                                  0x0801a37b   Thumb Code    18  isspace.o(.text)
    _printf_fp_infnan                        0x0801a38d   Thumb Code   112  _printf_fp_infnan.o(.text)
    __vfscanf                                0x0801a40d   Thumb Code   878  _scanf.o(.text)
    _strtoul                                 0x0801a781   Thumb Code   158  _strtoul.o(.text)
    _btod_etento                             0x0801a821   Thumb Code   216  bigflt0.o(.text)
    ferror                                   0x0801a8fd   Thumb Code     8  ferror.o(.text)
    __rt_SIGRTMEM                            0x0801a905   Thumb Code    14  defsig_rtmem_outer.o(.text)
    __user_setup_stackheap                   0x0801a913   Thumb Code    74  sys_stackheap_outer.o(.text)
    __read_errno                             0x0801a95d   Thumb Code    10  _rserrno.o(.text)
    __set_errno                              0x0801a967   Thumb Code    12  _rserrno.o(.text)
    _chval                                   0x0801a973   Thumb Code    28  _chval.o(.text)
    _scanf_really_hex_real                   0x0801a991   Thumb Code   778  scanf_hexfp.o(.text)
    _scanf_really_infnan                     0x0801aca9   Thumb Code   292  scanf_infnan.o(.text)
    exit                                     0x0801addd   Thumb Code    12  exit.o(.text)
    __sig_exit                               0x0801ade9   Thumb Code    10  defsig_exit.o(.text)
    __rt_SIGRTMEM_inner                      0x0801adf5   Thumb Code    22  defsig_rtmem_inner.o(.text)
    __aeabi_llsl                             0x0801ae45   Thumb Code     0  llshl.o(.text)
    _ll_shift_l                              0x0801ae45   Thumb Code    38  llshl.o(.text)
    __default_signal_display                 0x0801ae6b   Thumb Code    50  defsig_general.o(.text)
    _btod_d2e                                0x0801ae9d   Thumb Code    62  btod.o(CL$$btod_d2e)
    _d2e_denorm_low                          0x0801aedb   Thumb Code    70  btod.o(CL$$btod_d2e_denorm_low)
    _d2e_norm_op1                            0x0801af21   Thumb Code    96  btod.o(CL$$btod_d2e_norm_op1)
    __btod_div_common                        0x0801af81   Thumb Code   696  btod.o(CL$$btod_div_common)
    _e2d                                     0x0801b2b9   Thumb Code    80  btod.o(CL$$btod_e2d)
    _e2e                                     0x0801b30d   Thumb Code   198  btod.o(CL$$btod_e2e)
    _btod_ediv                               0x0801b3d3   Thumb Code    40  btod.o(CL$$btod_ediv)
    _btod_edivd                              0x0801b3fb   Thumb Code    40  btod.o(CL$$btod_edivd)
    _btod_emul                               0x0801b423   Thumb Code    40  btod.o(CL$$btod_emul)
    _btod_emuld                              0x0801b44b   Thumb Code    40  btod.o(CL$$btod_emuld)
    __btod_mult_common                       0x0801b473   Thumb Code   580  btod.o(CL$$btod_mult_common)
    __ARM_fpclassify                         0x0801b6b7   Thumb Code    40  fpclassify.o(i.__ARM_fpclassify)
    __mathlib_dbl_overflow                   0x0801b6df   Thumb Code    14  dunder.o(i.__mathlib_dbl_overflow)
    __mathlib_dbl_underflow                  0x0801b6ed   Thumb Code    10  dunder.o(i.__mathlib_dbl_underflow)
    __mathlib_narrow                         0x0801b6fd   Thumb Code    16  narrow.o(i.__mathlib_narrow)
    __mathlib_tofloat                        0x0801b70d   Thumb Code   132  narrow.o(i.__mathlib_tofloat)
    __support_ldexp                          0x0801b795   Thumb Code    22  ldexp.o(i.__support_ldexp)
    _is_digit                                0x0801b7ab   Thumb Code    14  __printf_wp.o(i._is_digit)
    frexp                                    0x0801b7b9   Thumb Code    80  frexp.o(i.frexp)
    ldexp                                    0x0801b811   Thumb Code   116  ldexp.o(i.ldexp)
    strtod                                   0x0801b885   Thumb Code    28  strtod.o(i.strtod)
    _get_lc_ctype                            0x0801b8a1   Thumb Code    44  lc_ctype_c.o(locale$$code)
    _get_lc_numeric                          0x0801b8cd   Thumb Code    44  lc_numeric_c.o(locale$$code)
    __aeabi_d2f                              0x0801b8f9   Thumb Code     0  d2f.o(x$fpl$d2f)
    _d2f                                     0x0801b8f9   Thumb Code    98  d2f.o(x$fpl$d2f)
    __fpl_dcheck_NaN1                        0x0801b95d   Thumb Code    10  dcheck1.o(x$fpl$dcheck1)
    __fpl_dcmp_Inf                           0x0801b96d   Thumb Code    24  dcmpi.o(x$fpl$dcmpinf)
    __aeabi_ddiv                             0x0801b985   Thumb Code     0  ddiv.o(x$fpl$ddiv)
    _ddiv                                    0x0801b985   Thumb Code   552  ddiv.o(x$fpl$ddiv)
    __aeabi_cdcmpeq                          0x0801bc35   Thumb Code     0  deqf.o(x$fpl$deqf)
    _dcmpeq                                  0x0801bc35   Thumb Code   120  deqf.o(x$fpl$deqf)
    __aeabi_d2iz                             0x0801bcad   Thumb Code     0  dfix.o(x$fpl$dfix)
    _dfix                                    0x0801bcad   Thumb Code    94  dfix.o(x$fpl$dfix)
    __aeabi_d2uiz                            0x0801bd0d   Thumb Code     0  dfixu.o(x$fpl$dfixu)
    _dfixu                                   0x0801bd0d   Thumb Code    90  dfixu.o(x$fpl$dfixu)
    __aeabi_i2d                              0x0801bd67   Thumb Code     0  dflt_clz.o(x$fpl$dflt)
    _dflt                                    0x0801bd67   Thumb Code    46  dflt_clz.o(x$fpl$dflt)
    __aeabi_ui2d                             0x0801bd95   Thumb Code     0  dflt_clz.o(x$fpl$dfltu)
    _dfltu                                   0x0801bd95   Thumb Code    38  dflt_clz.o(x$fpl$dfltu)
    __aeabi_cdcmple                          0x0801bdbd   Thumb Code     0  dleqf.o(x$fpl$dleqf)
    _dcmple                                  0x0801bdbd   Thumb Code   120  dleqf.o(x$fpl$dleqf)
    __fpl_dcmple_InfNaN                      0x0801be1f   Thumb Code     0  dleqf.o(x$fpl$dleqf)
    __aeabi_dmul                             0x0801be35   Thumb Code     0  dmul.o(x$fpl$dmul)
    _dmul                                    0x0801be35   Thumb Code   332  dmul.o(x$fpl$dmul)
    __fpl_dnaninf                            0x0801bf89   Thumb Code   156  dnaninf.o(x$fpl$dnaninf)
    __fpl_dretinf                            0x0801c025   Thumb Code    12  dretinf.o(x$fpl$dretinf)
    __aeabi_cdrcmple                         0x0801c031   Thumb Code     0  drleqf.o(x$fpl$drleqf)
    _drcmple                                 0x0801c031   Thumb Code   108  drleqf.o(x$fpl$drleqf)
    __aeabi_f2d                              0x0801c09d   Thumb Code     0  f2d.o(x$fpl$f2d)
    _f2d                                     0x0801c09d   Thumb Code    86  f2d.o(x$fpl$f2d)
    __fpl_fcmp_Inf                           0x0801c0f3   Thumb Code    24  fcmpi.o(x$fpl$fcmpinf)
    __aeabi_fdiv                             0x0801c10d   Thumb Code     0  fdiv.o(x$fpl$fdiv)
    _fdiv                                    0x0801c10d   Thumb Code   384  fdiv.o(x$fpl$fdiv)
    __aeabi_f2uiz                            0x0801c291   Thumb Code     0  ffixu.o(x$fpl$ffixu)
    _ffixu                                   0x0801c291   Thumb Code    62  ffixu.o(x$fpl$ffixu)
    __aeabi_i2f                              0x0801c2d1   Thumb Code     0  fflt_clz.o(x$fpl$fflt)
    _fflt                                    0x0801c2d1   Thumb Code    48  fflt_clz.o(x$fpl$fflt)
    __aeabi_cfcmple                          0x0801c301   Thumb Code     0  fleqf.o(x$fpl$fleqf)
    _fcmple                                  0x0801c301   Thumb Code   104  fleqf.o(x$fpl$fleqf)
    __fpl_fcmple_InfNaN                      0x0801c353   Thumb Code     0  fleqf.o(x$fpl$fleqf)
    __aeabi_fmul                             0x0801c369   Thumb Code     0  fmul.o(x$fpl$fmul)
    _fmul                                    0x0801c369   Thumb Code   258  fmul.o(x$fpl$fmul)
    __fpl_fnaninf                            0x0801c46b   Thumb Code   140  fnaninf.o(x$fpl$fnaninf)
    __fpl_fretinf                            0x0801c4f7   Thumb Code    10  fretinf.o(x$fpl$fretinf)
    __aeabi_cfrcmple                         0x0801c501   Thumb Code     0  frleqf.o(x$fpl$frleqf)
    _frcmple                                 0x0801c501   Thumb Code    98  frleqf.o(x$fpl$frleqf)
    _printf_fp_dec                           0x0801c563   Thumb Code     4  printf1.o(x$fpl$printf1)
    __fpl_return_NaN                         0x0801c567   Thumb Code   100  retnan.o(x$fpl$retnan)
    __ARM_scalbn                             0x0801c5cb   Thumb Code    92  scalbn.o(x$fpl$scalbn)
    _scanf_real                              0x0801c627   Thumb Code     4  scanf1.o(x$fpl$scanf1)
    _scanf_hex_real                          0x0801c62b   Thumb Code     4  scanf2.o(x$fpl$scanf2)
    _scanf_infnan                            0x0801c62f   Thumb Code     4  scanf2.o(x$fpl$scanf2)
    __fpl_cmpreturn                          0x0801c633   Thumb Code    48  trapv.o(x$fpl$trapveneer)
    Temp_res                                 0x0801c662   Data         182  sensor.o(.constdata)
    __I$use$fp                               0x0801c662   Number         0  usenofp.o(x$fpl$usenofp)
    table_week                               0x0801c718   Data          12  rtc.o(.constdata)
    mon_table                                0x0801c724   Data          12  rtc.o(.constdata)
    HexChar                                  0x0801c730   Data          16  cloud_protocol.o(.constdata)
    ucs_gb2312_table                         0x0801c740   Data       29780  format.o(.constdata)
    Region$$Table$$Base                      0x08023d2c   Number         0  anon$$obj.o(Region$$Table)
    Region$$Table$$Limit                     0x08023d4c   Number         0  anon$$obj.o(Region$$Table)
    __aeabi_HUGE_VAL                         0x08023d4c   Data           0  fpconst.o(c$$dinf)
    __aeabi_HUGE_VALL                        0x08023d4c   Data           0  fpconst.o(c$$dinf)
    __aeabi_INFINITY                         0x08023d4c   Data           0  fpconst.o(c$$dinf)
    __dInf                                   0x08023d4c   Data           0  fpconst.o(c$$dinf)
    __huge_val                               0x08023d4c   Data           0  fpconst.o(c$$dinf)
    __ctype                                  0x08023d61   Data           0  lc_ctype_c.o(locale$$data)
    SystemCoreClock                          0x20000000   Data           4  system_stm32f10x.o(.data)
    AHBPrescTable                            0x20000004   Data          16  system_stm32f10x.o(.data)
    Timer3_CallBack                          0x20000028   Data           4  timer.o(.data)
    sysmemtblsize                            0x2000002c   Data           4  sys_malloc.o(.data)
    sysmemblksize                            0x20000030   Data           4  sys_malloc.o(.data)
    sysmemsize                               0x20000034   Data           4  sys_malloc.o(.data)
    sys_mallco_dev                           0x20000038   Data          20  sys_malloc.o(.data)
    jump2app                                 0x2000004c   Data           4  iap.o(.data)
    app_bufnum                               0x20000050   Data           2  iap.o(.data)
    app_bufsize                              0x20000054   Data           4  iap.o(.data)
    __stdout                                 0x20000058   Data           4  debug.o(.data)
    PADDING                                  0x2000005c   Data          64  md5.o(.data)
    SellConfig                               0x2000009c   Data         204  sell_app.o(.data)
    ShelfStyle                               0x20000168   Data          97  sell_app.o(.data)
    pSysConfigBuff                           0x200001cc   Data           4  sys_config.o(.data)
    SysConfig                                0x200001d0   Data         712  sys_config.o(.data)
    pAuxConfigBuff                           0x20000498   Data           4  sys_config.o(.data)
    AuxConfig                                0x2000049c   Data         200  sys_config.o(.data)
    HistoryPrintf                            0x20000564   Data           3  sell_history.o(.data)
    LED_Control                              0x20000574   Data           4  led.o(.data)
    Beep_Control                             0x20000578   Data           4  led.o(.data)
    ElcLockDrive                             0x2000057d   Data           4  elc_lock.o(.data)
    ElcLockSignal                            0x20000581   Data           8  elc_lock.o(.data)
    SetMiscsRespontData                      0x20000598   Data           8  miscs.o(.data)
    EC20GpsDrive                             0x200005a0   Data          22  at_ec20.o(.data)
    EC20EnterCmd                             0x200005b8   Data           8  at_ec20.o(.data)
    EC20InquireCmd                           0x200005c0   Data          12  at_ec20.o(.data)
    EC20ResponseCmd                          0x200005cc   Data          12  at_ec20.o(.data)
    EC20RssiSta                              0x200005d8   Data           1  at_ec20.o(.data)
    EC20Rssi                                 0x200005d9   Data          15  at_ec20.o(.data)
    EC20Net                                  0x200005e8   Data          15  at_ec20.o(.data)
    EC20Iccid                                0x200005f7   Data          25  at_ec20.o(.data)
    EC20Latitude                             0x20000610   Data          10  at_ec20.o(.data)
    EC20Longitude                            0x2000061a   Data          10  at_ec20.o(.data)
    EC20NetworkPara                          0x20000624   Data          84  at_ec20.o(.data)
    ec20_send_enable                         0x2000067c   Data           1  at_ec20.o(.data)
    sMsg                                     0x200006ac   Data           4  cloud_protocol.o(.data)
    DeviceId                                 0x200006b0   Data          33  cloud_protocol.o(.data)
    CloudProtocolDeviceInfo                  0x200006d4   Data         328  cloud_protocol.o(.data)
    WirelessModule_ResetDrive                0x200008ec   Data           4  wireless_module_init.o(.data)
    ESP32RssiSta                             0x20000904   Data           1  esp32.o(.data)
    ESP32NetworkPara                         0x20000905   Data          84  esp32.o(.data)
    ESP32WifiApPara                          0x20000959   Data          32  esp32.o(.data)
    esp32_send_enable                        0x20000979   Data           1  esp32.o(.data)
    gbk_str                                  0x200009a8   Data           8  format.o(.data)
    MqttDownPara                             0x200009c8   Data           6  mqtt_connect.o(.data)
    MQTT_ConnectManage                       0x200009d0   Data           8  mqtt_connect.o(.data)
    PubackPackId                             0x200009e0   Data           2  mqtt_qos1.o(.data)
    PublishPackId_Queue                      0x200009e4   Data          84  mqtt_qos1.o(.data)
    Msg_Queue                                0x20000a38   Data          84  mqtt_qos1.o(.data)
    JSON_Queue                               0x20000a90   Data         132  mqtt_recive.o(.data)
    DgusDataRecivePackIndex                  0x20000b1c   Data           1  dgus_recive.o(.data)
    DgusRecive82Ack                          0x20000b1e   Data           4  dgus_recive.o(.data)
    DgusRecive83Ack                          0x20000b22   Data           4  dgus_recive.o(.data)
    pDgusRecive_DeviceManageId_Callback      0x20000b28   Data           4  dgus_recive.o(.data)
    pDgusRecive_DeviceManagePwd_Callback     0x20000b2c   Data           4  dgus_recive.o(.data)
    pDgusRecive_DeviceManageLogin_Callback   0x20000b30   Data           4  dgus_recive.o(.data)
    pDgusRecive_DeviceManageFixId_Callback   0x20000b34   Data           4  dgus_recive.o(.data)
    pDgusRecive_DeviceManageFixPwd_Callback  0x20000b38   Data           4  dgus_recive.o(.data)
    pDgusRecive_DeviceManageFix_Callback     0x20000b3c   Data           4  dgus_recive.o(.data)
    pDgusRecive_DeviceIdFix_Callback         0x20000b40   Data           4  dgus_recive.o(.data)
    pDgusRecive_DeviceIdFixOk_Callback       0x20000b44   Data           4  dgus_recive.o(.data)
    pDgusRecive_WifiSsidFix_Callback         0x20000b48   Data           4  dgus_recive.o(.data)
    pDgusRecive_WifiPwdFix_Callback          0x20000b4c   Data           4  dgus_recive.o(.data)
    pDgusRecive_WifiFixOk_Callback           0x20000b50   Data           4  dgus_recive.o(.data)
    pDgusRecive_TcpIpFix_Callback            0x20000b54   Data           4  dgus_recive.o(.data)
    pDgusRecive_TcpPortFix_Callback          0x20000b58   Data           4  dgus_recive.o(.data)
    pDgusRecive_TcpFixOk_Callback            0x20000b5c   Data           4  dgus_recive.o(.data)
    pDgusRecive_OpenLock_Callback            0x20000b60   Data           4  dgus_recive.o(.data)
    pDgusRecive_ShowHistoryStart_Callback    0x20000b64   Data           4  dgus_recive.o(.data)
    pDgusRecive_ShowHistoryNext_Callback     0x20000b68   Data           4  dgus_recive.o(.data)
    pDgusRecive_ShowHistoryLast_Callback     0x20000b6c   Data           4  dgus_recive.o(.data)
    DgusAppShowTemp                          0x20000d70   Data           6  dgus_app.o(.data)
    DgusAppShowTemp2                         0x20000d76   Data           6  dgus_app.o(.data)
    DgusAppShowNetSta                        0x20000d7c   Data           6  dgus_app.o(.data)
    DgusAppGotoPage                          0x20000d82   Data           6  dgus_app.o(.data)
    DgusAppShowStoreSta                      0x20000d88   Data           6  dgus_app.o(.data)
    DgusAppShowSellTest                      0x20000d8e   Data           8  dgus_app.o(.data)
    DgusAppClearMotorCheck                   0x20000d96   Data           6  dgus_app.o(.data)
    DgusAppClearIrCheck                      0x20000d9c   Data           6  dgus_app.o(.data)
    DgusAppShowMotorCheck                    0x20000da2   Data           6  dgus_app.o(.data)
    DgusAppShowIrCheck                       0x20000da8   Data           6  dgus_app.o(.data)
    DgusAppShowSellReset                     0x20000dae   Data           8  dgus_app.o(.data)
    str1                                     0x20000dba   Data           5  dgus_control.o(.data)
    str2                                     0x20000dbf   Data           5  dgus_control.o(.data)
    SystemTask                               0x20000dc4   Data         600  task_manage.o(.bss)
    sysmem_base                              0x2000101c   Data       20480  sys_malloc.o(.bss)
    sysmem_mapbase                           0x2000601c   Data         640  sys_malloc.o(.bss)
    iapbuf                                   0x2000629c   Data        2048  iap.o(.bss)
    STMFLASH_BUF                             0x20006a9c   Data        2048  stmflash.o(.bss)
    Sell                                     0x200072a0   Data         680  sell_app.o(.bss)
    CryogenControl                           0x20007596   Data          24  tempcontrol.o(.bss)
    CryogenConfig                            0x200075ae   Data          12  tempcontrol.o(.bss)
    temp                                     0x200075ba   Data          64  sell_history.o(.bss)
    MotorDrive_RegisterMap                   0x200075fc   Data         312  sellmotor.o(.bss)
    MotorDrive                               0x20007734   Data         728  motor_drive.o(.bss)
    ADC_ValueBuf                             0x20007a0c   Data          60  analog_signal.o(.bss)
    SignalManage                             0x20007a48   Data        1472  digital_signal.o(.bss)
    SensorInfo                               0x20008008   Data          96  sensor.o(.bss)
    SensorGroup                              0x20008068   Data          36  sensor.o(.bss)
    CryogenDriveState                        0x2000808c   Data          12  cryogen_drive.o(.bss)
    CryogenDriveInfo                         0x20008098   Data          14  cryogen_drive.o(.bss)
    LED                                      0x200080a6   Data          12  led.o(.bss)
    BasicGateMotorManage                     0x200080b2   Data          40  basic_gate_motor.o(.bss)
    calendar                                 0x200080da   Data          10  rtc.o(.bss)
    MotorTest                                0x200080e4   Data          12  motor_test.o(.bss)
    UartDevice2                              0x20008104   Data          28  usart.o(.bss)
    Uart2_TxBuf                              0x20008120   Data        1024  usart.o(.bss)
    Uart2_RxBuf                              0x20008520   Data        1024  usart.o(.bss)
    UartDevice3                              0x20008920   Data          28  usart.o(.bss)
    Uart3_TxBuf                              0x2000893c   Data        6144  usart.o(.bss)
    Uart3_RxBuf                              0x2000a13c   Data        1024  usart.o(.bss)
    UartDevice4                              0x2000a53c   Data          28  usart.o(.bss)
    Uart4_TxBuf                              0x2000a558   Data        1024  usart.o(.bss)
    Uart4_RxBuf                              0x2000a958   Data        1024  usart.o(.bss)
    EC20Mode                                 0x2000ad58   Data          15  at_ec20.o(.bss)
    EC20_QIOPEN_AT_CMD                       0x2000ad67   Data         100  at_ec20.o(.bss)
    EC20_LinkInfo                            0x2000adcc   Data          44  at_ec20.o(.bss)
    EC20TxControlTable                       0x2000adf8   Data          12  at_ec20.o(.bss)
    ec20_at_cmd_buffer                       0x2000ae04   Data          64  at_ec20.o(.bss)
    CloudProtol_Manage                       0x2000ae48   Data         160  cloud_protocol.o(.bss)
    CloudProtocol_SnManage                   0x2000aee8   Data         264  cloud_protocol.o(.bss)
    CloudProtocolDeviceState                 0x2000aff0   Data          12  cloud_protocol.o(.bss)
    CloudProtocolSellState                   0x2000affc   Data          20  cloud_protocol.o(.bss)
    CargoCheckManage                         0x2000b010   Data          20  cloud_protocol.o(.bss)
    CloudProtocolSellStateTable              0x2000b024   Data          12  cloud_protocol.o(.bss)
    WirelessModuleInit                       0x2000b030   Data         128  wireless_module_init.o(.bss)
    ESP32_CIPSTART_AT_CMD                    0x2000b0c0   Data         100  esp32.o(.bss)
    ESP32_CWJAP_AT_CMD                       0x2000b124   Data         100  esp32.o(.bss)
    utf8_buf                                 0x2000b188   Data          32  esp32.o(.bss)
    ESP32TxControlTable                      0x2000b1a8   Data          12  esp32.o(.bss)
    esp32_at_cmd_buffer                      0x2000b1b4   Data          64  esp32.o(.bss)
    utf8_str                                 0x2000b1f4   Data          20  format.o(.bss)
    MQTT_Connect_Config                      0x2000b208   Data         366  mqtt_config.o(.bss)
    SubscribeTopicTable                      0x2000b378   Data          12  mqtt_config.o(.bss)
    MQTT_ReciveStatus                        0x2000b384   Data          22  mqtt_recive.o(.bss)
    FwUpdataTopic                            0x2000b39a   Data         130  mqtt_ota_if.o(.bss)
    DgusDataRecivePack                       0x2000b41c   Data         256  dgus_recive.o(.bss)
    DgusDataRecivePackBuffer                 0x2000b51c   Data         256  dgus_recive.o(.bss)
    DgusDataSendPack                         0x2000b61c   Data         256  dgus_send.o(.bss)
    DgusDataSendPackBuffer                   0x2000b71c   Data         256  dgus_send.o(.bss)
    DgusAppShowQRCode                        0x2000b81c   Data         264  dgus_app.o(.bss)
    DgusAppUpTime                            0x2000b924   Data          14  dgus_app.o(.bss)
    DgusAppDeviceManageLogin                 0x2000b932   Data          90  dgus_app.o(.bss)
    DgusAppDeviceId                          0x2000b98c   Data          32  dgus_app.o(.bss)
    DgusAppWifiPara                          0x2000b9ac   Data          32  dgus_app.o(.bss)
    DgusAppTcpPara                           0x2000b9cc   Data          84  dgus_app.o(.bss)
    DgusAppShowHistoryManage                 0x2000ba20   Data          20  dgus_app.o(.bss)
    DgusAppShowSystemErrorInfo               0x2000ba34   Data          12  dgus_app.o(.bss)
    DgusAppShowSellErrorInfo                 0x2000ba40   Data          12  dgus_app.o(.bss)
    DgusAppShowSellLog                       0x2000ba4c   Data          32  dgus_app.o(.bss)
    DgusAppShowDeviceId                      0x2000ba6c   Data          38  dgus_app.o(.bss)
    DgusAppShowHistory                       0x2000ba94   Data          28  dgus_app.o(.bss)
    DgusControlBuffer                        0x2000bab0   Data         256  dgus_control.o(.bss)
    __libspace_start                         0x2000bbb0   Data          96  libspace.o(.bss)
    __temporary_stack_top$libspace           0x2000bc10   Data           0  libspace.o(.bss)



==============================================================================

Memory Map of the image

  Image Entry point : 0x08000131

  Load Region LR_IROM1 (Base: 0x08000000, Size: 0x00024c44, Max: 0x00080000, ABSOLUTE, COMPRESSED[0x000241c0])

    Execution Region ER_IROM1 (Base: 0x08000000, Size: 0x00023e80, Max: 0x00080000, ABSOLUTE)

    Base Addr    Size         Type   Attr      Idx    E Section Name        Object

    0x08000000   0x00000130   Data   RO          431    RESET               startup_stm32f10x_hd.o
    0x08000130   0x00000008   Code   RO         1687  * !!!main             c_w.l(__main.o)
    0x08000138   0x00000034   Code   RO         2112    !!!scatter          c_w.l(__scatter.o)
    0x0800016c   0x00000064   Code   RO         2110    !!dclz77c           c_w.l(__dclz77c.o)
    0x080001d0   0x0000001c   Code   RO         2114    !!handler_zi        c_w.l(__scatter_zi.o)
    0x080001ec   0x00000000   Code   RO         1660    .ARM.Collect$$_printf_percent$$00000000  c_w.l(_printf_percent.o)
    0x080001ec   0x00000006   Code   RO         1659    .ARM.Collect$$_printf_percent$$00000005  c_w.l(_printf_g.o)
    0x080001f2   0x00000006   Code   RO         1657    .ARM.Collect$$_printf_percent$$00000008  c_w.l(_printf_i.o)
    0x080001f8   0x00000006   Code   RO         1658    .ARM.Collect$$_printf_percent$$00000009  c_w.l(_printf_d.o)
    0x080001fe   0x00000006   Code   RO         1656    .ARM.Collect$$_printf_percent$$0000000C  c_w.l(_printf_x.o)
    0x08000204   0x00000006   Code   RO         1655    .ARM.Collect$$_printf_percent$$00000014  c_w.l(_printf_s.o)
    0x0800020a   0x00000004   Code   RO         1794    .ARM.Collect$$_printf_percent$$00000017  c_w.l(_printf_percent_end.o)
    0x0800020e   0x00000002   Code   RO         2007    .ARM.Collect$$libinit$$00000000  c_w.l(libinit.o)
    0x08000210   0x00000000   Code   RO         1808    .ARM.Collect$$libinit$$00000002  c_w.l(libinit2.o)
    0x08000210   0x00000000   Code   RO         1810    .ARM.Collect$$libinit$$00000004  c_w.l(libinit2.o)
    0x08000210   0x00000008   Code   RO         1811    .ARM.Collect$$libinit$$00000005  c_w.l(libinit2.o)
    0x08000218   0x00000000   Code   RO         1813    .ARM.Collect$$libinit$$0000000A  c_w.l(libinit2.o)
    0x08000218   0x00000000   Code   RO         1815    .ARM.Collect$$libinit$$0000000C  c_w.l(libinit2.o)
    0x08000218   0x00000000   Code   RO         1817    .ARM.Collect$$libinit$$0000000E  c_w.l(libinit2.o)
    0x08000218   0x00000006   Code   RO         1818    .ARM.Collect$$libinit$$0000000F  c_w.l(libinit2.o)
    0x0800021e   0x00000000   Code   RO         1820    .ARM.Collect$$libinit$$00000011  c_w.l(libinit2.o)
    0x0800021e   0x0000000c   Code   RO         1821    .ARM.Collect$$libinit$$00000012  c_w.l(libinit2.o)
    0x0800022a   0x00000000   Code   RO         1822    .ARM.Collect$$libinit$$00000013  c_w.l(libinit2.o)
    0x0800022a   0x00000000   Code   RO         1824    .ARM.Collect$$libinit$$00000015  c_w.l(libinit2.o)
    0x0800022a   0x0000000a   Code   RO         1825    .ARM.Collect$$libinit$$00000016  c_w.l(libinit2.o)
    0x08000234   0x00000000   Code   RO         1826    .ARM.Collect$$libinit$$00000017  c_w.l(libinit2.o)
    0x08000234   0x00000000   Code   RO         1828    .ARM.Collect$$libinit$$00000019  c_w.l(libinit2.o)
    0x08000234   0x00000000   Code   RO         1830    .ARM.Collect$$libinit$$0000001B  c_w.l(libinit2.o)
    0x08000234   0x00000000   Code   RO         1832    .ARM.Collect$$libinit$$0000001D  c_w.l(libinit2.o)
    0x08000234   0x00000000   Code   RO         1834    .ARM.Collect$$libinit$$0000001F  c_w.l(libinit2.o)
    0x08000234   0x00000000   Code   RO         1836    .ARM.Collect$$libinit$$00000021  c_w.l(libinit2.o)
    0x08000234   0x00000000   Code   RO         1838    .ARM.Collect$$libinit$$00000023  c_w.l(libinit2.o)
    0x08000234   0x00000000   Code   RO         1840    .ARM.Collect$$libinit$$00000025  c_w.l(libinit2.o)
    0x08000234   0x00000000   Code   RO         1844    .ARM.Collect$$libinit$$0000002C  c_w.l(libinit2.o)
    0x08000234   0x00000000   Code   RO         1846    .ARM.Collect$$libinit$$0000002E  c_w.l(libinit2.o)
    0x08000234   0x00000000   Code   RO         1848    .ARM.Collect$$libinit$$00000030  c_w.l(libinit2.o)
    0x08000234   0x00000000   Code   RO         1850    .ARM.Collect$$libinit$$00000032  c_w.l(libinit2.o)
    0x08000234   0x00000002   Code   RO         1851    .ARM.Collect$$libinit$$00000033  c_w.l(libinit2.o)
    0x08000236   0x00000002   Code   RO         2097    .ARM.Collect$$libshutdown$$00000000  c_w.l(libshutdown.o)
    0x08000238   0x00000000   Code   RO         2026    .ARM.Collect$$libshutdown$$00000003  c_w.l(libshutdown2.o)
    0x08000238   0x00000000   Code   RO         2029    .ARM.Collect$$libshutdown$$00000006  c_w.l(libshutdown2.o)
    0x08000238   0x00000000   Code   RO         2032    .ARM.Collect$$libshutdown$$00000009  c_w.l(libshutdown2.o)
    0x08000238   0x00000000   Code   RO         2034    .ARM.Collect$$libshutdown$$0000000B  c_w.l(libshutdown2.o)
    0x08000238   0x00000000   Code   RO         2037    .ARM.Collect$$libshutdown$$0000000E  c_w.l(libshutdown2.o)
    0x08000238   0x00000002   Code   RO         2038    .ARM.Collect$$libshutdown$$0000000F  c_w.l(libshutdown2.o)
    0x0800023a   0x00000000   Code   RO         1749    .ARM.Collect$$rtentry$$00000000  c_w.l(__rtentry.o)
    0x0800023a   0x00000000   Code   RO         1871    .ARM.Collect$$rtentry$$00000002  c_w.l(__rtentry2.o)
    0x0800023a   0x00000006   Code   RO         1883    .ARM.Collect$$rtentry$$00000004  c_w.l(__rtentry4.o)
    0x08000240   0x00000000   Code   RO         1873    .ARM.Collect$$rtentry$$00000009  c_w.l(__rtentry2.o)
    0x08000240   0x00000004   Code   RO         1874    .ARM.Collect$$rtentry$$0000000A  c_w.l(__rtentry2.o)
    0x08000244   0x00000000   Code   RO         1876    .ARM.Collect$$rtentry$$0000000C  c_w.l(__rtentry2.o)
    0x08000244   0x00000008   Code   RO         1877    .ARM.Collect$$rtentry$$0000000D  c_w.l(__rtentry2.o)
    0x0800024c   0x00000002   Code   RO         2012    .ARM.Collect$$rtexit$$00000000  c_w.l(rtexit.o)
    0x0800024e   0x00000000   Code   RO         2054    .ARM.Collect$$rtexit$$00000002  c_w.l(rtexit2.o)
    0x0800024e   0x00000004   Code   RO         2055    .ARM.Collect$$rtexit$$00000003  c_w.l(rtexit2.o)
    0x08000252   0x00000006   Code   RO         2056    .ARM.Collect$$rtexit$$00000004  c_w.l(rtexit2.o)
    0x08000258   0x00000018   Code   RO          594    .emb_text           sys.o
    0x08000270   0x00000000   Code   RO         1892    .emb_text           c_w.l(maybetermalloc1.o)
    0x08000270   0x0000000c   Code   RO            1    .text               main.o
    0x0800027c   0x00000018   Code   RO          368    .text               stm32f10x_it.o
    0x08000294   0x000001e0   Code   RO          400    .text               system_stm32f10x.o
    0x08000474   0x00000040   Code   RO          432    .text               startup_stm32f10x_hd.o
    0x080004b4   0x000000dc   Code   RO          436    .text               misc.o
    0x08000590   0x000000c4   Code   RO          448    .text               stm32f10x_bkp.o
    0x08000654   0x00000254   Code   RO          460    .text               stm32f10x_dma.o
    0x080008a8   0x000005bc   Code   RO          472    .text               stm32f10x_flash.o
    0x08000e64   0x0000035c   Code   RO          484    .text               stm32f10x_gpio.o
    0x080011c0   0x00000040   Code   RO          496    .text               stm32f10x_iwdg.o
    0x08001200   0x000000cc   Code   RO          508    .text               stm32f10x_pwr.o
    0x080012cc   0x000003a4   Code   RO          523    .text               stm32f10x_rcc.o
    0x08001670   0x00000e1a   Code   RO          537    .text               stm32f10x_tim.o
    0x0800248a   0x00000002   PAD
    0x0800248c   0x00000408   Code   RO          549    .text               stm32f10x_usart.o
    0x08002894   0x0000044e   Code   RO          561    .text               stm32f10x_adc.o
    0x08002ce2   0x00000002   PAD
    0x08002ce4   0x00000148   Code   RO          573    .text               stm32f10x_rtc.o
    0x08002e2c   0x00000018   Code   RO          595    .text               sys.o
    0x08002e44   0x00000090   Code   RO          610    .text               timer.o
    0x08002ed4   0x0000026c   Code   RO          625    .text               task_manage.o
    0x08003140   0x00000180   Code   RO          640    .text               system.o
    0x080032c0   0x00000234   Code   RO          652    .text               sys_malloc.o
    0x080034f4   0x000001c8   Code   RO          668    .text               iap.o
    0x080036bc   0x00000148   Code   RO          694    .text               stmflash.o
    0x08003804   0x00000080   Code   RO          713    .text               debug.o
    0x08003884   0x00000944   Code   RO          732    .text               md5.o
    0x080041c8   0x0000003c   Code   RO          747    .text               watchdog.o
    0x08004204   0x00000934   Code   RO          759    .text               sell_app.o
    0x08004b38   0x00000100   Code   RO          781    .text               tempcontrol.o
    0x08004c38   0x0000055c   Code   RO          796    .text               sys_config.o
    0x08005194   0x000004c8   Code   RO          811    .text               sell_history.o
    0x0800565c   0x00000260   Code   RO          827    .text               sellmotor.o
    0x080058bc   0x0000081c   Code   RO          842    .text               motor_drive.o
    0x080060d8   0x00000548   Code   RO          858    .text               motor_gpio.o
    0x08006620   0x00000188   Code   RO          870    .text               analog_signal.o
    0x080067a8   0x00000388   Code   RO          885    .text               digital_signal.o
    0x08006b30   0x000005b8   Code   RO          903    .text               sensor.o
    0x080070e8   0x00000398   Code   RO          922    .text               signal_gpio.o
    0x08007480   0x00000074   Code   RO          946    .text               compressor_control.o
    0x080074f4   0x000005bc   Code   RO          958    .text               cryogen_drive.o
    0x08007ab0   0x00000140   Code   RO          995    .text               led.o
    0x08007bf0   0x00000144   Code   RO         1014    .text               elc_lock.o
    0x08007d34   0x00000900   Code   RO         1029    .text               basic_gate_motor.o
    0x08008634   0x00000264   Code   RO         1048    .text               speed_motor_gpio.o
    0x08008898   0x0000007c   Code   RO         1060    .text               misc_gpio.o
    0x08008914   0x0000044c   Code   RO         1072    .text               rtc.o
    0x08008d60   0x00000390   Code   RO         1089    .text               motor_test.o
    0x080090f0   0x00000b8c   Code   RO         1105    .text               usart.o
    0x08009c7c   0x00000026   Code   RO         1123    .text               misc_control.o
    0x08009ca2   0x00000002   PAD
    0x08009ca4   0x00000074   Code   RO         1135    .text               miscs.o
    0x08009d18   0x00000004   Code   RO         1150    .text               networkmodule_1.o
    0x08009d1c   0x000011f0   Code   RO         1174    .text               at_ec20.o
    0x0800af0c   0x00002a40   Code   RO         1200    .text               cloud_protocol.o
    0x0800d94c   0x00000130   Code   RO         1221    .text               wireless_hardware_interface.o
    0x0800da7c   0x000004fc   Code   RO         1237    .text               wireless_module_init.o
    0x0800df78   0x00001fe4   Code   RO         1256    .text               cjson.o
    0x0800ff5c   0x0000106c   Code   RO         1288    .text               esp32.o
    0x08010fc8   0x000001d8   Code   RO         1304    .text               format.o
    0x080111a0   0x00000478   Code   RO         1321    .text               mqtt_config.o
    0x08011618   0x000003a8   Code   RO         1341    .text               mqtt_connect.o
    0x080119c0   0x000005e0   Code   RO         1356    .text               mqtt_packet.o
    0x08011fa0   0x00000264   Code   RO         1369    .text               mqtt_qos1.o
    0x08012204   0x00000728   Code   RO         1384    .text               mqtt_recive.o
    0x0801292c   0x00000150   Code   RO         1403    .text               mqtt_send.o
    0x08012a7c   0x000001e4   Code   RO         1415    .text               time_stamp.o
    0x08012c60   0x00000006   Code   RO         1429    .text               mqtt_ota_if.o
    0x08012c66   0x00000002   PAD
    0x08012c68   0x000004dc   Code   RO         1447    .text               dgus_recive.o
    0x08013144   0x0000011c   Code   RO         1463    .text               dgus_send.o
    0x08013260   0x00000058   Code   RO         1478    .text               dgus_crc16.o
    0x080132b8   0x00001a90   Code   RO         1492    .text               dgus_app.o
    0x08014d48   0x0000410c   Code   RO         1508    .text               dgus_control.o
    0x08018e54   0x00000002   Code   RO         1526    .text               c_w.l(use_no_semi_2.o)
    0x08018e56   0x0000005e   Code   RO         1534    .text               c_w.l(h1_alloc.o)
    0x08018eb4   0x0000004e   Code   RO         1536    .text               c_w.l(h1_free.o)
    0x08018f02   0x000000b8   Code   RO         1538    .text               c_w.l(h1_realloc.o)
    0x08018fba   0x0000001a   Code   RO         1596    .text               c_w.l(tolower.o)
    0x08018fd4   0x00000018   Code   RO         1598    .text               c_w.l(__2printf.o)
    0x08018fec   0x0000002c   Code   RO         1600    .text               c_w.l(__2sprintf.o)
    0x08019018   0x0000004e   Code   RO         1608    .text               c_w.l(_printf_pad.o)
    0x08019066   0x00000052   Code   RO         1610    .text               c_w.l(_printf_str.o)
    0x080190b8   0x00000078   Code   RO         1612    .text               c_w.l(_printf_dec.o)
    0x08019130   0x00000058   Code   RO         1617    .text               c_w.l(_printf_hex_int.o)
    0x08019188   0x00000138   Code   RO         1647    .text               c_w.l(__printf_flags_wp.o)
    0x080192c0   0x0000003c   Code   RO         1661    .text               c_w.l(__0sscanf.o)
    0x080192fc   0x0000001a   Code   RO         1663    .text               c_w.l(atoi.o)
    0x08019316   0x00000024   Code   RO         1665    .text               c_w.l(strstr.o)
    0x0801933a   0x00000048   Code   RO         1667    .text               c_w.l(strcpy.o)
    0x08019382   0x0000003e   Code   RO         1669    .text               c_w.l(strlen.o)
    0x080193c0   0x00000096   Code   RO         1671    .text               c_w.l(strncmp.o)
    0x08019456   0x00000018   Code   RO         1673    .text               c_w.l(strcat.o)
    0x0801946e   0x0000008a   Code   RO         1675    .text               c_w.l(rt_memcpy_v6.o)
    0x080194f8   0x00000064   Code   RO         1677    .text               c_w.l(rt_memcpy_w.o)
    0x0801955c   0x00000044   Code   RO         1679    .text               c_w.l(rt_memclr.o)
    0x080195a0   0x0000004e   Code   RO         1681    .text               c_w.l(rt_memclr_w.o)
    0x080195ee   0x00000002   PAD
    0x080195f0   0x00000080   Code   RO         1683    .text               c_w.l(strcmpv7m.o)
    0x08019670   0x00000006   Code   RO         1685    .text               c_w.l(heapauxi.o)
    0x08019676   0x00000002   Code   RO         1745    .text               c_w.l(use_no_semi.o)
    0x08019678   0x00000010   Code   RO         1750    .text               c_w.l(rt_ctype_table.o)
    0x08019688   0x00000008   Code   RO         1755    .text               c_w.l(rt_heap_descriptor_intlibspace.o)
    0x08019690   0x00000008   Code   RO         1760    .text               c_w.l(rt_errno_addr_intlibspace.o)
    0x08019698   0x00000004   Code   RO         1762    .text               c_w.l(hguard.o)
    0x0801969c   0x0000008a   Code   RO         1764    .text               c_w.l(init_alloc.o)
    0x08019726   0x0000000e   Code   RO         1768    .text               c_w.l(h1_init.o)
    0x08019734   0x000000b2   Code   RO         1782    .text               c_w.l(_printf_intcommon.o)
    0x080197e6   0x0000041a   Code   RO         1784    .text               c_w.l(_printf_fp_dec.o)
    0x08019c00   0x00000030   Code   RO         1786    .text               c_w.l(_printf_char_common.o)
    0x08019c30   0x0000000a   Code   RO         1788    .text               c_w.l(_sputc.o)
    0x08019c3a   0x0000002c   Code   RO         1790    .text               c_w.l(_printf_char.o)
    0x08019c66   0x00000002   PAD
    0x08019c68   0x00000024   Code   RO         1792    .text               c_w.l(_printf_char_file.o)
    0x08019c8c   0x000004a4   Code   RO         1795    .text               c_w.l(scanf_fp.o)
    0x0801a130   0x0000002c   Code   RO         1797    .text               c_w.l(scanf_char.o)
    0x0801a15c   0x00000040   Code   RO         1799    .text               c_w.l(_sgetc.o)
    0x0801a19c   0x000000a0   Code   RO         1801    .text               c_w.l(strtod.o)
    0x0801a23c   0x00000070   Code   RO         1803    .text               c_w.l(strtol.o)
    0x0801a2ac   0x00000008   Code   RO         1867    .text               c_w.l(libspace.o)
    0x0801a2b4   0x00000008   Code   RO         1888    .text               c_w.l(rt_locale_intlibspace.o)
    0x0801a2bc   0x00000034   Code   RO         1894    .text               c_w.l(h1_extend.o)
    0x0801a2f0   0x0000008a   Code   RO         1898    .text               c_w.l(lludiv10.o)
    0x0801a37a   0x00000012   Code   RO         1900    .text               c_w.l(isspace.o)
    0x0801a38c   0x00000080   Code   RO         1902    .text               c_w.l(_printf_fp_infnan.o)
    0x0801a40c   0x00000374   Code   RO         1906    .text               c_w.l(_scanf.o)
    0x0801a780   0x0000009e   Code   RO         1908    .text               c_w.l(_strtoul.o)
    0x0801a81e   0x00000002   PAD
    0x0801a820   0x000000dc   Code   RO         1910    .text               c_w.l(bigflt0.o)
    0x0801a8fc   0x00000008   Code   RO         1935    .text               c_w.l(ferror.o)
    0x0801a904   0x0000000e   Code   RO         1945    .text               c_w.l(defsig_rtmem_outer.o)
    0x0801a912   0x0000004a   Code   RO         1978    .text               c_w.l(sys_stackheap_outer.o)
    0x0801a95c   0x00000016   Code   RO         1984    .text               c_w.l(_rserrno.o)
    0x0801a972   0x0000001c   Code   RO         1986    .text               c_w.l(_chval.o)
    0x0801a98e   0x00000002   PAD
    0x0801a990   0x00000318   Code   RO         1988    .text               c_w.l(scanf_hexfp.o)
    0x0801aca8   0x00000134   Code   RO         1990    .text               c_w.l(scanf_infnan.o)
    0x0801addc   0x0000000c   Code   RO         1992    .text               c_w.l(exit.o)
    0x0801ade8   0x0000000a   Code   RO         1994    .text               c_w.l(defsig_exit.o)
    0x0801adf2   0x00000002   PAD
    0x0801adf4   0x00000050   Code   RO         1996    .text               c_w.l(defsig_rtmem_inner.o)
    0x0801ae44   0x00000026   Code   RO         2018    .text               c_w.l(llshl.o)
    0x0801ae6a   0x00000032   Code   RO         2022    .text               c_w.l(defsig_general.o)
    0x0801ae9c   0x0000003e   Code   RO         1913    CL$$btod_d2e        c_w.l(btod.o)
    0x0801aeda   0x00000046   Code   RO         1915    CL$$btod_d2e_denorm_low  c_w.l(btod.o)
    0x0801af20   0x00000060   Code   RO         1914    CL$$btod_d2e_norm_op1  c_w.l(btod.o)
    0x0801af80   0x00000338   Code   RO         1923    CL$$btod_div_common  c_w.l(btod.o)
    0x0801b2b8   0x00000054   Code   RO         1921    CL$$btod_e2d        c_w.l(btod.o)
    0x0801b30c   0x000000c6   Code   RO         1920    CL$$btod_e2e        c_w.l(btod.o)
    0x0801b3d2   0x00000028   Code   RO         1917    CL$$btod_ediv       c_w.l(btod.o)
    0x0801b3fa   0x00000028   Code   RO         1919    CL$$btod_edivd      c_w.l(btod.o)
    0x0801b422   0x00000028   Code   RO         1916    CL$$btod_emul       c_w.l(btod.o)
    0x0801b44a   0x00000028   Code   RO         1918    CL$$btod_emuld      c_w.l(btod.o)
    0x0801b472   0x00000244   Code   RO         1922    CL$$btod_mult_common  c_w.l(btod.o)
    0x0801b6b6   0x00000028   Code   RO         1969    i.__ARM_fpclassify  m_ws.l(fpclassify.o)
    0x0801b6de   0x0000000e   Code   RO         2068    i.__mathlib_dbl_overflow  m_ws.l(dunder.o)
    0x0801b6ec   0x00000010   Code   RO         2070    i.__mathlib_dbl_underflow  m_ws.l(dunder.o)
    0x0801b6fc   0x00000010   Code   RO         1971    i.__mathlib_narrow  m_ws.l(narrow.o)
    0x0801b70c   0x00000088   Code   RO         1972    i.__mathlib_tofloat  m_ws.l(narrow.o)
    0x0801b794   0x00000016   Code   RO         2042    i.__support_ldexp   m_ws.l(ldexp.o)
    0x0801b7aa   0x0000000e   Code   RO         1645    i._is_digit         c_w.l(__printf_wp.o)
    0x0801b7b8   0x00000058   Code   RO         2009    i.frexp             m_ws.l(frexp.o)
    0x0801b810   0x00000074   Code   RO         2043    i.ldexp             m_ws.l(ldexp.o)
    0x0801b884   0x0000001c   Code   RO         1742    i.strtod            m_ws.l(strtod.o)
    0x0801b8a0   0x0000002c   Code   RO         1940    locale$$code        c_w.l(lc_ctype_c.o)
    0x0801b8cc   0x0000002c   Code   RO         1943    locale$$code        c_w.l(lc_numeric_c.o)
    0x0801b8f8   0x00000062   Code   RO         1689    x$fpl$d2f           fz_ws.l(d2f.o)
    0x0801b95a   0x00000002   PAD
    0x0801b95c   0x00000010   Code   RO         2062    x$fpl$dcheck1       fz_ws.l(dcheck1.o)
    0x0801b96c   0x00000018   Code   RO         1852    x$fpl$dcmpinf       fz_ws.l(dcmpi.o)
    0x0801b984   0x000002b0   Code   RO         1692    x$fpl$ddiv          fz_ws.l(ddiv.o)
    0x0801bc34   0x00000078   Code   RO         1695    x$fpl$deqf          fz_ws.l(deqf.o)
    0x0801bcac   0x0000005e   Code   RO         1697    x$fpl$dfix          fz_ws.l(dfix.o)
    0x0801bd0a   0x00000002   PAD
    0x0801bd0c   0x0000005a   Code   RO         1701    x$fpl$dfixu         fz_ws.l(dfixu.o)
    0x0801bd66   0x0000002e   Code   RO         1706    x$fpl$dflt          fz_ws.l(dflt_clz.o)
    0x0801bd94   0x00000026   Code   RO         1705    x$fpl$dfltu         fz_ws.l(dflt_clz.o)
    0x0801bdba   0x00000002   PAD
    0x0801bdbc   0x00000078   Code   RO         1711    x$fpl$dleqf         fz_ws.l(dleqf.o)
    0x0801be34   0x00000154   Code   RO         1713    x$fpl$dmul          fz_ws.l(dmul.o)
    0x0801bf88   0x0000009c   Code   RO         1854    x$fpl$dnaninf       fz_ws.l(dnaninf.o)
    0x0801c024   0x0000000c   Code   RO         1856    x$fpl$dretinf       fz_ws.l(dretinf.o)
    0x0801c030   0x0000006c   Code   RO         1715    x$fpl$drleqf        fz_ws.l(drleqf.o)
    0x0801c09c   0x00000056   Code   RO         1717    x$fpl$f2d           fz_ws.l(f2d.o)
    0x0801c0f2   0x00000018   Code   RO         1954    x$fpl$fcmpinf       fz_ws.l(fcmpi.o)
    0x0801c10a   0x00000002   PAD
    0x0801c10c   0x00000184   Code   RO         1720    x$fpl$fdiv          fz_ws.l(fdiv.o)
    0x0801c290   0x0000003e   Code   RO         1723    x$fpl$ffixu         fz_ws.l(ffixu.o)
    0x0801c2ce   0x00000002   PAD
    0x0801c2d0   0x00000030   Code   RO         1728    x$fpl$fflt          fz_ws.l(fflt_clz.o)
    0x0801c300   0x00000068   Code   RO         1858    x$fpl$fleqf         fz_ws.l(fleqf.o)
    0x0801c368   0x00000102   Code   RO         1733    x$fpl$fmul          fz_ws.l(fmul.o)
    0x0801c46a   0x0000008c   Code   RO         1860    x$fpl$fnaninf       fz_ws.l(fnaninf.o)
    0x0801c4f6   0x0000000a   Code   RO         1862    x$fpl$fretinf       fz_ws.l(fretinf.o)
    0x0801c500   0x00000062   Code   RO         1735    x$fpl$frleqf        fz_ws.l(frleqf.o)
    0x0801c562   0x00000004   Code   RO         1737    x$fpl$printf1       fz_ws.l(printf1.o)
    0x0801c566   0x00000064   Code   RO         2104    x$fpl$retnan        fz_ws.l(retnan.o)
    0x0801c5ca   0x0000005c   Code   RO         2039    x$fpl$scalbn        fz_ws.l(scalbn.o)
    0x0801c626   0x00000004   Code   RO         1739    x$fpl$scanf1        fz_ws.l(scanf1.o)
    0x0801c62a   0x00000008   Code   RO         1963    x$fpl$scanf2        fz_ws.l(scanf2.o)
    0x0801c632   0x00000030   Code   RO         2106    x$fpl$trapveneer    fz_ws.l(trapv.o)
    0x0801c662   0x00000000   Code   RO         1864    x$fpl$usenofp       fz_ws.l(usenofp.o)
    0x0801c662   0x000000b6   Data   RO          905    .constdata          sensor.o
    0x0801c718   0x00000018   Data   RO         1074    .constdata          rtc.o
    0x0801c730   0x00000010   Data   RO         1202    .constdata          cloud_protocol.o
    0x0801c740   0x00007454   Data   RO         1306    .constdata          format.o
    0x08023b94   0x00000028   Data   RO         1618    .constdata          c_w.l(_printf_hex_int.o)
    0x08023bbc   0x00000011   Data   RO         1648    .constdata          c_w.l(__printf_flags_wp.o)
    0x08023bcd   0x00000003   PAD
    0x08023bd0   0x00000094   Data   RO         1911    .constdata          c_w.l(bigflt0.o)
    0x08023c64   0x00000050   Data   RO         1176    .conststring        at_ec20.o
    0x08023cb4   0x00000075   Data   RO         1323    .conststring        mqtt_config.o
    0x08023d29   0x00000003   PAD
    0x08023d2c   0x00000020   Data   RO         2108    Region$$Table       anon$$obj.o
    0x08023d4c   0x00000008   Data   RO         1956    c$$dinf             fz_ws.l(fpconst.o)
    0x08023d54   0x00000110   Data   RO         1939    locale$$data        c_w.l(lc_ctype_c.o)
    0x08023e64   0x0000001c   Data   RO         1942    locale$$data        c_w.l(lc_numeric_c.o)


    Execution Region RW_IRAM1 (Base: 0x20000000, Size: 0x0000c210, Max: 0x00010000, ABSOLUTE, COMPRESSED[0x00000340])

    Base Addr    Size         Type   Attr      Idx    E Section Name        Object

    0x20000000   0x00000014   Data   RW          401    .data               system_stm32f10x.o
    0x20000014   0x00000014   Data   RW          524    .data               stm32f10x_rcc.o
    0x20000028   0x00000004   Data   RW          611    .data               timer.o
    0x2000002c   0x00000020   Data   RW          654    .data               sys_malloc.o
    0x2000004c   0x0000000c   Data   RW          670    .data               iap.o
    0x20000058   0x00000004   Data   RW          714    .data               debug.o
    0x2000005c   0x00000040   Data   RW          733    .data               md5.o
    0x2000009c   0x0000012e   Data   RW          761    .data               sell_app.o
    0x200001ca   0x00000002   PAD
    0x200001cc   0x00000398   Data   RW          797    .data               sys_config.o
    0x20000564   0x00000003   Data   RW          813    .data               sell_history.o
    0x20000567   0x00000003   Data   RW          844    .data               motor_drive.o
    0x2000056a   0x00000002   PAD
    0x2000056c   0x00000008   Data   RW          960    .data               cryogen_drive.o
    0x20000574   0x00000009   Data   RW          997    .data               led.o
    0x2000057d   0x0000000c   Data   RW         1015    .data               elc_lock.o
    0x20000589   0x00000002   Data   RW         1031    .data               basic_gate_motor.o
    0x2000058b   0x00000001   PAD
    0x2000058c   0x00000002   Data   RW         1075    .data               rtc.o
    0x2000058e   0x00000002   PAD
    0x20000590   0x00000008   Data   RW         1091    .data               motor_test.o
    0x20000598   0x00000008   Data   RW         1136    .data               miscs.o
    0x200005a0   0x00000108   Data   RW         1177    .data               at_ec20.o
    0x200006a8   0x0000023c   Data   RW         1203    .data               cloud_protocol.o
    0x200008e4   0x00000008   Data   RW         1222    .data               wireless_hardware_interface.o
    0x200008ec   0x00000004   Data   RW         1239    .data               wireless_module_init.o
    0x200008f0   0x00000014   Data   RW         1258    .data               cjson.o
    0x20000904   0x000000a4   Data   RW         1290    .data               esp32.o
    0x200009a8   0x00000008   Data   RW         1307    .data               format.o
    0x200009b0   0x00000018   Data   RW         1324    .data               mqtt_config.o
    0x200009c8   0x00000015   Data   RW         1342    .data               mqtt_connect.o
    0x200009dd   0x00000001   PAD
    0x200009de   0x00000002   Data   RW         1357    .data               mqtt_packet.o
    0x200009e0   0x000000b0   Data   RW         1370    .data               mqtt_qos1.o
    0x20000a90   0x00000084   Data   RW         1386    .data               mqtt_recive.o
    0x20000b14   0x00000008   Data   RW         1416    .data               time_stamp.o
    0x20000b1c   0x00000054   Data   RW         1449    .data               dgus_recive.o
    0x20000b70   0x00000200   Data   RW         1479    .data               dgus_crc16.o
    0x20000d70   0x0000004a   Data   RW         1494    .data               dgus_app.o
    0x20000dba   0x0000000a   Data   RW         1510    .data               dgus_control.o
    0x20000dc4   0x00000258   Zero   RW          626    .bss                task_manage.o
    0x2000101c   0x00005280   Zero   RW          653    .bss                sys_malloc.o
    0x2000629c   0x00000800   Zero   RW          669    .bss                iap.o
    0x20006a9c   0x00000800   Zero   RW          695    .bss                stmflash.o
    0x2000729c   0x00000004   PAD
    0x200072a0   0x000002f6   Zero   RW          760    .bss                sell_app.o
    0x20007596   0x00000024   Zero   RW          782    .bss                tempcontrol.o
    0x200075ba   0x00000040   Zero   RW          812    .bss                sell_history.o
    0x200075fa   0x00000002   PAD
    0x200075fc   0x00000138   Zero   RW          828    .bss                sellmotor.o
    0x20007734   0x000002d8   Zero   RW          843    .bss                motor_drive.o
    0x20007a0c   0x0000003c   Zero   RW          871    .bss                analog_signal.o
    0x20007a48   0x000005c0   Zero   RW          886    .bss                digital_signal.o
    0x20008008   0x00000084   Zero   RW          904    .bss                sensor.o
    0x2000808c   0x0000001a   Zero   RW          959    .bss                cryogen_drive.o
    0x200080a6   0x0000000c   Zero   RW          996    .bss                led.o
    0x200080b2   0x00000028   Zero   RW         1030    .bss                basic_gate_motor.o
    0x200080da   0x0000000a   Zero   RW         1073    .bss                rtc.o
    0x200080e4   0x0000000c   Zero   RW         1090    .bss                motor_test.o
    0x200080f0   0x00002c68   Zero   RW         1106    .bss                usart.o
    0x2000ad58   0x000000ec   Zero   RW         1175    .bss                at_ec20.o
    0x2000ae44   0x00000004   PAD
    0x2000ae48   0x000001e8   Zero   RW         1201    .bss                cloud_protocol.o
    0x2000b030   0x00000080   Zero   RW         1238    .bss                wireless_module_init.o
    0x2000b0b0   0x0000000f   Zero   RW         1257    .bss                cjson.o
    0x2000b0bf   0x00000001   PAD
    0x2000b0c0   0x00000134   Zero   RW         1289    .bss                esp32.o
    0x2000b1f4   0x00000014   Zero   RW         1305    .bss                format.o
    0x2000b208   0x0000017c   Zero   RW         1322    .bss                mqtt_config.o
    0x2000b384   0x00000016   Zero   RW         1385    .bss                mqtt_recive.o
    0x2000b39a   0x00000082   Zero   RW         1430    .bss                mqtt_ota_if.o
    0x2000b41c   0x00000200   Zero   RW         1448    .bss                dgus_recive.o
    0x2000b61c   0x00000200   Zero   RW         1464    .bss                dgus_send.o
    0x2000b81c   0x00000294   Zero   RW         1493    .bss                dgus_app.o
    0x2000bab0   0x00000100   Zero   RW         1509    .bss                dgus_control.o
    0x2000bbb0   0x00000060   Zero   RW         1868    .bss                c_w.l(libspace.o)
    0x2000bc10   0x00000200   Zero   RW          430    HEAP                startup_stm32f10x_hd.o
    0x2000be10   0x00000400   Zero   RW          429    STACK               startup_stm32f10x_hd.o


==============================================================================

Image component sizes


      Code (inc. data)   RO Data    RW Data    ZI Data      Debug   Object Name

       392         26          0          0         60       1948   analog_signal.o
      4592        690         80        264        236      11294   at_ec20.o
      2304         42          0          2         40       5921   basic_gate_motor.o
      8164        162          0         20         15      36114   cjson.o
     10816        742         16        572        488      25952   cloud_protocol.o
       116          4          0          0          0       1388   compressor_control.o
         0          0          0          0          0         32   core_cm3.o
      1468         32          0          8         26       7010   cryogen_drive.o
       128         20          0          4          0       3127   debug.o
      6800        288          0         74        660      18977   dgus_app.o
     16652        584          0         10        256      17188   dgus_control.o
        88          8          0        512          0       1697   dgus_crc16.o
      1244        100          0         84        512       8950   dgus_recive.o
       284         10          0          0        512       2129   dgus_send.o
       904         30          0          0       1472       5351   digital_signal.o
       324         20          0         12          0       2718   elc_lock.o
      4204        646          0        164        308       7772   esp32.o
       472         14      29780          8         20       2710   format.o
       456         40          0         12       2048      20906   iap.o
       320         20          0          9         12       2956   led.o
        12          0          0          0          0     306234   main.o
      2372        264          0         64          0       3452   md5.o
       220         22          0          0          0       1973   misc.o
        38          0          0          0          0        791   misc_control.o
       124          8          0          0          0        897   misc_gpio.o
       116          6          0          8          0       1820   miscs.o
      2076         30          0          3        728       7726   motor_drive.o
      1352         70          0          0          0       2219   motor_gpio.o
       912         26          0          8         12       2479   motor_test.o
      1144        120        117         24        380       8994   mqtt_config.o
       936         26          0         21          0       3664   mqtt_connect.o
         6          0          0          0        130       2098   mqtt_ota_if.o
      1504         12          0          2          0       5204   mqtt_packet.o
       612         18          0        176          0       3549   mqtt_qos1.o
      1832         18          0        132         22       8733   mqtt_recive.o
       336         14          0          0          0       2617   mqtt_send.o
         4          0          0          0          0       1343   networkmodule_1.o
      1100         56         24          2         10       4398   rtc.o
      2356         74          0        302        758       6571   sell_app.o
      1224        186          0          3         64       4721   sell_history.o
       608          6          0          0        312       4618   sellmotor.o
      1464         44        182          0        132       9011   sensor.o
       920         72          0          0          0       2632   signal_gpio.o
       612         18          0          0          0       2783   speed_motor_gpio.o
        64         26        304          0       1536        860   startup_stm32f10x_hd.o
      1102         26          0          0          0      11009   stm32f10x_adc.o
       196          8          0          0          0       3636   stm32f10x_bkp.o
       596          8          0          0          0       4502   stm32f10x_dma.o
      1468         34          0          0          0       8206   stm32f10x_flash.o
       860         38          0          0          0       5817   stm32f10x_gpio.o
        24          0          0          0          0       1174   stm32f10x_it.o
        64          6          0          0          0       1353   stm32f10x_iwdg.o
       204         14          0          0          0       2003   stm32f10x_pwr.o
       932         36          0         20          0       9076   stm32f10x_rcc.o
       328          4          0          0          0       2754   stm32f10x_rtc.o
      3610         88          0          0          0      22304   stm32f10x_tim.o
      1032         22          0          0          0       8544   stm32f10x_usart.o
       328         10          0          0       2048       4082   stmflash.o
        48         10          0          0          0       1294   sys.o
      1372         42          0        920          0       9341   sys_config.o
       564         16          0         32      21120       4398   sys_malloc.o
       384         68          0          0          0       1318   system.o
       480         38          0         20          0       1995   system_stm32f10x.o
       620          4          0          0        600       2686   task_manage.o
       256         10          0          0         36       2058   tempcontrol.o
       484          4          0          8          0       2844   time_stamp.o
       144          8          0          4          0       1747   timer.o
      2956        142          0          0      11368       8758   usart.o
        60          6          0          0          0        909   watchdog.o
       304         12          0          8          0       2698   wireless_hardware_interface.o
      1276        108          0          4        128       6764   wireless_module_init.o

    ----------------------------------------------------------------------
    101372       5356      30538       3524      46060     714797   Object Totals
         0          0         32          0          0          0   (incl. Generated)
         8          0          3          8         11          0   (incl. Padding)

    ----------------------------------------------------------------------

      Code (inc. data)   RO Data    RW Data    ZI Data      Debug   Library Member Name

        60          8          0          0          0         84   __0sscanf.o
        24          4          0          0          0         84   __2printf.o
        44          6          0          0          0         84   __2sprintf.o
       100          0          0          0          0          0   __dclz77c.o
         8          0          0          0          0         68   __main.o
       312          4         17          0          0         92   __printf_flags_wp.o
        14          0          0          0          0         68   __printf_wp.o
         0          0          0          0          0          0   __rtentry.o
        12          0          0          0          0          0   __rtentry2.o
         6          0          0          0          0          0   __rtentry4.o
        52          8          0          0          0          0   __scatter.o
        28          0          0          0          0          0   __scatter_zi.o
        28          0          0          0          0         68   _chval.o
        44          0          0          0          0        108   _printf_char.o
        48          6          0          0          0         96   _printf_char_common.o
        36          4          0          0          0         80   _printf_char_file.o
         6          0          0          0          0          0   _printf_d.o
       120         16          0          0          0         92   _printf_dec.o
      1050          0          0          0          0        216   _printf_fp_dec.o
       128         16          0          0          0         84   _printf_fp_infnan.o
         6          0          0          0          0          0   _printf_g.o
        88          4         40          0          0         88   _printf_hex_int.o
         6          0          0          0          0          0   _printf_i.o
       178          0          0          0          0         88   _printf_intcommon.o
        78          0          0          0          0        108   _printf_pad.o
         0          0          0          0          0          0   _printf_percent.o
         4          0          0          0          0          0   _printf_percent_end.o
         6          0          0          0          0          0   _printf_s.o
        82          0          0          0          0         80   _printf_str.o
         6          0          0          0          0          0   _printf_x.o
        22          0          0          0          0        100   _rserrno.o
       884          6          0          0          0        100   _scanf.o
        64          0          0          0          0         84   _sgetc.o
        10          0          0          0          0         68   _sputc.o
       158          0          0          0          0         92   _strtoul.o
        26          0          0          0          0         80   atoi.o
       220          4        148          0          0         96   bigflt0.o
      2074        132          0          0          0        940   btod.o
        10          0          0          0          0         68   defsig_exit.o
        50          0          0          0          0         88   defsig_general.o
        80         58          0          0          0         76   defsig_rtmem_inner.o
        14          0          0          0          0         80   defsig_rtmem_outer.o
        12          0          0          0          0         72   exit.o
         8          0          0          0          0         68   ferror.o
        94          0          0          0          0         80   h1_alloc.o
        52          0          0          0          0         68   h1_extend.o
        78          0          0          0          0         80   h1_free.o
        14          0          0          0          0         84   h1_init.o
       184          0          0          0          0         92   h1_realloc.o
         6          0          0          0          0        152   heapauxi.o
         4          0          0          0          0        136   hguard.o
       138          0          0          0          0        168   init_alloc.o
        18          0          0          0          0         76   isspace.o
        44         10        272          0          0         76   lc_ctype_c.o
        44         10         28          0          0         76   lc_numeric_c.o
         2          0          0          0          0          0   libinit.o
        38          0          0          0          0          0   libinit2.o
         2          0          0          0          0          0   libshutdown.o
         2          0          0          0          0          0   libshutdown2.o
         8          4          0          0         96         68   libspace.o
        38          0          0          0          0         68   llshl.o
       138          0          0          0          0         80   lludiv10.o
         0          0          0          0          0          0   maybetermalloc1.o
        16          4          0          0          0         76   rt_ctype_table.o
         8          4          0          0          0         68   rt_errno_addr_intlibspace.o
         8          4          0          0          0         68   rt_heap_descriptor_intlibspace.o
         8          4          0          0          0         68   rt_locale_intlibspace.o
        68          0          0          0          0         68   rt_memclr.o
        78          0          0          0          0         80   rt_memclr_w.o
       138          0          0          0          0         68   rt_memcpy_v6.o
       100          0          0          0          0         80   rt_memcpy_w.o
         2          0          0          0          0          0   rtexit.o
        10          0          0          0          0          0   rtexit2.o
        44          8          0          0          0         84   scanf_char.o
      1188         12          0          0          0        148   scanf_fp.o
       792         14          0          0          0        100   scanf_hexfp.o
       308         16          0          0          0        100   scanf_infnan.o
        24          0          0          0          0         68   strcat.o
       128          0          0          0          0         68   strcmpv7m.o
        72          0          0          0          0         80   strcpy.o
        62          0          0          0          0         76   strlen.o
       150          0          0          0          0         80   strncmp.o
        36          0          0          0          0         80   strstr.o
       160         12          0          0          0        120   strtod.o
       112          0          0          0          0         88   strtol.o
        74          0          0          0          0         80   sys_stackheap_outer.o
        26          0          0          0          0         76   tolower.o
         2          0          0          0          0         68   use_no_semi.o
         2          0          0          0          0         68   use_no_semi_2.o
        98          4          0          0          0         92   d2f.o
        16          4          0          0          0         68   dcheck1.o
        24          0          0          0          0         68   dcmpi.o
       688        140          0          0          0        208   ddiv.o
       120          4          0          0          0         92   deqf.o
        94          4          0          0          0         92   dfix.o
        90          4          0          0          0         92   dfixu.o
        84          0          0          0          0        136   dflt_clz.o
       120          4          0          0          0         92   dleqf.o
       340         12          0          0          0        104   dmul.o
       156          4          0          0          0         92   dnaninf.o
        12          0          0          0          0         68   dretinf.o
       108          0          0          0          0         80   drleqf.o
        86          4          0          0          0         84   f2d.o
        24          0          0          0          0         68   fcmpi.o
       388         76          0          0          0         96   fdiv.o
        62          4          0          0          0         84   ffixu.o
        48          0          0          0          0         68   fflt_clz.o
       104          4          0          0          0         84   fleqf.o
       258          4          0          0          0         84   fmul.o
       140          4          0          0          0         84   fnaninf.o
         0          0          8          0          0          0   fpconst.o
        10          0          0          0          0         68   fretinf.o
        98          0          0          0          0         68   frleqf.o
         4          0          0          0          0         68   printf1.o
       100          0          0          0          0         68   retnan.o
        92          0          0          0          0         68   scalbn.o
         4          0          0          0          0         68   scanf1.o
         8          0          0          0          0         84   scanf2.o
        48          0          0          0          0         68   trapv.o
         0          0          0          0          0          0   usenofp.o
        30          6          0          0          0        136   dunder.o
        40          0          0          0          0         68   fpclassify.o
        88          8          0          0          0         76   frexp.o
       138          0          0          0          0        160   ldexp.o
       152          4          0          0          0        168   narrow.o
        28          0          0          0          0         80   strtod.o

    ----------------------------------------------------------------------
     14646        672        516          0         96      10048   Library Totals
        20          0          3          0          0          0   (incl. Padding)

    ----------------------------------------------------------------------

      Code (inc. data)   RO Data    RW Data    ZI Data      Debug   Library Name

     10726        378        505          0         96       6864   c_w.l
      3424        276          8          0          0       2496   fz_ws.l
       476         18          0          0          0        688   m_ws.l

    ----------------------------------------------------------------------
     14646        672        516          0         96      10048   Library Totals

    ----------------------------------------------------------------------

==============================================================================


      Code (inc. data)   RO Data    RW Data    ZI Data      Debug   

    116018       6028      31054       3524      46156     710385   Grand Totals
    116018       6028      31054        832      46156     710385   ELF Image Totals (compressed)
    116018       6028      31054        832          0          0   ROM Totals

==============================================================================

    Total RO  Size (Code + RO Data)               147072 ( 143.63kB)
    Total RW  Size (RW Data + ZI Data)             49680 (  48.52kB)
    Total ROM Size (Code + RO Data + RW Data)     147904 ( 144.44kB)

==============================================================================

