目标录音：22 条，已完成 0 条
[1/22] 7759098 已保存 | AI场景落地方法分享 | 原文 1065 段
[2/22] 7676884 已保存 | 一堂-AI数据必修课 | 原文 668 段
[3/22] 7672148 已保存 | AI数据第一课闲聊篇.mp4 | 原文 438 段
[4/22] 7356146 已保存 | 一堂-AI工具应用AMA | 原文 1423 段
[5/22] 6951012 已保存 | 一堂-课程地图精华串讲 | 原文 1858 段
[6/22] 6311449 已保存 | 一堂-商业项目宣讲会 | 原文 2312 段
[7/22] 5702796 已保存 | AI内容生产案例分享 | 原文 696 段
[8/22] 5640705 已保存 | 一堂-公司AI转型 | 原文 86 段
[9/22] 5383332 已保存 | 龙虾-AI原生IM工具演示 | 原文 476 段
[10/22] 5273087 已保存 | 一堂-AI龙虾使用分享 | 原文 816 段
[11/22] 4431344 已保存 | 一堂-AI方法论实践课 | 原文 1500 段
[12/22] 4288010 已保存 | 一堂-AI方法论探索 | 原文 1976 段
[13/22] 4269943 已保存 | 一堂-学员成长分享 | 原文 1303 段
[14/22] 4148886 已保存 | 一堂-线下训战营介绍 | 原文 20 段
[15/22] 4046714 已保存 | 一堂武智院-项目介绍 | 原文 173 段
[16/22] 4044361 已保存 | 唐三超-奶糖项目汇报 | 原文 202 段
[17/22] 4042877 已保存 | 科创号1301-AI应用落地汇报 | 原文 144 段
[18/22] 4033871 已保存 | 无限进步战队-AI内容营销路演 | 原文 226 段
[19/22] 4033525 已保存 | 个人-AI航海成果汇报 | 原文 131 段
[20/22] 4023226 已保存 | AI旋风组-项目介绍 | 原文 188 段
[21/22] 3117385 已保存 | 一堂-AI业务应用分享 | 原文 1776 段
[22/22] 2222280 已保存 | SVID_20250930_190525_1.mp4 | 原文 438 段

完成：成功 22 条，失败 0 条，耗时 166.7s
{
  "done": [
    "7759098",
    "7676884",
    "7672148",
    "7356146",
    "6951012",
    "6311449",
    "5702796",
    "5640705",
    "5383332",
    "5273087",
    "4431344",
    "4288010",
    "4269943",
    "4148886",
    "4046714",
    "4044361",
    "4042877",
    "4033871",
    "4033525",
    "4023226",
    "3117385",
    "2222280"
  ],
  "errors": []
}
