<html>
<body>
<pre>
<h1>礦ision Build Log</h1>
<h2>Tool Versions:</h2>
IDE-Version: μVision V5.15
Copyright (C) 2015 ARM Ltd and ARM Germany GmbH. All rights reserved.
License Information: 11 006, 11, LIC=LSN01-CP9B5-562Q2-9G7IM-FW8Z3-192MZ
 
Tool Versions:
Toolchain:       MDK-ARM Standard  Version: 5.15.0
Toolchain Path:  C:\Keil_v5\ARM\ARMCC\Bin
C Compiler:      Armcc.exe V5.05 update 2 (build 169)
Assembler:       Armasm.exe V5.05 update 2 (build 169)
Linker/Locator:  ArmLink.exe V5.05 update 2 (build 169)
Library Manager: ArmAr.exe V5.05 update 2 (build 169)
Hex Converter:   FromElf.exe V5.05 update 2 (build 169)
CPU DLL:         SARMCM3.DLL V5.15.0
Dialog DLL:      DCM.DLL V1.13.2.0
Target DLL:      Segger\JL2CM3.dll V2.99.15.0
Dialog DLL:      TCM.DLL V1.14.5.0
 
<h2>Project:</h2>
D:\资料\广冷\广冷-代码固件\黄工资料电脑-源码\主控板\V5.0.0（铁科院协议）（基于V4.4.6，新板，ZET7）\BootLoad_v1.2.3\USER\Template.uvprojx
Project File Date:  12/23/2025

<h2>Output:</h2>
*** Using Compiler 'V5.05 update 2 (build 169)', folder: 'C:\Keil_v5\ARM\ARMCC\Bin'
Build target 'Template'
linking...
Program Size: Code=2916 RO-data=2208 RW-data=32 ZI-data=5728  
FromELF: creating hex file...
After Build - User command #1: fromelf --bin --output ..\BootLoad_V1.2.2.bin ..\OBJ\Template.axf
"..\OBJ\Template.axf" - 0 Error(s), 0 Warning(s).

<h2>Collection of Component include folders:</h2>
  D:\资料\广冷\广冷-代码固件\黄工资料电脑-源码\主控板\V5.0.0（铁科院协议）（基于V4.4.6，新板，ZET7）\BootLoad_v1.2.3\USER\RTE
  C:\Keil_v5\ARM\PACK\Keil\STM32F1xx_DFP\1.1.0\Device\Include

<h2>Collection of Component Files used:</h2>
</pre>
</body>
</html>
