#694 复审收口完成。汇报如下：

---

## 终审结论：**PASS，等级 A-**（复审轮 2/3，methodology v2.3）

`queue_transition` 已流转：#694 → `reviewed`（脚本收口 fe62c6041 + 定点收口 e44e449e2）；**#695 产卡单放行留队，排 #692 后由老顽童领取**。

### 复验方式
v2.3 复审对照法：以上轮 FAIL 清单为检查表逐项独立复测（全部一手命令实测，不采信返工自述——O3），未触发整卡重读。全程 ~12 分钟（初审的 4 折）。

### 上轮 4 项缺陷逐项复验（4/4 修复）

| 上轮缺陷 | 独立复验结果【实证 2026-09-09】 |
|:--|:--|
| 🔴P0-1 族清单漏 5+1 张 | 重跑 `grep -rl "AI时代清单体笔记"`=22 文件（去 index=21 张）与 diag 族清单**逐卡零差集**；+段位图 tool=22，+3 邻接卡（find 存在实证）=**25 卡+1 skill 成立**；漏网 6 卡空洞计数复测 44/28/27/23/17/13 全一致 |
| 🟡P1-1 负向判词 2 处不成立 | 产品意识→concept 卡 claim:02 覆盖（回填互链不新产 P0#8）、只记备忘→既有 tool 卡（原则回填+清单随 P1 互链新产）；改判方向与上轮实证一致；「串糖葫芦」L70/L133/L178 精确命中 |
| 🟠P2-1 口径+解压路径 | "25 卡+1 skill" 三处统一（L23/L37/L226）；解压路径第 2 项补 point-title-mechanism |
| 🟠P2-2 #695 标题-表不一致 | 标题“产品意识”已删，与 P1 表 8 行逐行对齐；边界条款 8/9（AI Partner 双源、L1171-1191 主锚归属）落盘；**BODY_SRC_UNKNOWN=0**（上轮建议书指向的误报已按其方向清零） |

**其他硬验证**：本轮新增锚 6/6 sed 回原文命中（口述 L36-40/L622-626/L794-806/L898-934、逐字 L751/L867-877）；两文件 `kdo pre-submit` 实测 PASS（2/2，3 条 WARNING=tags 软期档）；file-flow-check 本单交付物无异常。

### 等级依据
三方法证据链完整+失败模式 ≥3（6 条行号锚）+外部对标完整——达 A 线；扣两处展示层小偏差（执行报告把 3 条 tags 族 WARNING 描述为"tags/reviewed_by"、两周合成口径未注明）→ **A-**。返工方还自沉淀了“负向判词分母完备性”教训，与我初审顿悟“先审范围再审判词”独立收敛——修复质量是主要加分项。

### 残余（记录级，不发卡）
①报告 WARNING 措辞与实测差一位（不影响裁定）②“两周”为合成口径（锚 L622-626 一周两轮+口述 L20“一两周”），老顽童按 #695 条款 5 落字即可。

### 收尾动作
终审记录落任务单（含存在性核查节+欧阳锋侧 kdo query 检索记录 2 条，F-034 一次过）｜diag frontmatter `reviewed_by` 回填｜王语嫣收件箱抄送一行指针｜todos 完工行｜pitfalls 新增 P-48（kdo query 应答被 head 截断，同族第 2 次）｜技能进化日志 1 行｜daily-context 会话 3 已存，`daily-context-save` 自检 **🟡 B 级**。

**会话三问**：①新资产=#694 终审记录+diag/#695 reviewed 收口；②无新阻塞，2 条记录级观察入终审残余风险；③下次记住=“FAIL 期望形态节就是复审检查表”（已入复盘）。收工。
