Background tasks still running after 600s; terminating. Set CLAUDE_CODE_PRINT_BG_WAIT_CEILING_MS=0 to wait indefinitely.
批 1（框架 10 张）生产与门禁进展：

**已完成**
- **领单**：#666 `claimed-laowantong` → `in_progress`（走 queue_transition）
- **10 张框架卡全部产出入库**（30_wiki/frameworks/，status: draft + reviewed_by: 待审，落实 #654 终审 M1 修正）：
  1. framework-ai-business-cognition-system（AI 业务认知系统×真人独立意志，R10-05/09）
  2. framework-timing-not-yet-resource-allocation（重投/保留/停止，R11-07）
  3. framework-client-acceptable-decoupled-delivery（客户能接受什么·解耦交付，R13-04）
  4. framework-embodiment-taste-rule-three-level（体感→审美→规则，R17-03）
  5. framework-knowledge-base-vs-ontology（知识库 vs 本体论，R18-05）
  6. framework-zero-user-immersive-research（零号用户+沉浸式调研，R15-03）
  7. framework-socialization-capability-pyramid（社会化能力金字塔，R16-02，暂挂 human-insights 并附域缺口 ls 锚）
  8. framework-fact-judgment-separation（事实与判断分离，R14-07）
  9. framework-dual-triangle-gap-diagnosis（双三角缺口诊断法，R12-06）
  10. framework-conversion-rate-is-result（转化率是结果不是问题，R10-02）

**门禁实测**
- 三方法：每卡 WebSearch 对标 5-7 独立来源，证据分层标注（L1/摘要级/存疑）
- 解压路径：逐卡 4 条（批 2 件 6 个 id 已预声明进任务单），压缩比 1:4.0 ≥ 1:3
- 知行合一判据：10/10 卡定位声明下第一段
- 引语回验：自查复现门禁逐字比对，两轮修复 29 处（ASR 标注移出引号、拆拼贴、删自拟短语引号、改行号锚），严格自检归零；ASR 校正/存疑全部保留原文+标注
- pre-submit：**10/10 PASS**（2-4 条 WARNING/卡，有警放行；证据落 `60_feedback/tasks/evidence_task666-batch1-presubmit-20260906.md`）
- 互链：死链 0（20 个存量目标卡 id 全部先验证存在；批 2 前向引用改反引号防死链，批 2 产出后建链）
- 交付物已随 20:52 vault 备份全部入仓（L12 ✓）

**进行中**：四路自攻击已派独立实例（写审分离）执行中，报告未回。等攻击报告回来后：修 🔴/🟡 → 补执行报告五字段+存在性核查节 → `complete --evidence` 提审 + L9 双落盘验证 + todos 落账。
