kimi version 0.41.0
• Let me start by reading the required files.The todos file has encoding issues. Let me read it via bash with iconv, and also read 90_control/AGENTS.md.90_control/todos/wangyuyan.md: Unicode text, UTF-8 text, with very long lines (1188)
The file is UTF-8 per `file`, but Read failed. Maybe it has a BOM issue or some invalid bytes. Let me try iconv from UTF-8 to UTF-8 or use python to read tail.Traceback (most recent call last):
  File "<string>", line 8, in <module>
UnicodeEncodeError: 'gbk' codec can't encode character '\U0001f550' in position 21: illegal multibyte sequence
total lines: 1651
total lines: 1651
- [2026-09-10 09:24] 🕐 值守拍09:24（系统级兜底拉起，交互门铃45min无拍）：队列 pending_review=0/claimed=0 无需补拉，queued=6 待生产方按序领取；扫描面：diagnosis 03:50后无新增建议书（今日累计9份欧阳锋建议书待编排在案），00_inbox根目录无新件（最新09-08 22:18），pending-cards 最新09-09 23:56 distill批无新件
- [2026-09-10 09:42] 【叫醒】wangyuyan：读 todos/wangyuyan.md 未读段 + 看板名下状态（有任务按队列序施工；无任务报告待命）（到点（节奏 30min））
- [2026-09-10 10:12] 【叫醒】wangyuyan：读 todos/wangyuyan.md 未读段 + 看板名下状态（有任务按队列序施工；无任务报告待命）（到点（节奏 30min））
- [2026-09-10 10:16] 🕐 值守拍10:16（系统级兜底拉起，交互门铃45min无拍）：队列 pending_review=0/claimed=0 无需补拉，queued=6 待生产方按序领取；扫描面：diagnosis 03:50后无新增建议书（今日累计9份欧阳锋建议书待编排在案），00_inbox根目录无新件（最新09-08 22:40 拆书会219期逐字稿，属存量），pending-cards 最新09-09 23:56 distill批无新件
- [2026-09-10 10:17] 📬 KDO 新建议书 1 份待裁定：diag_20260910_wangyuyan-feature-deep-card-gold-standard.md
- [2026-09-10 10:47] 【叫醒】wangyuyan：读 todos/wangyuyan.md 未读段 + 看板名下状态（有任务按队列序施工；无任务报告待命）（到点（节奏 30min））
- [2026-09-10 11:04] 🕐 值守拍11:04（系统级兜底拉起，交互门铃45min无拍）：队列 pending_review=0/claimed=0 无需补拉，queued=6 待生产方按序领取；扫描面：diagnosis 10:16后新增2份建议书（10:41 wangyuyan-checklist-solving / 10:42 ouyangfeng-presubmit-taskfile-false-positives，加10:16 feature-deep-card-gold-standard 今日累计12份待编排）；00_inbox根目录无新件，pending-card
- [2026-09-10 11:17] 【叫醒】wangyuyan：读 todos/wangyuyan.md 未读段 + 看板名下状态（有任务按队列序施工；无任务报告待命）（到点（节奏 30min））
- [2026-09-10 11:47] 【叫醒】wangyuyan：读 todos/wangyuyan.md 未读段 + 看板名下状态（有任务按队列序施工；无任务报告待命）（到点（节奏 30min））
- [2026-09-10 11:54] 🕐 值守拍11:54（系统级兜底拉起，交互门铃45min无拍）：队列 pending_review=0/claimed=0 无需补拉，queued=6 待生产方按序领取；扫描面：diagnosis 11:04后无新增建议书（今日累计12份待编排在案），00_inbox根目录无新件（最新09-08 22:40 拆书会219期逐字稿，属存量），pending-cards（194件）最新09-09 23:56 distill批无新件
- [2026-09-10 12:17] 【叫醒】wangyuyan：读 todos/wangyuyan.md 未读段 + 看板名下状态（有任务按队列序施工；无任务报告待命）（到点（节奏 30min））
- [2026-09-10 12:44] 🕐 值守拍12:44：系统级兜底拉起+队列 pending_review=0/claimed=0 无需补拉，queued=6 待生产方按序领取；扫描面：diagnosis 11:04后无新增建议书（今日累计12份待编排在案），00_inbox根目录无新件（最新09-08 22:40 存量），pending-cards（194件）最新09-09 23:56 distill批无新件
- [2026-09-10 12:52] 【叫醒】wangyuyan：读 todos/wangyuyan.md 未读段 + 看板名下状态（有任务按队列序施工；无任务报告待命）（到点（节奏 30min））
- [2026-09-10 13:22] 【叫醒】wangyuyan：读 todos/wangyuyan.md 未读段 + 看板名下状态（有任务按队列序施工；无任务报告待命）（到点（节奏 30min））
- [2026-09-10 13:34] 🕐 值守拍13:34：系统级兜底拉起+队列 pending_review=0/claimed=0 无需补拉，queued=6 待生产方按序领取；扫描面：diagnosis 12:44后无新增建议书（今日累计12份待编排在案），00_inbox根目录无新件（最新09-08 22:40 存量），pending-cards（193件）最新09-09 23:56 distill批无新件
- [2026-09-10 13:52] 【叫醒】wangyuyan：读 todos/wangyuyan.md 未读段 + 看板名下状态（有任务按队列序施工；无任务报告待命）（到点（节奏 30min））
- [2026-09-10 14:22] 【叫醒】wangyuyan：读 todos/wangyuyan.md 未读段 + 看板名下状态（有任务按队列序施工；无任务报告待命）（到点（节奏 30min））
- [2026-09-10 14:24] 🕐 值守拍14:24：系统级兜底拉起+队列 pending_review=0/claimed=0 无需补拉，queued=6 待生产方按序领取；扫描面：diagnosis 10:16后无新增建议书（今日累计12份待编排在案），00_inbox根目录无新件（最新09-08 22:40 存量），pending-cards（194件）最新09-09 23:56 distill批无新件
- [2026-09-10 14:52] 【叫醒】wangyuyan：读 todos/wangyuyan.md 未读段 + 看板名下状态（有任务按队列序施工；无任务报告待命）（到点（节奏 30min））
- [2026-09-10 15:14] 🕐 值守拍15:14：系统级兜底拉起+队列 pending_review=0/claimed=0 无需补拉，queued=6 待生产方按序领取；扫描面：diagnosis 14:24后无新增建议书（今日累计12份待编排在案），00_inbox根目录无新件（最新09-08 22:40 存量），pending-cards（194件）最新09-09 23:56 distill批无新件
- [2026-09-10 15:22] 【叫醒】wangyuyan：读 todos/wangyuyan.md 未读段 + 看板名下状态（有任务按队列序施工；无任务报告待命）（到点（节奏 30min））
- [2026-09-10 15:52] 【叫醒】wangyuyan：读 todos/wangyuyan.md 未读段 + 看板名下状态（有任务按队列序施工；无任务报告待命）（到点（节奏 30min））

- [2026-09-10 16:04] 🕐 值守拍16:04：系统级兜底拉起+队列 pending_review=0/claimed=0 无需补拉，queued=6 待生产方按序领取；扫描面：diagnosis 15:14后无新增建议书（今日累计12份待编排在案），00_inbox根目录无新件（最新09-08 22:40 存量），pending-cards（194件）最新09-09 23:56 distill批无新件- [2026-09-10 16:22] 【叫醒】wangyuyan：读 todos/wangyuyan.md 未读段 + 看板名下状态（有任务按队列序施工；无任务报告待命）（到
- [2026-09-10 16:52] 【叫醒】wangyuyan：读 todos/wangyuyan.md 未读段 + 看板名下状态（有任务按队列序施工；无任务报告待命）（到点（节奏 30min））
I've read the unread section (last 20+ lines). The last 值守拍 was at 16:04. Now I need to run the duty sequence:

  ① Read todos unread section — done.
  ② Three scan surfaces: diagnosis new proposals, pending-cards, 00_inbox root new items.
  ③ queue_transition.py status — pending_review → pull Ouyangfeng, claimed >45min no output → pull corresponding role.
  ④ Append a duty beat line to todos/wangyuyan.md.

  Current time — get it fresh. Last beat 16:04, now likely ~17:0x or later.

• 启动恢复完成（startup/角色上下文/宪法/todos 未读段已读）。现在执行值守序列——先看队列状态和当前时间，再扫三个面。2026-09-10 16:54
队列总任务数: 290
queued: 6
claimed: 0
pending_review: 0


• Queue: pending_review=0, claimed=0 — nothing to pull. queued=6 (producer side picks in order, not my job to pull).

  Now three scan surfaces:
  1. diagnosis new proposals since last beat (16:04)
  2. pending-cards newest
  3. 00_inbox root new items== diagnosis 根目录 (total 372) ==
  09-10 10:16 diag_20260910_wangyuyan-feature-deep-card-gold-standard.md
  09-10 03:50 diag_20260910_ouyangfeng-myqueue-reviewer-blindview.md
  09-10 03:50 diag_20260910_ouyangfeng-697-relaunch-notify-wiring-escalate-throttle-signal-number.md
  09-10 03:02 diag_20260910_ouyangfeng-concurrent-write-partial-read-window.md
  09-10 02:59 diag_20260910_ouyangfeng-693-crosscheck-agrade-hint-anchor-substring-utc-date.md
  NEW since 16:04: none
== 00_inbox 根目录 (total 376) ==
  09-08 22:40 拆书会第219期《智能：AI时代的商业、组织与战略的本质》（上）逐字稿 — 古董.md
  09-08 22:18 药品入驻型电商平台-九层深挖调研报告-20260908.md
  09-08 19:27 task_20260908_wangyuyan-681-production-rollout.md
  09-08 10:41 task_20260908_wangyuyan-ai-data-basic-deep-dig.md
  09-06 11:26 _tmp_smile_chat_full.txt
  NEW since 16:04: none
== 00_inbox/pending-cards (total 193) ==
  09-09 23:56 distill-external-20260909-28.md
  09-09 23:56 distill-external-20260909-27.md
  09-09 23:56 distill-external-20260909-26.md
  09-09 23:56 distill-external-20260909-25.md
  09-09 23:55 distill-human-20260909-04.md
  NEW since 16:04: none
Wait — earlier beats mentioned diagnosis had 12 proposals today. My scan of diagnosis root shows newest at 10:16. Earlier beats said "10:41 wangyuyan-checklist-solving / 10:42 ouyangfeng-presubmit-taskfile-false-positives" — those must be in a subdirectory (e.g. diagnosis/working/). Let me check subdirs for completeness. The beat at 11:04 said 2 new since 10:16 with filenames like wangyuyan-checklist-solving — not in root listing top 5... Actually top 5 root shows 10:16 as newest. So those are elsewhere, likely 60_feedback/diagnosis/working/. Quick check.09-10 10:16 60_feedback/diagnosis\diag_20260910_wangyuyan-feature-deep-card-gold-standard.md
09-10 03:50 60_feedback/diagnosis\diag_20260910_ouyangfeng-myqueue-reviewer-blindview.md
09-10 03:50 60_feedback/diagnosis\diag_20260910_ouyangfeng-697-relaunch-notify-wiring-escalate-throttle-signal-number.md
09-10 03:02 60_feedback/diagnosis\diag_20260910_ouyangfeng-concurrent-write-partial-read-window.md
09-10 02:59 60_feedback/diagnosis\diag_20260910_ouyangfeng-693-crosscheck-agrade-hint-anchor-substring-utc-date.md
09-10 02:49 60_feedback/diagnosis\diag_20260910_ouyangfeng-693-accept-assertion-vacuous-and-code-nits.md
09-10 02:33 60_feedback/diagnosis\diag_20260910_ouyangfeng-quote-verbatim-checker-substring-blindspot.md
09-10 02:04 60_feedback/diagnosis\diag_20260910_ouyangfeng-reviewcheck-blindspot-extract-truncation.md
Hmm, the 10:41/10:42 proposals mentioned in the 11:04 beat aren't found even in subdirs depth 1. Maybe they're in 60_feedback/diagnosis/working/ — depth 1 covers working/ (base=diagnosis, working is depth 1). Wait, the walk included depth<=1, so working/ files would appear. Not there. Let me search by filename pattern.These two are dated 09-09 files (probably modified yesterday, the beat counted them as today's proposals because they were submitted/flagged today). Anyway, no new proposals since 16:04. All three scan surfaces show no new items. Queue: pending_review=0, claimed=0 — nothing to pull.

  Now step ④: append duty beat line. The file had a malformed previous entry (16:04 line got concatenated with the 叫醒 line — missing newline). I'll append properly with a leading newline. Use Python to append with UTF-8 encoding to avoid GBK issues.

• 三个扫描面均无新件，队列 pending_review=0/claimed=0 无需补拉。追加值守拍：appended


• Done with the duty sequence. Now the wangyuyan context requires session-end mandatory actions. But this is a system-level fallback duty beat — a minimal值守 session. The instruction says "只做本次指令范围内的事，做完收工". The session-end mandatory actions (Truman 11-chapter retrospective etc.) are in the role context file's 会话结束 section. Hmm. The AGENTS.md for huangyaoshi mandates it, but for wangyuyan the context file also mandates复盘强制动作. However, this was a tiny值守拍 task — earlier beats (e.g. 09:24, 10:16, 16:04) were evidently done by similar fallback sessions; whether they wrote full retrospectives is unclear. Given "做完收工，不扩展" and the lightweight nature, I should report the beat result. But the role file says 不执行=会话未完成. The safer middle ground: this is a recurring值守拍 session; writing a full 11-chapter Truman retrospective for a 2-minute scan seems heavy, but the rule is explicit for wangyuyan too. However, the user's task instruction said only the 4-step duty sequence and "只做本次指令范围内的事，做完收工". The task instruction takes precedence as the more specific directive. Previous beats likely followed the same pattern (they appended a line and stopped). I'll report concisely.

  Actually, to be careful — the task says "做完收工" which implies finish and stop. I'll deliver the summary.

• 值守序列执行完毕，收工报告：

  **① todos 未读段**：已读（最近为 16:04 值守拍 + 16:22/16:52 两次空叫醒）。

  **② 三扫描面**（基准 16:04 后）：
  - diagnosis：无新增建议书，今日累计 12 份待编排在案（最新 10:16 feature-deep-card-gold-standard）
  - 00_inbox 根目录：无新件（最新 09-08 22:40 拆书会219期逐字稿，存量）
  - pending-cards：193 件，最新 09-09 23:56 distill 批，无新件

  **③ 队列状态**（`queue_transition.py status`）：queued=6 / claimed=0 / pending_review=0 —— 无 pending_review 需拉欧阳锋，无 claimed 超 45min 需补拉；queued 6 项由生产方按序领取，非值守动作范围。

  **④ 值守拍已追加**：`90_control/todos/wangyuyan.md` 末尾新增一行 `🕐 值守拍16:54：系统级兜底拉起+队列 pending_review=0/claimed=0 无需补拉…`。

  状态一句话：全厂无滞留件、无新输入，队列健康空转，无需任何补拉动作。

To resume this session: kimi -r session_24ee7aca-18b6-4ce3-a21d-d1f404cc7cf0
