kimi version 0.41.0
• Let me do the startup reads.The todos file isn't valid UTF-8. Try reading via Bash with iconv or check encoding. Also read 90_control/AGENTS.md.90_control/todos/wangyuyan.md: Unicode text, UTF-8 text, with very long lines (1188)
The file is UTF-8 per `file`, but Read failed. Maybe it has invalid bytes or very long lines. iconv GBK failed silently? The command output showed only the `file` result — the iconv tail didn't show. Let me try reading the tail differently, maybe with python handling errors.Traceback (most recent call last):
  File "<string>", line 12, in <module>
UnicodeEncodeError: 'gbk' codec can't encode character '\U0001f550' in position 21: illegal multibyte sequence
DECODE ERROR: 'utf-8' codec can't decode byte 0xe6 in position 112612: invalid continuation byte
total lines: 1648
total lines: 1648
- [2026-09-10 08:34] 🕐 值守拍08:34（系统级兜底拉起，交互门铃45min无拍）：队列 pending_review=0/claimed=0 无需补拉，queued=6 待生产方按序领取；扫描面：diagnosis 03:50后无新增建议书（今日累计9份欧阳锋建议书待编排在案），00_inbox根目录无新件（最新09-08 22:18），pending-cards（194件）最新09-09 23:56无新件
- [2026-09-10 08:42] 【叫醒】wangyuyan：读 todos/wangyuyan.md 未读段 + 看板名下状态（有任务按队列序施工；无任务报告待命）（到点（节奏 30min））
- [2026-09-10 09:12] 【叫醒】wangyuyan：读 todos/wangyuyan.md 未读段 + 看板名下状态（有任务按队列序施工；无任务报告待命）（到点（节奏 30min））
- [2026-09-10 09:24] 🕐 值守拍09:24（系统级兜底拉起，交互门铃45min无拍）：队列 pending_review=0/claimed=0 无需补拉，queued=6 待生产方按序领取；扫描面：diagnosis 03:50后无新增建议书（今日累计9份欧阳锋建议书待编排在案），00_inbox根目录无新件（最新09-08 22:18），pending-cards 最新09-09 23:56 distill批无新件
- [2026-09-10 09:42] 【叫醒】wangyuyan：读 todos/wangyuyan.md 未读段 + 看板名下状态（有任务按队列序施工；无任务报告待命）（到点（节奏 30min））
- [2026-09-10 10:12] 【叫醒】wangyuyan：读 todos/wangyuyan.md 未读段 + 看板名下状态（有任务按队列序施工；无任务报告待命）（到点（节奏 30min））
- [2026-09-10 10:16] 🕐 值守拍10:16（系统级兜底拉起，交互门铃45min无拍）：队列 pending_review=0/claimed=0 无需补拉，queued=6 待生产方按序领取；扫描面：diagnosis 03:50后无新增建议书（今日累计9份欧阳锋建议书待编排在案），00_inbox根目录无新件（最新09-08 22:40 拆书会219期逐字稿，属存量），pending-cards 最新09-09 23:56 distill批无新件
- [2026-09-10 10:17] 📬 KDO 新建议书 1 份待裁定：diag_20260910_wangyuyan-feature-deep-card-gold-standard.md
- [2026-09-10 10:47] 【叫醒】wangyuyan：读 todos/wangyuyan.md 未读段 + 看板名下状态（有任务按队列序施工；无任务报告待命）（到点（节奏 30min））
- [2026-09-10 11:04] 🕐 值守拍11:04（系统级兜底拉起，交互门铃45min无拍）：队列 pending_review=0/claimed=0 无需补拉，queued=6 待生产方按序领取；扫描面：diagnosis 10:16后新增2份建议书（10:41 wangyuyan-checklist-solving / 10:42 ouyangfeng-presubmit-taskfile-false-positives，加10:16 feature-deep-card-gold-standard 今日累计12份待编排）；00_inbox根目录无新件，pending-cards（194件）最新09-09 23:57无新件
- [2026-09-10 11:17] 【叫醒】wangyuyan：读 todos/wangyuyan.md 未读段 + 看板名下状态（有任务按队列序施工；无任务报告待命）（到点（节奏 30min））
- [2026-09-10 11:47] 【叫醒】wangyuyan：读 todos/wangyuyan.md 未读段 + 看板名下状态（有任务按队列序施工；无任务报告待命）（到点（节奏 30min））
- [2026-09-10 11:54] 🕐 值守拍11:54（系统级兜底拉起，交互门铃45min无拍）：队列 pending_review=0/claimed=0 无需补拉，queued=6 待生产方按序领取；扫描面：diagnosis 11:04后无新增建议书（今日累计12份待编排在案），00_inbox根目录无新件（最新09-08 22:40 拆书会219期逐字稿，属存量），pending-cards（194件）最新09-09 23:56 distill批无新件
- [2026-09-10 12:17] 【叫醒】wangyuyan：读 todos/wangyuyan.md 未读段 + 看板名下状态（有任务按队列序施工；无任务报告待命）（到点（节奏 30min））
- [2026-09-10 12:44] 🕐 值守拍12:44：系统级兜底拉起+队列 pending_review=0/claimed=0 无需补拉，queued=6 待生产方按序领取；扫描面：diagnosis 11:04后无新增建议书（今日累计12份待编排在案），00_inbox根目录无新件（最新09-08 22:40 存量），pending-cards（194件）最新09-09 23:56 distill批无新件
- [2026-09-10 12:52] 【叫醒】wangyuyan：读 todos/wangyuyan.md 未读段 + 看板名下状态（有任务按队列序施工；无任务报告待命）（到点（节奏 30min））
- [2026-09-10 13:22] 【叫醒】wangyuyan：读 todos/wangyuyan.md 未读段 + 看板名下状态（有任务按队列序施工；无任务报告待命）（到点（节奏 30min））
- [2026-09-10 13:34] 🕐 值守拍13:34：系统级兜底拉起+队列 pending_review=0/claimed=0 无需补拉，queued=6 待生产方按序领取；扫描面：diagnosis 12:44后无新增建议书（今日累计12份待编排在案），00_inbox根目录无新件（最新09-08 22:40 存量），pending-cards（193件）最新09-09 23:56 distill批无新件
- [2026-09-10 13:52] 【叫醒】wangyuyan：读 todos/wangyuyan.md 未读段 + 看板名下状态（有任务按队列序施工；无任务报告待命）（到点（节奏 30min））
- [2026-09-10 14:22] 【叫醒】wangyuyan：读 todos/wangyuyan.md 未读段 + 看板名下状态（有任务按队列序施工；无任务报告待命）（到点（节奏 30min））
- [2026-09-10 14:24] 🕐 值守拍14:24：系统级兜底拉起+队列 pending_review=0/claimed=0 无需补拉，queued=6 待生产方按序领取；扫描面：diagnosis 10:16后无新增建议书（今日累计12份待编排在案），00_inbox根目录无新件（最新09-08 22:40 存量），pending-cards（194件）最新09-09 23:56 distill批无新件
- [2026-09-10 14:52] 【叫醒】wangyuyan：读 todos/wangyuyan.md 未读段 + 看板名下状态（有任务按队列序施工；无任务报告待命）（到点（节奏 30min））
- [2026-09-10 15:14] 🕐 值守拍15:14：系统级兜底拉起+队列 pending_review=0/claimed=0 无需补拉，queued=6 待生产方按序领取；扫描面：diagnosis 14:24后无新增建议书（今日累计12份待编排在案），00_inbox根目录无新件（最新09-08 22:40 存量），pending-cards（194件）最新09-09 23:56 distill批无新件
- [2026-09-10 15:22] 【叫醒】wangyuyan：读 todos/wangyuyan.md 未读段 + 看板名下状态（有任务按队列序施工；无任务报告待命）（到点（节奏 30min））
- [2026-09-10 15:52] 【叫醒】wangyuyan：读 todos/wangyuyan.md 未读段 + 看板名下状态（有任务按队列序施工；无任务报告待命）（到点（节奏 30min））
Read the constitution (required by instructions). Also unread segment — the last 20 lines I have; the previous 值守拍 was at 15:14. Now I need to do the watchdog sequence:

  ① Read unread segment of todos — done (15:14 was last).
  ② Three scan surfaces: diagnosis new proposals, pending-cards, 00_inbox root new files.
  ③ queue_transition.py status.
  ④ Append 值守拍 line.

  Current time — get from environment. Let me read constitution and run scans in parallel.队列总任务数: 290
queued: 6
claimed: 0
pending_review: 0
---
2026-09-10 16:04
Queue: pending_review=0, claimed=0, queued=6 — nothing to pull.

  Now three scan surfaces:
  1. diagnosis new proposals after 15:14 (last 值守拍)
  2. pending-cards newest file
  3. 00_inbox root new files

  Find paths: diagnosis = 60_feedback/diagnosis/, pending-cards — where? Probably 00_inbox/_vlm_reprocess or some pending-cards dir. Previous log lines mention "pending-cards（194件）最新09-09 23:56 distill批". Let me locate the pending-cards directory.total 4107
-rw-r--r-- 1 Administrator 197121   6777 Sep 10 10:16 diag_20260910_wangyuyan-feature-deep-card-gold-standard.md
-rw-r--r-- 1 Administrator 197121   1274 Sep 10 03:50 diag_20260910_ouyangfeng-myqueue-reviewer-blindview.md
-rw-r--r-- 1 Administrator 197121   2243 Sep 10 03:50 diag_20260910_ouyangfeng-697-relaunch-notify-wiring-escalate-throttle-signal-number.md
-rw-r--r-- 1 Administrator 197121   1860 Sep 10 03:02 diag_20260910_ouyangfeng-concurrent-write-partial-read-window.md
-rw-r--r-- 1 Administrator 197121   3815 Sep 10 02:59 diag_20260910_ouyangfeng-693-crosscheck-agrade-hint-anchor-substring-utc-date.md
-rw-r--r-- 1 Administrator 197121   1520 Sep 10 02:49 diag_20260910_ouyangfeng-693-accept-assertion-vacuous-and-code-nits.md
-rw-r--r-- 1 Administrator 197121   3461 Sep 10 02:33 diag_20260910_ouyangfeng-quote-verbatim-checker-substring-blindspot.md
===
total 107856
drwxr-xr-x 1 Administrator 197121        0 Sep  9 23:56 pending-cards
drwxr-xr-x 1 Administrator 197121        0 Sep  9 08:28 清单式解题练习
drwxr-xr-x 1 Administrator 197121        0 Sep  9 00:31 wechat-collect
drwxr-xr-x 1 Administrator 197121        0 Sep  8 23:06 老朱的个人域
drwxr-xr-x 1 Administrator 197121        0 Sep  8 22:46 拆书-曾鸣《智能策略》-10关键词
-rw-r--r-- 1 Administrator 197121    24378 Sep  8 22:40 拆书会第219期《智能：AI时代的商业、组织与战略的本质》（上）逐字稿 — 古董.md
-rw-r--r-- 1 Administrator 197121    11418 Sep  8 22:18 药品入驻型电商平台-九层深挖调研报告-20260908.md
===
./00_inbox/pending-cards
./60_feedback/pending-wiki-cards
The exit code 2 was from the last ls of nonexistent dirs — fine, I got what I need.

  - diagnosis: newest is 10:16 (feature-deep-card-gold-standard) — no new since 15:14. Wait, the 11:04 值守拍 mentioned 10:41 and 10:42 files... but listing shows newest 10:16. Hmm, the 11:04 line said "10:16后新增2份建议书（10:41 wangyuyan-checklist-solving / 10:42 ouyangfeng-presubmit-taskfile-false-positives" — those aren't in the top listing? Listing only shows head -8. Maybe those files exist but with different names. Let me check for files newer than 15:14 properly with find -newer. Also check the two mentioned files exist.

  - 00_inbox root newest: 09-08 22:40 (file), dirs 09-09 — no new root items since previous beats.
  - pending-cards: newest Sep 9 23:56.

  Verify nothing new in diagnosis after 15:14.===
===
total 784
-rw-r--r-- 1 Administrator 197121  934 Sep  9 23:56 distill-external-20260909-28.md
-rw-r--r-- 1 Administrator 197121 1153 Sep  9 23:56 distill-external-20260909-27.md
194
===
-rw-r--r-- 1 Administrator 197121   3367 Sep  9 10:42 60_feedback/diagnosis/diag_20260909_ouyangfeng-presubmit-taskfile-false-positives.md
-rw-r--r-- 1 Administrator 197121  42437 Sep  9 10:41 60_feedback/diagnosis/diag_20260909_wangyuyan-checklist-solving.md
-rw-r--r-- 1 Administrator 197121   5753 Aug 31 02:09 60_feedback/diagnosis/2026-06-20-kdo-admission-checklist.md
-rw-r--r-- 1 Administrator 197121   6306 Aug 31 02:09 60_feedback/diagnosis/2026-06-13-kdo-admission-checklist.md
All confirmed:
  - diagnosis: nothing new since 15:14 (today's newest 10:16; the 10:41/10:42 files were from Sep 9, already counted).
  - 00_inbox root: nothing new today (latest 09-08 22:40).
  - pending-cards: 194 files, newest 09-09 23:56 distill batch, nothing new.
  - Queue: pending_review=0, claimed=0, queued=6.

  Append 值守拍 line. The file has an invalid byte — I should append with python to avoid corrupting. Use python append in UTF-8.

• All three scan surfaces confirmed quiet. Appending the 值守拍 line:appended


• Done. The session end discipline (Truman 复盘 etc.) is for full work sessions; this is a minimal watchdog beat. The instruction says "只做本次指令范围内的事，做完收工". The mandatory session-end actions per AGENTS.md... but those are heavy. The task instruction itself says do only within scope and wrap up. However, the wangyuyan-context says 复盘强制动作 per session. This is a 值守拍 session — previous 值守拍 beats just appended a line. I'll keep it minimal per instruction "做完收工，不扩展". Actually the startup says 会话结束强制动作. But for a pure watchdog beat, the prior pattern in the todos file shows just one line per beat. The task instruction (from user) takes precedence: "只做本次指令范围内的事，做完收工". I'll report.

  Note: the todos file has a bad byte (position 112612) making it unreadable as strict UTF-8 — worth mentioning as an observation.

• 值守序列执行完毕，结果汇报：

  **① 未读段**：15:14 后仅两条系统叫醒拍（15:22/15:52），无实质任务指派。

  **② 三扫描面**（基准：上拍 15:14）：
  - `60_feedback/diagnosis/`：15:14 后无新增建议书；今日最新 10:16（feature-deep-card-gold-standard），今日累计 12 份待编排在案
  - `00_inbox/` 根目录：今日无新件（最新 09-08 22:40 拆书会 219 期逐字稿，属存量）
  - `00_inbox/pending-cards/`：194 件，最新 09-09 23:56 distill 批，无新件

  **③ 队列状态**（`queue_transition.py status`）：总 290 / queued=6 / claimed=0 / pending_review=0 —— 无 pending_review 需拉欧阳锋，无 claimed 超时需补拉，queued 6 项待生产方按序领取。

  **④ 值守拍已落盘**：`90_control/todos/wangyuyan.md` 追加 `🕐 值守拍16:04` 一行。

  **附带观察**（【实证】，锚点：`90_control/todos/wangyuyan.md` 字节位置 112612 处有非法 UTF-8 字节 0xe6）：todos 文件含一个坏字节，导致标准 UTF-8 读取报错，各角色 Read 该文件会失败。建议列入基建修复清单（我按"只写 todos"纪律未自行修复，未写建议书——如需，下拍补一份最小建议书到 `60_feedback/diagnosis/`）。

  值守拍完成，收工。

To resume this session: kimi -r session_3cbeeeb8-c2dc-4054-9102-2f187dd0c6c0
