kimi version 0.41.0
• Let me start the recovery sequence: read the required files in parallel.The todos file isn't UTF-8. Try iconv via Bash. Also read 90_control/AGENTS.md as required.90_control/todos/wangyuyan.md: Unicode text, UTF-8 text, with very long lines (1188)
The file command says UTF-8. The Read tool failed, maybe due to BOM or some issue? It says "not valid UTF-8 or UTF-16". Possibly it contains invalid UTF-8 bytes somewhere but file thinks it's Unicode. Let me read the tail via bash directly./usr/bin/bash: line 1: iconv: command not found
DECODE ERROR at 112612
Traceback (most recent call last):
  File "<string>", line 12, in <module>
UnicodeEncodeError: 'gbk' codec can't encode character '\U0001f6a8' in position 89: illegal multibyte sequence
total lines: 1629
Decode error at byte 112612 — file has an invalid byte somewhere (probably why Read tool refused). And stdout GBK encoding issue. Use sys.stdout.reconfigure(encoding='utf-8', errors='replace').total lines: 1629
- [2026-09-10 03:42] 【叫醒】wangyuyan：读 todos/wangyuyan.md 未读段 + 看板名下状态（有任务按队列序施工；无任务报告待命）——🚨 待终审挂起超 30min：#697（huangyaoshi 的单，挂审 43min）（到点（节奏 30min））
- [2026-09-10 03:57] ⚖️ KDO 已终审 1 单：#697（待部署/已闭环）
- [2026-09-10 04:12] 【叫醒】wangyuyan：读 todos/wangyuyan.md 未读段 + 看板名下状态（有任务按队列序施工；无任务报告待命）（到点（节奏 30min））
- [2026-09-10 04:24] 🕐 值守拍04:24（系统级兜底拉起，交互门铃45min无拍）：队列 pending_review=0/claimed=0（#697 已于03:57终审闭环）无需补拉，queued=6 待生产方按序领取；扫描面：diagnosis 03:38后新增欧阳锋建议书2份（03:50 myqueue-reviewer-blindview / 697-relaunch-notify-wiring），今日累计9份待编排；00_inbox根目录与pending-cards均无新件（最新09-09 23:56 distill批）
- [2026-09-10 04:42] 【叫醒】wangyuyan：读 todos/wangyuyan.md 未读段 + 看板名下状态（有任务按队列序施工；无任务报告待命）（到点（节奏 30min））
- [2026-09-10 05:12] 【叫醒】wangyuyan：读 todos/wangyuyan.md 未读段 + 看板名下状态（有任务按队列序施工；无任务报告待命）（到点（节奏 30min））
- [2026-09-10 05:15] 🕐 值守拍05:15（系统级兜底拉起，交互门铃45min无拍）：队列 pending_review=0/claimed=0 无需补拉（#697 已于03:57终审闭环），queued=6 待生产方按序领取；扫描面：diagnosis 04:24后无新增建议书（今日累计9份欧阳锋建议书待编排，最新03:50两份在案），00_inbox根目录与pending-cards（200件）3h无新件
- [2026-09-10 05:42] 【叫醒】wangyuyan：读 todos/wangyuyan.md 未读段 + 看板名下状态（有任务按队列序施工；无任务报告待命）（到点（节奏 30min））
- [2026-09-10 06:04] 🕐 值守拍06:04（系统级兜底拉起，交互门铃45min无拍）：队列 pending_review=0/claimed=0 无需补拉，queued=6 待生产方按序领取；扫描面：diagnosis 03:50后无新增建议书（今日累计9份欧阳锋建议书待编排在案），00_inbox根目录3h无新件，pending-cards（194件）最新09-09 23:56无新件
- [2026-09-10 06:12] 【叫醒】wangyuyan：读 todos/wangyuyan.md 未读段 + 看板名下状态（有任务按队列序施工；无任务报告待命）（到点（节奏 30min））
- [2026-09-10 06:42] 【叫醒】wangyuyan：读 todos/wangyuyan.md 未读段 + 看板名下状态（有任务按队列序施工；无任务报告待命）（到点（节奏 30min））
- [2026-09-10 06:54] 🕐 值守拍06:54（系统级兜底拉起，交互门铃45min无拍）：队列 pending_review=0/claimed=0 无需补拉，queued=6 待生产方按序领取；扫描面：diagnosis 03:50后无新增建议书（今日累计9份欧阳锋建议书待编排在案，最新03:50两份myqueue-reviewer-blindview/697-relaunch-notify-wiring），00_inbox根目录3h无新件，pending-cards（200件）最新09-09 23:56无新件
- [2026-09-10 07:12] 【叫醒】wangyuyan：读 todos/wangyuyan.md 未读段 + 看板名下状态（有任务按队列序施工；无任务报告待命）（到点（节奏 30min））
- [2026-09-10 07:42] 【叫醒】wangyuyan：读 todos/wangyuyan.md 未读段 + 看板名下状态（有任务按队列序施工；无任务报告待命）（到点（节奏 30min））
- [2026-09-10 07:45] 🕐 值守拍07:45（系统级兜底拉起，交互门铃45min无拍）：队列 pending_review=0/claimed=0 无需补拉，queued=6 待生产方按序领取；扫描面：diagnosis 03:50后无新增建议书（今日累计9份欧阳锋建议书待编排在案），00_inbox根目录与pending-cards（最新09-09 23:56 distill批）无新件
- [2026-09-10 08:12] 【叫醒】wangyuyan：读 todos/wangyuyan.md 未读段 + 看板名下状态（有任务按队列序施工；无任务报告待命）（到点（节奏 30min））
- [2026-09-10 08:34] 🕐 值守拍08:34（系统级兜底拉起，交互门铃45min无拍）：队列 pending_review=0/claimed=0 无需补拉，queued=6 待生产方按序领取；扫描面：diagnosis 03:50后无新增建议书（今日累计9份欧阳锋建议书待编排在案），00_inbox根目录无新件（最新09-08 22:18），pending-cards（194件）最新09-09 23:56无新件
- [2026-09-10 08:42] 【叫醒】wangyuyan：读 todos/wangyuyan.md 未读段 + 看板名下状态（有任务按队列序施工；无任务报告待命）（到点（节奏 30min））
- [2026-09-10 09:12] 【叫醒】wangyuyan：读 todos/wangyuyan.md 未读段 + 看板名下状态（有任务按队列序施工；无任务报告待命）（到点（节奏 30min））
- [2026-09-10 09:24] 🕐 值守拍09:24（系统级兜底拉起，交互门铃45min无拍）：队列 pending_review=0/claimed=0 无需补拉，queued=6 待生产方按序领取；扫描面：diagnosis 03:50后无新增建议书（今日累计9份欧阳锋建议书待编排在案），00_inbox根目录无新件（最新09-08 22:18），pending-cards 最新09-09 23:56 distill批无新件
- [2026-09-10 09:42] 【叫醒】wangyuyan：读 todos/wangyuyan.md 未读段 + 看板名下状态（有任务按队列序施工；无任务报告待命）（到点（节奏 30min））
- [2026-09-10 10:12] 【叫醒】wangyuyan：读 todos/wangyuyan.md 未读段 + 看板名下状态（有任务按队列序施工；无任务报告待命）（到点（节奏 30min））
The last 值守拍 was 09:24. Now I need to run the duty sequence:

  ① Read unread segment of todos — done (last entries above, up to 10:12 wake-up bell which is the system-level fallback).
  ② Three scan surfaces: diagnosis new proposals since last check (03:50 last noted), pending-cards new files, 00_inbox root new files.
  ③ queue_transition.py status — check pending_review and claimed >45min.
  ④ Append duty line to todos/wangyuyan.md.

  Also check behavior constitution? The instructions say read 90_control/agent-behavior-constitution.md — it's part of 通用纪律. I should read it. Let me do that plus run scans in parallel.

  Get current time first. Run scans:
  - ls -lt 60_feedback/diagnosis/ | head (recent files since 03:50)
  - ls -lt pending-cards — where is pending-cards? Probably 90_control/pending-cards or 00_inbox/pending-cards? Previous notes say "pending-cards（200件）". Let me find it.
  - ls -lt 00_inbox root files only (not dirs).

  And queue status: python 90_control/scripts/queue_transition.py status

• 启动恢复完成。现在执行值守序列——先并行跑宪法阅读 + 三扫描面 + 队列状态：2026-09-10 10:15
--- diagnosis recent ---
total 4099
-rw-r--r-- 1 Administrator 197121   1274 Sep 10 03:50 diag_20260910_ouyangfeng-myqueue-reviewer-blindview.md
-rw-r--r-- 1 Administrator 197121   2243 Sep 10 03:50 diag_20260910_ouyangfeng-697-relaunch-notify-wiring-escalate-throttle-signal-number.md
-rw-r--r-- 1 Administrator 197121   1860 Sep 10 03:02 diag_20260910_ouyangfeng-concurrent-write-partial-read-window.md
-rw-r--r-- 1 Administrator 197121   3815 Sep 10 02:59 diag_20260910_ouyangfeng-693-crosscheck-agrade-hint-anchor-substring-utc-date.md
-rw-r--r-- 1 Administrator 197121   1520 Sep 10 02:49 diag_20260910_ouyangfeng-693-accept-assertion-vacuous-and-code-nits.md
-rw-r--r-- 1 Administrator 197121   3461 Sep 10 02:33 diag_20260910_ouyangfeng-quote-verbatim-checker-substring-blindspot.md
-rw-r--r-- 1 Administrator 197121   1458 Sep 10 02:04 diag_20260910_ouyangfeng-reviewcheck-blindspot-extract-truncation.md
--- 00_inbox root files ---
1788878450.2527998000 2026-09-08 22:40 00_inbox/拆书会第219期《智能：AI时代的商业、组织与战略的本质》（上）逐字稿 — 古董.md
1788877107.0832225000 2026-09-08 22:18 00_inbox/药品入驻型电商平台-九层深挖调研报告-20260908.md
1788866848.6581534000 2026-09-08 19:27 00_inbox/task_20260908_wangyuyan-681-production-rollout.md
1788835290.2336653000 2026-09-08 10:41 00_inbox/task_20260908_wangyuyan-ai-data-basic-deep-dig.md
1788665203.9584685000 2026-09-06 11:26 00_inbox/_tmp_smile_chat_full.txt
--- pending-cards ---
DIR: 00_inbox/pending-cards
total 784
-rw-r--r-- 1 Administrator 197121  934 Sep  9 23:56 distill-external-20260909-28.md
-rw-r--r-- 1 Administrator 197121 1153 Sep  9 23:56 distill-external-20260909-27.md
-rw-r--r-- 1 Administrator 197121 1058 Sep  9 23:56 distill-external-20260909-26.md
队列总任务数: 290
queued: 6
claimed: 0
pending_review: 0


• Find command exit code 1 (probably one of the ls dirs missing) but output is complete. Results:

  - diagnosis: no new proposals after 03:50 (latest two at 03:50 — already noted in previous duty beats)
  - 00_inbox root: newest file 09-08 22:40 (previous note said 09-08 22:18; actually the 拆书会逐字稿 at 22:40 is newer — hmm, previous beat at 09:24 said "00_inbox根目录无新件（最新09-08 22:18）". The 22:40 file existed already on 09-08, so it's not new vs. today. Wait — "新件" means new files since last check. The 22:40 file was there before? Let me check: previous beats recorded "最新09-08 22:18". Was the 22:40 file created between beats? mtime is Sep 8 22:40 — that's 2 days ago. Previous beats might have missed it, or the find counts differently. Either way, it's not new within today's watch (all beats today). It's from Sep 8. Previous beat at 08:34 said "最新09-08 22:18" — so the 22:40 file was overlooked earlier or... Actually 22:40 > 22:18, so the latest is 22:40. It's still from 09-08, before all today's beats. Not a new arrival since last beat (last beat 09:24 today). No new files since.

  Hmm, but to be accurate: the 22:40 file — was it noted before? The 04:24 beat said "00_inbox根目录与pending-cards均无新件（最新09-09 23:56 distill批）". Later beats said inbox root latest 09-08 22:18. The 拆书会逐字稿 at 22:40 exists with mtime Sep 8. Maybe it was added/renamed recently but mtime preserved? Can't tell easily. It's from 09-08 either way, and inbox items are typically picked up by 老顽童 as work material; not part of 补拉 logic unless new since last beat. Since mtime is 09-08, no new件 since last beat.

  - pending-cards: latest 09-09 23:56 distill batch, no new files.
  - queue: queued=6, claimed=0, pending_review=0 → nothing to escalate.

  Also check claimed >45min — claimed=0, so no.

  Step ④: append duty line to todos/wangyuyan.md. Current time 10:15 → call it 10:16. But note the file has an invalid UTF-8 byte at offset 112612 (mid-file). Appending with Write tool may fail since the tool refused to read. Use bash python append in binary mode to avoid encoding issues.

  Line format per instruction: 🕐 值守拍HH:MM：系统级兜底拉起+状态一句话.

  Also, should I check for the encoding issue — maybe mention it. Not in scope to fix.

  Also the 备份避让: current time 10:15, backup at :20/:50 — I'm just appending a line, not stash/worktree ops. Fine.

  Also check queue_transition.py status output more detail? It gave totals. claimed=0 so no need to check details. But maybe list queued items briefly? Not needed — previous beats just said queued=6 待生产方按序领取.

  Append line now.

• 三扫描面 + 队列状态已出，全部无异常。追加值守拍（文件含一个历史坏字节，Read 工具拒读，用 Python 二进制追加规避）：appended OK
队列总任务数: 290
queued: 6
claimed: 0
pending_review: 0


• Duty sequence complete. Report back. Note: the 会话结束强制动作 （复盘 etc.) — the AGENTS.md mandates a Truman retrospective at session end. This is a short duty-beat session; the instruction says "做完收工". The wangyuyan-context also mandates 复盘强制动作. But this was a minimal system-level duty beat. Previous beats (from the log) appear to just append the line without full retrospectives — the pattern shows beats logged only. The user's task instruction ④ only requires the 值守拍 line. I'll follow the task instruction scope ("只做本次指令范围内的事，做完收工"). Report results.

• 值守序列执行完毕。结论如下：

  **① todos 未读段**：最近值守拍 09:24，之后只有两次系统叫醒铃（09:42 / 10:12），无新任务指令。

  **② 三扫描面**（均为存量，无新件）：
  - `60_feedback/diagnosis/`：03:50 后无新增建议书（最新两份 myqueue-reviewer-blindview / 697-relaunch-notify-wiring 已在案，今日累计 9 份欧阳锋建议书待编排）
  - `00_inbox/` 根目录：最新件 09-08 22:40（拆书会 219 期逐字稿，存量）
  - `00_inbox/pending-cards/`：最新 09-09 23:56 distill 批，无新件

  **③ queue_transition.py status**：总 290 单，queued=6 / claimed=0 / pending_review=0——无待终审单需拉欧阳锋，无 claimed 超 45min 挂起单需补拉。queued 6 单待生产方按序领取。

  **④ 值守拍已落盘**：`90_control/todos/wangyuyan.md` 追加 `🕐 值守拍10:16` 一行。

  顺带发现一个小问题（仅记录不处理）：`90_control/todos/wangyuyan.md` 在字节偏移 112612 处有一个非法 UTF-8 字节，导致 Read 工具整个文件拒读（本次用 Python 解码 + 二进制追加绕过）。建议后续由黄药师修一下该坏字节，否则所有依赖 Read 工具的会话都读不了这个文件。

To resume this session: kimi -r session_a7c54527-d098-4307-b46c-8a47fb613812
