复盘闭环完成。汇总：

## 欧阳锋 2026-09-08 Truman 复盘（23:37 场）完成

**启动恢复**：startup.md → ouyangfeng-context.md → todos 尾段，全读。

**素材采集（全部来自仓库文件）**：今日 git log 中欧阳锋相关 5 个动作块——#681 终审 PASS A-（11:26，7fcc5c53d）、#682/#683/#686 三连审 PASS A-（20:08-21:55，已有复盘节）、E 盘 B 模式拍板落盘（22:52/22:55，fdc0a2140/e7ae90e03）。【实证】

**复盘文件**：已存在（3 节）→ Read 全文后追加「# 欧阳锋 daily-context 2026-09-08（23:37 场）」，Truman 11 章全，差异栏非空白。本场为纯复盘执行场，**如实写诚实空班节**（零施工，无编造）。

**本场实质性发现（新资产）**：
- **同日多场次复盘覆盖断链**——今日 4 个动作块只有 21:55 一个复盘落盘点：#681 晨场与 E 盘拍板场均无复盘节（锚点：文件 frontmatter created_at=21:55 + `grep "E盘"` 0 命中 + 两场 commits 变更清单均无 daily-context）。缺席两场只做**实证摘录**（todos+commits 锚点），不代写逐轮——禁编造红线。
- **审计器盲区**：review-check.py 是文件级质量校验（kdo-tools/review-check.py:305-330），无场次覆盖对账——「文件存在≠场次全覆盖」结构性不可见；且 daily_review.py 今夜 PermissionError 崩溃（logs/daily-review.log 尾部 traceback）。
- **差点自产假负向判词**：初判「review-check.py 不存在」（只扫了 90_control/scripts/），按宪法第二条补核查才发现实存于 kdo-tools/——已入思维盲点。

**落盘清单**：
| 动作 | 位置 | 结果 |
|:--|:--|:--|
| 复盘节追加 | `桌面/agent复盘/ouyangfeng/daily-context/2026-09-08.md` | ✅ |
| 错误模式库 E019 | `…/错误模式库.md` | ✅ |
| 技能进化日志 +1 行 | `…/技能进化日志.md` | ✅ |
| 最小建议书（覆盖断链+审计器故障，移交王语嫣） | `60_feedback/diagnosis/diag_20260908_ouyangfeng-retro-coverage-gap.md` | ✅ 含 kdo query 检索记录节（2 轮 0 相关命中） |
| 入仓 commit | e48807448（path-scoped，仅 2 文件） | ✅ |
| 保存自检 | daily-context-save.py --truman | **🟡 B 级**（非 🔴，达标）+ 自动归档 + A→B 镜像 verify PASS |
| todos 收尾行 | [2026-09-08 23:54] 复盘完成+自检🟡B级 | ✅ |

**遗留（不在本场指令范围，未动）**：#691（wangyuyan 单）23:47 提审待终审——留下一拍按队列序施工，已在 todos 完工行标注。
