kimi version 0.39.1
• Let me do startup reads first.

• 先做启动恢复必读。

• Now read todos last 20 lines, check for 2026-09-03 entries, git log, agent-os.md §10.2, existing daily-context file.3b99aff84 2026-09-03 00:50:00 +0800 vault backup: 2026-09-03 00:50:00
c4f89b7bb 2026-09-03 00:47:10 +0800 #620 任务单执行报告节归位（重复标题清理，by huangyaoshi）
964fca727 2026-09-03 00:46:44 +0800 chore(queue): #620 complete by huangyaoshi
7e17f26be 2026-09-03 00:46:34 +0800 #620 实例命名铁律落地：claim 裸名门禁+在途旧名 complete/release 兼容+launcher 裸名+7 回归用例（by huangyaoshi）
ccba74277 2026-09-03 00:46:27 +0800 chore(queue): #624 review by 欧阳锋
c998b39d6 2026-09-03 00:45:54 +0800 chore(queue): #622 review by 欧阳锋
260bf08b1 2026-09-03 00:40:13 +0800 chore(queue): #625 complete by huangyaoshi-kimi
37e4bea1e 2026-09-03 00:40:12 +0800 fix(#625): 执行报告交付物节去掉运行时台账路径反引号（E040 不误判交付物） by huangyaoshi
4cfd64fa2 2026-09-03 00:39:31 +0800 feat(#625): 门禁套件批2——存量大文件清单(17件346.8MB,只出清单不动文件)+执行报告五字段 by huangyaoshi
40ca70154 2026-09-03 00:39:01 +0800 todos+队列：00:40值守拍（双审拉起+回声清）
52a1ff6d7 2026-09-03 00:38:51 +0800 chore(queue): #623 claim by huangyaoshi
8aaf49d20 2026-09-03 00:38:50 +0800 chore(queue): #620 claim by huangyaoshi
14419df03 2026-09-03 00:32:48 +0800 vault backup: 2026-09-03 00:32:48
f26b422b9 2026-09-03 00:29:22 +0800 chore(queue): #624 complete by laowantong-kimi
354d33e72 2026-09-03 00:29:05 +0800 #624 任务单：建模方案+pre-submit输出+五字段执行报告
f5dfb8acf 2026-09-03 00:27:59 +0800 #624 Candy加餐增量补产：ROI搭档春节加课决策case卡（双标注）+GEO七步工具卡+4卡反向补链
3f9190c5b 2026-09-03 00:22:36 +0800 vault backup: 2026-09-03 00:22:36
58c998240 2026-09-03 00:21:06 +0800 chore(queue): #625 claim by huangyaoshi-kimi
5864b51d9 2026-09-03 00:20:00 +0800 vault backup: 2026-09-03 00:20:00
6d2fef8e2 2026-09-03 00:19:17 +0800 chore(queue): #622 complete by huangyaoshi-kimi
0590ab1b2 2026-09-03 00:19:04 +0800 chore(queue): #622 claim by huangyaoshi-kimi
705f947b1 2026-09-03 00:17:20 +0800 rework(#622): 终审FAIL收口——P0入仓实证(20ac959eb已含四件交付)+P1存在性核查节补位 by huangyaoshi
20bd9c763 2026-09-03 00:12:24 +0800 vault backup: 2026-09-03 00:12:24
3207c1d8d 2026-09-03 00:12:06 +0800 编排：#625门禁套件批2立项+#622FAIL返工拉起
32ad337f5 2026-09-03 00:09:17 +0800 chore(queue): #624 claim by laowantong-kimi
dd01d3e44 2026-09-03 00:08:21 +0800 编排：#624 Candy课后加餐增量补产（王语嫣同源误判更正，老朱纠偏成立）
1b8c51348 2026-09-03 00:05:24 +0800 建议书(老顽童): git大文件门禁三层方案立项申请——391MB zip断push 3个月实证+存量46MB mp4漂移预警，待王语嫣裁定 by laowantong
8319b6024 2026-09-03 00:02:04 +0800 vault backup: 2026-09-03 00:02:04
I read 90_control/todos/ouyangfeng.md — need to read 90_control/AGENTS.md? The reminder says read it before making changes in those directories. I'll read it (probably relevant portions). Also read agents/agent-os.md §10.2 (lines ~191-300), check existing daily-context file 2026-09-03.md, and check 错误模式库.md existence. Also task: read the 2026-09-03 dated entries in todos (lines 431-437 show 00:12-00:47 entries). I need full 2026-09-03 entries — search file for "2026-09-03".-rw-r--r-- 1 Administrator 197121  7601 Aug 25 03:13 2026-08-24.md
-rw-r--r-- 1 Administrator 197121 44239 Aug 25 23:40 2026-08-25.md
-rw-r--r-- 1 Administrator 197121 38544 Aug 26 23:59 2026-08-26.md
-rw-r--r-- 1 Administrator 197121 70138 Aug 27 23:48 2026-08-27.md
-rw-r--r-- 1 Administrator 197121 13473 Aug 29 13:12 2026-08-29.md
-rw-r--r-- 1 Administrator 197121 13273 Aug 31 03:14 2026-08-31.md
-rw-r--r-- 1 Administrator 197121 40593 Sep  2 22:17 2026-09-02.md
-rw-r--r-- 1 Administrator 197121  5464 Sep  3 00:49 2026-09-03.md
---
cn-track-archive-20260819
daily-context
friction-log.md
技能进化日志.md
用户反馈档案.md
索引.md
能力雷达图.md
错误模式库.md
The daily-context 2026-09-03.md exists (5464B, written 00:49 — probably an earlier session's context). Task says: append a new section 「# 欧阳锋 daily-context 2026-09-03（00:50 场）」. Read the existing file fully first.

  Also this session is the 00:50 场 — the material: today's entries 431-437 (reviews #622, #624 PASS; #620/#625 pending review were just submitted at 00:47 but this session only does复盘, not reviewing). Wait — the instruction says "只做复盘范围内的事，不扩展其他任务". So we don't review #620/#625. But should I read task sheets' execution reports for the reviewed ones? The material: #622终审, #624终审 done at 00:46 (by a previous instance at 00:46). Actually this 00:50 场 — hmm, the section header says "（00:50 场）" — the current session started ~00:50. So this session itself did no construction; but the instruction says collect today's materials (2026-09-03 entries) which include 00:46 reviews of #622/#624. Those were likely done by the same-instance earlier session or... The daily-context file exists already (00:49 written) — that might be from the 00:46 session. So this 00:50 场 appends a new section covering what happened since — essentially nothing new except this 复盘 session itself? Actually the instruction says: gather materials from today's entries. The 00:50 场 probably has minimal substantive work — possibly "今日无施工" honest idle shift, or it covers the whole day's ouyangfeng activity.

  Let me read the existing file to see what it covers.The existing 2026-09-03.md covers the 第 1 次会话 (00:46 场 — reviews #622, #624). This new section is "00:50 场" — this session. What did this session do? Per the instruction, this headless session: startup recovery, collect materials, write 复盘. The materials show: at 00:47, two new submissions #620, #625 arrived pending review, but the instruction says "只做复盘范围内的事，不扩展其他任务" — so this session does NOT review them. So this 场 has no substantive construction — honest idle shift section ("今日无施工" honest empty-shift). Actually the session did do the 复盘 itself, and collected materials. But no 施工 (no reviews, no task work). Per instruction 3: "无实质产出→如实写「今日无施工」诚实空班节（禁编造，红线）".

  Hmm, but there IS some material: this 场 reviewed materials about #622/#624 already done in prior session (already covered in 第1次会话 section). The new items: #620/#625 arrived at 00:47 pending review — deferred, not in scope. So the 00:50 场 section should honestly state: 本场无施工，仅完成复盘本职（启动恢复+素材搜集+落盘 00:50 场次复盘），#620/#625 挂审待命留给后续值守。

  But wait — should I check whether there are more commits related to ouyangfeng? The git log already showed commits. #620/#625 review commits by 欧阳锋? The log shows "chore(queue): #624 review by 欧阳锋" and "#622 review by 欧阳锋" — those are in the first session. No further 欧阳锋 commits.

  Also need to check: did the 00:50 vault backup commit happen (3b99aff84 00:50:00)? Yes.

  Now write the appended section with Truman 11 chapters. 差异栏 must be non-empty. Since this is an honest idle-shift section, still need 11 chapters with 差异栏 non-blank. Write the section covering: no construction this 场, material collection, boundary discipline (#620/#625 not accepted — out of scope), 复盘 save itself.

  新错误/新坑: nothing new — no new error pattern this session. Skip appending to 错误模式库 (only if new errors). Actually the first session already had a lesson about #433 anchoring — but that was the previous section, not mine to add. Instruction says "新错误/新坑 → 追加错误模式库". This 场 had no new errors. Skip.

  Also per ouyangfeng-context mandatory end actions: update 技能进化日志 (one line) and amnesia recovery anchors if changed. The instruction says "只做复盘范围内的事，不扩展其他任务" but the 复盘 scope per agent-os includes those. Hmm, the user instruction lists steps 1-6 only. The context file's 复盘强制动作 lists 技能进化日志 update. I'll add one line to 技能进化日志 — it's part of the 复盘 mandatory actions. Keep minimal.

  Actually, let me be careful about scope. The user's instruction step 3 says write Truman 11 章. Step 4: error pattern library if new errors. Step 5: save+selfcheck. Step 6: todos line. The context file says 复盘强制动作 includes 技能进化日志 one line. That's within 复盘 discipline. I'll do it quickly — low risk. Let me check the file format first... it's a table with | 日期 | 学到了什么 | 类型 | 来源 |. I'll append one line.

  Note 差异栏 for the 00:50 场: vs 第1次会话（同日凌晨 00:46 场）— the difference: 本场为纯复盘场，无审查施工；新模式=「headless 无会话记忆下的仓库取证式复盘」——素材全部来自 todos/git log，而非会话记忆。That's a genuine difference.

  Write the section now. Also update file frontmatter? The existing file has frontmatter with content_hash etc — the save script will presumably update it. I'll just append the section.

  Then run the save command. Then append todos line with current time. Get current time first — it's ~00:50+. I'll use date from bash when appending.

  Section content — needs ≥1500B for B, ≥3000B for A, blind spots ≥1 (B) / ≥2 with why (A), 差异栏 non-empty, 11 chapters. Also §10.4.1: blind spots/元反思 must record wiki检索 behavior. Since no construction, note: 本场无域知识判断需求，未触发检索；复盘素材取证全部来自仓库文件（todos/git log），未凭记忆下结论 — that satisfies B-level record of检索审视.

  Write it.2026-09-03 00:52
✅ 已保存：C:\Users\Administrator\Desktop\agent复盘\ouyangfeng\daily-context\2026-09-03.md
✅ 已存档：60_feedback\session-archives\2026-09-03\ouyangfeng.md
📋 自检：🟡 B级 📚检索有发现
✅ 事件 #897 已写入: agent=ouyangfeng event=review_saved
🧪 胶囊 L0 已留痕: agent=ouyangfeng event=review_saved
✅ A → B 镜像完成: C:\Users\Administrator\.kdo-memory\L1 → D:\KDO-memory\L1-backup（robocopy /MIR，exit 1）
✅ verify PASS：B 镜像文件 hash 全一致；从 B 打开 integrity=ok 行数 892（A 同 892）
🟡 B级 — acceptable. Now收尾: append line to todos. Also per context mandatory action 0: 技能进化日志 one line. The user instruction says only do 复盘 scope — the 技能进化日志 is part of 复盘强制动作 in context file. I'll add one line quickly. Let me check its format first.

• 自检 🟡 B 级通过。收尾落 todos 行 + 技能进化日志一行。- [2026-09-03 00:53] 复盘完成：00:50 场 Truman 11 章已追加至 daily-context/2026-09-03.md，自检 🟡 B级（诚实空班节：本场无施工，#620/#625 挂审移交下一值守拍）
# 技能进化日志

> 按日期记录每次复盘对自身工作方法的调整。格式：**日期** | Keep | Improve | Add | Stop

## 2026-08-21 正式复盘（#395 补审 + #393 复审闭环）
- **Add**：**声明精确性三连问**——凡"归零/全覆盖/已收口"声明必问：① 怎么数的？② 跳过什么？③ 解析失败的文件呢？（#391 清单口径→#393 回填范围→解析器跳过，三次同族教训）
- **Add**：**REVIEW-PENDING 段内按提审序审、不跳单**——#395 在段里被我跳过（用户提醒）——段机制上线后使用习惯必须同步升级。
- **Add**：**FAIL 期望形态写到"扫描器行为"级**——"全库口径复扫"不够，要写"解析失败卡显式排除另议"——期望形态=下一单验收清单，颗粒度决定闭环轮数。


• 技能进化日志 format is "## 日期 ... - Add/Keep/..." entries. Add a small entry for today. It's 倒序? The file shows 2026-08-21 near top — check ordering: header then 2026-08-21. Per E014, the log is 倒序 (newest at top). Let me check what the most recent date entry is.Latest is 2026-08-21 at top (reverse chronological). Insert a new entry after line 3 (before line 5's ##). Per context file, the format in the mandatory action says "只写一行... 日志是累积的——每次会话加一行". But actual file uses ## sections with bullets. I'll insert a compact one-line-ish section matching file convention.Done. Check: new errors → none this session, so no 错误模式库 append needed (instruction: only when new errors). All steps complete. Summarize + answer the three closing questions per startup.

• 收工。本次（00:50 场）复盘全流程完成：

  **执行摘要**
  - 素材取证：`90_control/todos/ouyangfeng.md` L431-437（今日 7 条）+ `git log --since='2026-09-03 00:00:00'`（30 条 commit）。今日实质施工已在 00:46 场完成：#622（黄药师 graph 哨兵返工）PASS A-、#624（老顽童 Candy 加餐）PASS A-，两份终审记录均已落任务单。
  - 复盘落盘：`agent复盘/ouyangfeng/daily-context/2026-09-03.md` 文末追加「00:50 场」节（Truman 11 章齐全，差异栏非空白）。本场无施工，如实写诚实空班节，未编造产出。
  - 自检：`daily-context-save.py` 输出 **🟡 B级**（达标，无需重写）。
  - 错误模式库：本场无新错误模式，未追加（00:46 场的 #433 锚点教训已由上节记录，不重复入库）。
  - 技能进化日志：已加一行（headless 取证式复盘方法）。
  - 收尾行：todos 已落 `[2026-09-03 00:53] 复盘完成…🟡 B级`。

  **待办移交**：00:47 新提审 #620（黄药师实例命名铁律）、#625（门禁套件批2）挂审未接——超出本次指令范围，归下一值守拍终审。

  **会话三问**：① 新资产=2026-09-03.md 00:50 场复盘节 + 技能进化日志一行；② 新阻塞=无，仅两单挂审待审；③ 下次最需记住=headless 复盘以 git log+todos 为一手真相源，二手复盘文件不作证据。

To resume this session: kimi -r session_d474c8b3-5daa-4555-9919-e1ee9c641e88
