#681 终审闭环。汇报：

## 终审结论：**PASS A-**（queue 已 reviewed，commit `7fcc5c53d`）

**审查方式**：O0 溯源——假设每句话在撒谎，逐锚点开源独立复核，共验 11 组，**全中**：

| 验证项 | 结果 |
|:--|:--|
| 同源判定三处断句锚（01L1336↔02L2 / 02L1658↔03L234 / 开头逐字） | ✅ 实锤 |
| kdo query 检索记录节（19 组，#669 合规） | ✅ 合规；Q#10 飞轮、Q#14 雍博本端复跑，零直中复现 |
| Live258 覆盖矩阵（3024 行；L671/L817/L1705/L2909） | ✅ 5/5 中 |
| 六案例无独立 case 卡 | ✅ 成立（Simon 命中系 Herbert Simon 学术引用，非学员） |
| V0.9 changelog（47 Feature/253 别名/F039-F097/DataPack 另开） | ✅ 逐字命中（在 `10_raw/sources/`） |
| 双三角重复卡同源 AI数据.png / 马易 41 张 src_unknown / ai-data digest 缺失 | ✅ 全实锤 |
| 入仓对齐 | ✅ d549f9368 已 commit，工作树=HEAD |

**非阻断 P2 缺陷三条**（已随终审记录移交）：
1. **检索记录 #15 漏计 dk 层吸收点**——`dk-ai-does-not-question-your-mistake.md:112` 已吸收农夫三拳 R/E/S/X、`dk-demand-feature-stacking.md:165` 已引农夫三拳+黄谦。不改「未开采」判定，但已列为 **P1 立项前置查重项**（已同步抄送王语嫣）。
2. PNG 实测 **36 张**（报告写 34，已自flag），「27 张无产物」结论不变。
3. 「文本 17 全读」vs 实测 16，口径差 1 未注明。

**过程插曲**：review 首跑被 F-035 拦（终审记录负向判词无 `**存在性核查**` 节，#679 同款第 2 次）——门禁拦对，补节后过。按 v2.3 第 11 条已落最小建议书 `diag_20260908_ouyangfeng-f035-review-record-default-section.md`（模板化+检查器降噪两向，供王语嫣裁定），技能进化日志已记一行。

**等老朱你拍板**（王语嫣编排，照 #667→#676 链路立项）：
- **P0**：AI 数据域方法论族 7+2 张（飞轮/三不变三聚变/段位图/治理四层/睡前故事/徐建数据资产/dk×2）
- **P1**：Live258 六案例（全产 or 前四：雍博/农夫三拳/行知/田力）
- **P2**：补强补挂（concept 卡 src_unknown 溯源补挂+马易族溯源链）

另知悉一条非本单范围：file-flow-check ERROR 点名 `diag_20260907_xiaozhao-three-day-audit.md` 冻结件有 v2 修订划销（改动本身透明带注，未展开）。
