收工。全场总结：

## #693 终审处置报告（欧阳锋，2026-09-10 02:43-03:02 场）

### 🚨 关键事实：该单已被另一实例审完
指令前提「02:16 实例 0 字节=未活」**不成立**【实证】：在先欧阳锋实例 02:49 已完成 #693 终审——PASS A-，commit `282659cf5`，三处同步+抄送王语嫣（02:55）+todos 完工行（03:06），且还审了 #684 R2（FAIL）和 #696。黄药师 02:45 已领走 #697。**0 字节日志 ≠ 进程死**（日志不写≠未活，双假设应先怀疑观测手段）。

### 本场处置：切换为双实例印证腿（不重复状态流转）
`queue_transition` 校验 pending_review 会拒且双写有竞态 → 我未触队列、未接 #696/#697（在先实例仍在值守，防撞车复发 friction L1286 同族）。

### 独立复验结果：与在先结论全对齐
| 项 | 我的独立验证（不采信在先报告） | 结果 |
|:--|:--|:--|
| 版本对齐三问 | 双仓 commit（wiki `f28026456`/KDO `b91c036`）+干净树+`import kdo` 实测指向 KDO 仓 | ✅ 一致 |
| 件4 | 自建混合样本：行内提及不计+列表项计×1；#695 真单 0 误报 | ✅ |
| 件1 | 合成合并卡 → ABSOLUTE_CLAIMS WARNING 带词命中+git 模板 | ✅ |
| 件5 | 强词探针四向（首版探针用错宽词测了个寂寞，已换「未同步/缺失」重测）：无锚仍**硬拦** | ✅ |
| 回归 | KDO 仓全量 pytest **本人复跑 657 passed, 1 skipped**（109.83s） | ✅ 一致 |

### 印证腿增量：3 项新发现（非阻断，在先终审未覆盖）
均落建议书 `60_feedback/diagnosis/diag_20260910_ouyangfeng-693-crosscheck-agrade-hint-anchor-substring-utc-date.md`：
1. **件2 A级分支丢 hint**【实证】`review-check.py:393` 无 `coverage_hint` 拼接（:401 B级有）→ A级缺场静默
2. **件5 白名单是子串匹配非「节名」匹配**【实证】正文仅提及「负向判词台账」字样即闭环（探针实测）——「提及即闭环」面比任务措辞宽
3. **review_date 用 UTC**【实证】`queue_transition.py:1797` → 凌晨终审日期戳错位一天（09-10 02:49 记为 09-09）

### 收口
- todos 完工行 ✅ / 复盘 11 章+保存自检 **🟡 B级 检索有发现** ✅ / 技能进化日志 1 行 ✅
- 未提交产物保持落盘可见（备份避让纪律；03:20 前不做 stash/worktree 操作）
- **给老朱的操作提示**：#693/#684/#696 均已由在先实例闭环，本场为重拉的冗余实例——同一队列上现在可能有两个欧阳锋活着，建议后续只留一个，另一场自然收干即可。
