kimi version 0.41.0
• Let me do the startup reads first.- [2026-09-10 09:12] 【叫醒】wangyuyan：读 todos/wangyuyan.md 未读段 + 看板名下状态（有任务按队列序施工；无任务报告待命）（到点（节奏 30min））
- [2026-09-10 09:24] 🕐 值守拍09:24（系统级兜底拉起，交互门铃45min无拍）：队列 pending_review=0/claimed=0 无需补拉，queued=6 待生产方按序领取；扫描面：diagnosis 03:50后无新增建议书（今日累计9份欧阳锋建议书待编排在案），00_inbox根目录无新件（最新09-08 22:18），pending-cards 最新09-09 23:56 distill批无新件
- [2026-09-10 09:42] 【叫醒】wangyuyan：读 todos/wangyuyan.md 未读段 + 看板名下状态（有任务按队列序施工；无任务报告待命）（到点（节奏 30min））
- [2026-09-10 10:12] 【叫醒】wangyuyan：读 todos/wangyuyan.md 未读段 + 看板名下状态（有任务按队列序施工；无任务报告待命）（到点（节奏 30min））
- [2026-09-10 10:16] 🕐 值守拍10:16（系统级兜底拉起，交互门铃45min无拍）：队列 pending_review=0/claimed=0 无需补拉，queued=6 待生产方按序领取；扫描面：diagnosis 03:50后无新增建议书（今日累计9份欧阳锋建议书待编排在案），00_inbox根目录无新件（最新09-08 22:40 拆书会219期逐字稿，属存量），pending-cards 最新09-09 23:56 distill批无新件
- [2026-09-10 10:17] 📬 KDO 新建议书 1 份待裁定：diag_20260910_wangyuyan-feature-deep-card-gold-standard.md
- [2026-09-10 10:47] 【叫醒】wangyuyan：读 todos/wangyuyan.md 未读段 + 看板名下状态（有任务按队列序施工；无任务报告待命）（到点（节奏 30min））
- [2026-09-10 11:04] 🕐 值守拍11:04（系统级兜底拉起，交互门铃45min无拍）：队列 pending_review=0/claimed=0 无需补拉，queued=6 待生产方按序领取；扫描面：diagnosis 10:16后新增2份建议书（10:41 wangyuyan-checklist-solving / 10:42 ouyangfeng-presubmit-taskfile-false-positives，加10:16 feature-deep-card-gold-standard 今日累计12份待编排）；00_inbox根目录无新件，pending-cards（194件）最新09-09 23:57无新件
- [2026-09-10 11:17] 【叫醒】wangyuyan：读 todos/wangyuyan.md 未读段 + 看板名下状态（有任务按队列序施工；无任务报告待命）（到点（节奏 30min））
- [2026-09-10 11:47] 【叫醒】wangyuyan：读 todos/wangyuyan.md 未读段 + 看板名下状态（有任务按队列序施工；无任务报告待命）（到点（节奏 30min））
- [2026-09-10 11:54] 🕐 值守拍11:54（系统级兜底拉起，交互门铃45min无拍）：队列 pending_review=0/claimed=0 无需补拉，queued=6 待生产方按序领取；扫描面：diagnosis 11:04后无新增建议书（今日累计12份待编排在案），00_inbox根目录无新件（最新09-08 22:40 拆书会219期逐字稿，属存量），pending-cards（194件）最新09-09 23:56 distill批无新件
- [2026-09-10 12:17] 【叫醒】wangyuyan：读 todos/wangyuyan.md 未读段 + 看板名下状态（有任务按队列序施工；无任务报告待命）（到点（节奏 30min））
- [2026-09-10 12:44] 🕐 值守拍12:44：系统级兜底拉起+队列 pending_review=0/claimed=0 无需补拉，queued=6 待生产方按序领取；扫描面：diagnosis 11:04后无新增建议书（今日累计12份待编排在案），00_inbox根目录无新件（最新09-08 22:40 存量），pending-cards（194件）最新09-09 23:56 distill批无新件
- [2026-09-10 12:52] 【叫醒】wangyuyan：读 todos/wangyuyan.md 未读段 + 看板名下状态（有任务按队列序施工；无任务报告待命）（到点（节奏 30min））
- [2026-09-10 13:22] 【叫醒】wangyuyan：读 todos/wangyuyan.md 未读段 + 看板名下状态（有任务按队列序施工；无任务报告待命）（到点（节奏 30min））
- [2026-09-10 13:34] 🕐 值守拍13:34：系统级兜底拉起+队列 pending_review=0/claimed=0 无需补拉，queued=6 待生产方按序领取；扫描面：diagnosis 12:44后无新增建议书（今日累计12份待编排在案），00_inbox根目录无新件（最新09-08 22:40 存量），pending-cards（193件）最新09-09 23:56 distill批无新件
- [2026-09-10 13:52] 【叫醒】wangyuyan：读 todos/wangyuyan.md 未读段 + 看板名下状态（有任务按队列序施工；无任务报告待命）（到点（节奏 30min））
- [2026-09-10 14:22] 【叫醒】wangyuyan：读 todos/wangyuyan.md 未读段 + 看板名下状态（有任务按队列序施工；无任务报告待命）（到点（节奏 30min））
- [2026-09-10 14:24] 🕐 值守拍14:24：系统级兜底拉起+队列 pending_review=0/claimed=0 无需补拉，queued=6 待生产方按序领取；扫描面：diagnosis 10:16后无新增建议书（今日累计12份待编排在案），00_inbox根目录无新件（最新09-08 22:40 存量），pending-cards（194件）最新09-09 23:56 distill批无新件
- [2026-09-10 14:52] 【叫醒】wangyuyan：读 todos/wangyuyan.md 未读段 + 看板名下状态（有任务按队列序施工；无任务报告待命）（到点（节奏 30min））
The startup says to also check cron doorbell. But task is the watch sequence. Let me run the three scan surfaces and queue status.

  Steps:
  1. ✅ Read todos unread segment
  2. Three scans: diagnosis new proposals since last beat (last beat 14:24), pending-cards, 00_inbox root new items
  3. queue_transition.py status
  4. Append watch line

  Also read behavior constitution? The instruction says Read 90_control/agent-behavior-constitution.md. That may be long. The general discipline says it's mandatory... "Read 90_control/agent-behavior-constitution.md". Let me do it but maybe just read it. I'll read it to comply.

  Let me run scans in parallel.total 107856
drwxr-xr-x 1 Administrator 197121        0 Sep  9 23:56 pending-cards
drwxr-xr-x 1 Administrator 197121        0 Sep  9 08:28 清单式解题练习
drwxr-xr-x 1 Administrator 197121        0 Sep  9 00:31 wechat-collect
drwxr-xr-x 1 Administrator 197121        0 Sep  8 23:06 老朱的个人域
drwxr-xr-x 1 Administrator 197121        0 Sep  8 22:46 拆书-曾鸣《智能策略》-10关键词
-rw-r--r-- 1 Administrator 197121    24378 Sep  8 22:40 拆书会第219期《智能：AI时代的商业、组织与战略的本质》（上）逐字稿 — 古董.md
-rw-r--r-- 1 Administrator 197121    11418 Sep  8 22:18 药品入驻型电商平台-九层深挖调研报告-20260908.md
---pending-cards---
0
队列总任务数: 290
queued: 6
claimed: 0
pending_review: 0
The reminder says to read 90_control/AGENTS.md before making changes there. I'm about to append a line to 90_control/todos/wangyuyan.md. Let me read 90_control/AGENTS.md (maybe skim).

  Also pending-cards is a directory inside 00_inbox. Let me check its contents count and latest.total 784
-rw-r--r-- 1 Administrator 197121  934 Sep  9 23:56 distill-external-20260909-28.md
-rw-r--r-- 1 Administrator 197121 1153 Sep  9 23:56 distill-external-20260909-27.md
-rw-r--r-- 1 Administrator 197121 1058 Sep  9 23:56 distill-external-20260909-26.md
-rw-r--r-- 1 Administrator 197121  984 Sep  9 23:56 distill-external-20260909-25.md
-rw-r--r-- 1 Administrator 197121 1079 Sep  9 23:55 distill-human-20260909-04.md
count: 194
Also the general discipline says to read the behavior constitution. The instruction says "Read 90_control/agent-behavior-constitution.md". I'll skim it (maybe just first ~60 lines). To comply, read it.

  Queue: claimed=0, pending_review=0 → no need to pull anyone. queued=6, awaiting production per order.

  Scans: diagnosis no new since 14:24 (last beat). 00_inbox root newest 09-08 22:40 (existing stock). pending-cards 194 items, newest 09-09 23:56, no new.

  Now append watch line to todos. Get current time.15:14 2026-09-10
Now append the watch line. Format from previous beats: `[YYYY-MM-DD HH:MM] 🕐 值守拍HH:MM：系统级兜底拉起+状态一句话`.

  Scans summary: diagnosis 14:24 后无新增建议书（今日累计12份待编排在案）；00_inbox 根目录无新件（最新09-08 22:40 存量）；pending-cards（194件）最新09-09 23:56 distill批无新件。队列 pending_review=0/claimed=0，queued=6。- [2026-09-10 14:52] 【叫醒】wangyuyan：读 todos/wangyuyan.md 未读段 + 看板名下状态（有任务按队列序施工；无任务报告待命）（到点（节奏 30min））
- [2026-09-10 15:14] 🕐 值守拍15:14：系统级兜底拉起+队列 pending_review=0/claimed=0 无需补拉，queued=6 待生产方按序领取；扫描面：diagnosis 14:24后无新增建议书（今日累计12份待编排在案），00_inbox根目录无新件（最新09-08 22:40 存量），pending-cards（194件）最新09-09 23:56 distill批无新件
Done with the watch sequence. Report to user concisely.

• 值守序列执行完毕，值守拍已落盘。

  **① 未读段**：自上一拍 14:24 以来仅两条 30min 节奏叫醒，无新任务指派。

  **② 三扫描面**（与上一拍 14:24 对比）：
  - `60_feedback/diagnosis/`：无新增建议书【实证：`find -newermt 14:24` 0 命中】，今日累计 12 份待编排在案
  - `00_inbox/` 根目录：无新件，最新仍为 09-08 22:40 拆书会219期逐字稿（存量）
  - `00_inbox/pending-cards/`：194 件，最新 09-09 23:56 distill 批，无新件

  **③ 队列状态**（`queue_transition.py status`）：queued=6 / claimed=0 / pending_review=0——无 pending_review 无需拉欧阳锋终审，无 claimed 超时无需补拉生产方，queued 6 项待生产方按序领取。

  **④ 值守拍已追加**到 `90_control/todos/wangyuyan.md`（15:14，状态一句话如上）。

  本次值守无事需拉起，工厂处于待命稳态。收工。

To resume this session: kimi -r session_12dcb9f1-5da8-4079-88df-2cb606190a76
