kimi version 0.41.0
• Let me do the startup reads in parallel.The todos file has encoding issue. Let me read 90_control/AGENTS.md and try reading the todos file via bash (iconv or tail).90_control/todos/wangyuyan.md: Unicode text, UTF-8 text, with very long lines (1188)
/usr/bin/bash: line 1: iconv: command not found
File is UTF-8 per `file` but Read tool failed — maybe it has a BOM or NUL or lone CR? Read error said not valid UTF-8 or UTF-16. Could have lone carriage returns. Let me try tail with bash.1623 90_control/todos/wangyuyan.md
gyuyan.md 未读段 + 看板名下状态（有任务按队列序施工；无任务报告待命）——🚨 待终审挂起超 30min：#697（huangyaoshi 的单，挂审 43min）（到点（节奏 30min））
- [2026-09-10 03:57] ⚖️ KDO 已终审 1 单：#697（待部署/已闭环）
- [2026-09-10 04:12] 【叫醒】wangyuyan：读 todos/wangyuyan.md 未读段 + 看板名下状态（有任务按队列序施工；无任务报告待命）（到点（节奏 30min））
- [2026-09-10 04:24] 🕐 值守拍04:24（系统级兜底拉起，交互门铃45min无拍）：队列 pending_review=0/claimed=0（#697 已于03:57终审闭环）无需补拉，queued=6 待生产方按序领取；扫描面：diagnosis 03:38后新增欧阳锋建议书2份（03:50 myqueue-reviewer-blindview / 697-relaunch-notify-wiring），今日累计9份待编排；00_inbox根目录与pending-cards均无新件（最新09-09 23:56 distill批）
- [2026-09-10 04:42] 【叫醒】wangyuyan：读 todos/wangyuyan.md 未读段 + 看板名下状态（有任务按队列序施工；无任务报告待命）（到点（节奏 30min））
- [2026-09-10 05:12] 【叫醒】wangyuyan：读 todos/wangyuyan.md 未读段 + 看板名下状态（有任务按队列序施工；无任务报告待命）（到点（节奏 30min））
- [2026-09-10 05:15] 🕐 值守拍05:15（系统级兜底拉起，交互门铃45min无拍）：队列 pending_review=0/claimed=0 无需补拉（#697 已于03:57终审闭环），queued=6 待生产方按序领取；扫描面：diagnosis 04:24后无新增建议书（今日累计9份欧阳锋建议书待编排，最新03:50两份在案），00_inbox根目录与pending-cards（200件）3h无新件
- [2026-09-10 05:42] 【叫醒】wangyuyan：读 todos/wangyuyan.md 未读段 + 看板名下状态（有任务按队列序施工；无任务报告待命）（到点（节奏 30min））
- [2026-09-10 06:04] 🕐 值守拍06:04（系统级兜底拉起，交互门铃45min无拍）：队列 pending_review=0/claimed=0 无需补拉，queued=6 待生产方按序领取；扫描面：diagnosis 03:50后无新增建议书（今日累计9份欧阳锋建议书待编排在案），00_inbox根目录3h无新件，pending-cards（194件）最新09-09 23:56无新件
- [2026-09-10 06:12] 【叫醒】wangyuyan：读 todos/wangyuyan.md 未读段 + 看板名下状态（有任务按队列序施工；无任务报告待命）（到点（节奏 30min））
- [2026-09-10 06:42] 【叫醒】wangyuyan：读 todos/wangyuyan.md 未读段 + 看板名下状态（有任务按队列序施工；无任务报告待命）（到点（节奏 30min））
- [2026-09-10 06:54] 🕐 值守拍06:54（系统级兜底拉起，交互门铃45min无拍）：队列 pending_review=0/claimed=0 无需补拉，queued=6 待生产方按序领取；扫描面：diagnosis 03:50后无新增建议书（今日累计9份欧阳锋建议书待编排在案，最新03:50两份myqueue-reviewer-blindview/697-relaunch-notify-wiring），00_inbox根目录3h无新件，pending-cards（200件）最新09-09 23:56无新件
- [2026-09-10 07:12] 【叫醒】wangyuyan：读 todos/wangyuyan.md 未读段 + 看板名下状态（有任务按队列序施工；无任务报告待命）（到点（节奏 30min））
- [2026-09-10 07:42] 【叫醒】wangyuyan：读 todos/wangyuyan.md 未读段 + 看板名下状态（有任务按队列序施工；无任务报告待命）（到点（节奏 30min））
- [2026-09-10 07:45] 🕐 值守拍07:45（系统级兜底拉起，交互门铃45min无拍）：队列 pending_review=0/claimed=0 无需补拉，queued=6 待生产方按序领取；扫描面：diagnosis 03:50后无新增建议书（今日累计9份欧阳锋建议书待编排在案），00_inbox根目录与pending-cards（最新09-09 23:56 distill批）无新件
- [2026-09-10 08:12] 【叫醒】wangyuyan：读 todos/wangyuyan.md 未读段 + 看板名下状态（有任务按队列序施工；无任务报告待命）（到点（节奏 30min））
The file seems UTF-8 per file. The Read tool failed — maybe it has an issue; but I got the tail via bash. Unread segment = after the last 值守拍 07:45, which is just the 08:12 叫醒 line. Actually the "未读段" — last 20 lines per instruction. I have the tail.

  Now execute duty sequence:
  ② three scan surfaces: diagnosis new suggestion docs, pending-cards, 00_inbox root new files
  ③ queue_transition.py status

  Current time? Let me get date. Run scans.2026-09-10 08:34
total 4099
-rw-r--r-- 1 Administrator 197121   1274 Sep 10 03:50 diag_20260910_ouyangfeng-myqueue-reviewer-blindview.md
-rw-r--r-- 1 Administrator 197121   2243 Sep 10 03:50 diag_20260910_ouyangfeng-697-relaunch-notify-wiring-escalate-throttle-signal-number.md
-rw-r--r-- 1 Administrator 197121   1860 Sep 10 03:02 diag_20260910_ouyangfeng-concurrent-write-partial-read-window.md
-rw-r--r-- 1 Administrator 197121   3815 Sep 10 02:59 diag_20260910_ouyangfeng-693-crosscheck-agrade-hint-anchor-substring-utc-date.md
-rw-r--r-- 1 Administrator 197121   1520 Sep 10 02:49 diag_20260910_ouyangfeng-693-accept-assertion-vacuous-and-code-nits.md
-rw-r--r-- 1 Administrator 197121   3461 Sep 10 02:33 diag_20260910_ouyangfeng-quote-verbatim-checker-substring-blindspot.md
-rw-r--r-- 1 Administrator 197121   1458 Sep 10 02:04 diag_20260910_ouyangfeng-reviewcheck-blindspot-extract-truncation.md
-rw-r--r-- 1 Administrator 197121   2633 Sep 10 01:59 diag_20260910_ouyangfeng-inventory-parser-multiname-and-690-portable-doc.md
-rw-r--r-- 1 Administrator 197121   2762 Sep 10 01:41 diag_20260910_ouyangfeng-tags-vocab-gate-hard-deadline.md
-rw-r--r-- 1 Administrator 197121   3367 Sep  9 10:42 diag_20260909_ouyangfeng-presubmit-taskfile-false-positives.md
-rw-r--r-- 1 Administrator 197121  42437 Sep  9 10:41 diag_20260909_wangyuyan-checklist-solving.md
total 107856
drwxr-xr-x 1 Administrator 197121        0 Sep  9 23:56 pending-cards
drwxr-xr-x 1 Administrator 197121        0 Sep  9 08:28 清单式解题练习
drwxr-xr-x 1 Administrator 197121        0 Sep  9 00:31 wechat-collect
drwxr-xr-x 1 Administrator 197121        0 Sep  8 23:06 老朱的个人域
drwxr-xr-x 1 Administrator 197121        0 Sep  8 22:46 拆书-曾鸣《智能策略》-10关键词
-rw-r--r-- 1 Administrator 197121    24378 Sep  8 22:40 拆书会第219期《智能：AI时代的商业、组织与战略的本质》（上）逐字稿 — 古董.md
-rw-r--r-- 1 Administrator 197121    11418 Sep  8 22:18 药品入驻型电商平台-九层深挖调研报告-20260908.md
--- pending-cards ---
队列总任务数: 290
queued: 6
claimed: 0
pending_review: 0
Scan surfaces: diagnosis newest is 03:50 (same as last 值守拍 07:45 reported — no new). 00_inbox root: newest file is Sep 8 22:18... but pending-cards dir in 00_inbox updated Sep 9 23:56. Instruction says "pending-cards" — that's 00_inbox/pending-cards. Check its contents' latest mtime quickly. Also queue status: queued=6, claimed=0, pending_review=0 — nothing to pull.

  Let me check pending-cards latest file mtime.194
total 784
-rw-r--r-- 1 Administrator 197121  934 Sep  9 23:56 distill-external-20260909-28.md
-rw-r--r-- 1 Administrator 197121 1153 Sep  9 23:56 distill-external-20260909-27.md
-rw-r--r-- 1 Administrator 197121 1058 Sep  9 23:56 distill-external-20260909-26.md
All three scan surfaces unchanged since last 值守拍 at 07:45 (diagnosis latest 03:50, 00_inbox root latest Sep 8 file / pending-cards 194 files latest 23:56). Queue: queued=6, claimed=0, pending_review=0 — no pull needed.

  Now append the duty beat line to todos/wangyuyan.md. Read tool fails on this file (encoding?). file says UTF-8 with very long lines. The Read failure may be due to some invalid byte. Use bash append.- [2026-09-10 08:12] 【叫醒】wangyuyan：读 todos/wangyuyan.md 未读段 + 看板名下状态（有任务按队列序施工；无任务报告待命）（到点（节奏 30min））
- [2026-09-10 08:34] 🕐 值守拍08:34（系统级兜底拉起，交互门铃45min无拍）：队列 pending_review=0/claimed=0 无需补拉，queued=6 待生产方按序领取；扫描面：diagnosis 03:50后无新增建议书（今日累计9份欧阳锋建议书待编排在案），00_inbox根目录无新件（最新09-08 22:18），pending-cards（194件）最新09-09 23:56无新件
Done. The duty sequence is complete. The task says "只做本次指令范围内的事，做完收工" — the instruction scope is the 值守序列. The 复盘强制动作 (Truman 11章) is for session end per AGENTS.md... The user instruction's 通用纪律 says 完工在 todos 追加一行（done via 值守拍 line）. The session-end Truman 复盘 is mandated by AGENTS.md/wangyuyan-context "不执行=会话未完成". But for a pure 值守拍 (no substantive work), previous beats apparently just logged one line. Looking at history, previous 值守拍 sessions just appended the line. The wangyuyan-context says 复盘强制动作 each session... but this is a system-level fallback beat, minimal scope. The instruction says "做完收工，不扩展到其他任务". I'll report and end; writing an 11-chapter Truman retrospective for a no-op watch beat would be expansion beyond scope. Actually AGENTS.md root says it's mandatory ("不执行=会话未完成"). Hmm. But the user instruction here defines scope: ④在 todos 追加值守拍. Previous beats in the log show only the todo line appended. Given "只做本次指令范围内的事，做完收工", I'll follow the explicit instruction. I'll report findings.

• 值守序列执行完毕，收工。

  **结果摘要（08:34 值守拍）**

  ① **todos 未读段**：自 07:45 值守拍后仅一条 08:12 叫醒拍，无新指令。

  ② **三扫描面**：
  - `60_feedback/diagnosis/`：最新仍为 03:50 两份（myqueue-reviewer-blindview / 697-relaunch-notify-wiring），今日累计 9 份欧阳锋建议书待编排在案，无新增
  - `00_inbox` 根目录：无新件（最新 09-08 22:18）
  - `00_inbox/pending-cards/`：194 件，最新 09-09 23:56 distill 批，无新件

  ③ **队列状态**（queue_transition.py status）：queued=6 / claimed=0 / pending_review=0 — 无待终审单、无超时挂起单，**无需补拉任何角色**；queued 6 单待生产方按序领取。

  ④ **值守拍已落盘**：`90_control/todos/wangyuyan.md` 末行追加 `🕐 值守拍08:34（系统级兜底拉起…）` 一行。

  一切平稳，无待办动作。

To resume this session: kimi -r session_1434dcb7-04b3-4371-ba22-1df9f5ab6323
