收工。全链路完成，最终状态：

## #680 C340 深检 B01 批 — 已提审（pending_review）

**交付**（commit `dd8125286`）
- `60_feedback/diagnosis/working/c340-b01-goldmine-ledger-part1.md`（B01-a 件1-3，183 条行号锚，282 行）
- `60_feedback/diagnosis/working/c340-b01-goldmine-ledger-part2.md`（B01-b 件4-5，93 条行号锚，239 行）
- 任务单五字段执行报告 + initial_assessment + 建模方案已落

**核心数字**
- 逐字读 17,503/17,503 行（5 件 100%），金矿 276 条：✅46 / 🟡78 / **🔴漏挖候选 121**（全部附 grep/kdo query 存在性核查锚）
- pre-submit 双 PASS（各 1 条 tags WARNING，软期至 09-14，已如实上报）
- complete 后 L9 双验证：队列 `pending_review: 1` + 任务单 frontmatter `pending_review` ✅

**批级词根复检四项修正**（批 1a 教训的直接兑现）
1. 件1 与 `10_raw/sources/一堂-个人修身-泛产品设计02口述.md` **字节级全同**（cmp=0）
2. **件4 排期“卡 0”证伪**——实为 9 卡引用同内容副本 `_ocr.md`（diff 仅差 5 行 docx 头）
3. **件5“卡 1”内容面证伪**——同场口述版（培训-口述）65 文件引卡，润色版 0 内容卡直引
4. **件1 可疑度 9.92 根因**：落地 19 张牌卡全部产自课件 VLM 描述而非口述稿——卡覆盖工具定义层，口述独有层（案例/数字/判准）未挖

**边界条款闭环**
- 查重先行：件1/件3 全文 `feature` 词频 0【实证】——与老朱个人域 Feature 思维件无词汇层/素材池交集
- 件5 灰色手段内容：按原文自带边界条款（16 字诀等六处锚）登记，不做合规裁决，终审把关交欧阳锋
- 排期表四处修正**仅建议、不回写**（待王语嫣裁定）

**收尾动作**：todos 落账 ✅ / friction-log 1 条（heredoc 引号陷阱）✅ / 技能进化日志 1 条 ✅ / Truman 复盘第四场已追加+保存 **🟡 B级** ✅

**需要谁动作**：王语嫣——抽验双签（指引在两份台账 §6/§8）+ 排期表修正裁定；欧阳锋——终审两份台账。建议优先产卡候选：件5 银行网点设备、件4 无人货柜、件1 城市海报（B01 批完整度前三案例）。
