kimi version 0.39.1
• Startup recovery: read three files in parallel.Startup done. Task: edit 90_control/scripts/wiki-bundle-backup.bat, change keep 7 → 4, delete oldest bundle if >4. Let me read the bat file and check the bundle directory.

• 启动恢复完成。现在处理急单：读 bat 文件定位滚动保留段。

• Edit: L5 comment, L60 comment, L64 `GTR 7` → `GTR 4`. Then list D:\KDO-memory bundles to check count and delete oldest if >4.Now list bundles on D:\KDO-memory.

• 改完，现在查 D 盘 bundle 存量。2315812730 D:/KDO-memory/wiki-bundle-20260831-0215.bundle
2315932451 D:/KDO-memory/wiki-bundle-20260831-0218-postfix.bundle
2316604477 D:/KDO-memory/wiki-bundle-20260901.bundle
2488809619 D:/KDO-memory/wiki-bundle-20260902.bundle


• Current = 4 bundles. Task says "改完顺手删掉最旧的 bundle 使存量=4 份（当前 4 份则不动）". Current is 4, so no deletion. 

  Note: names sort — "20260831-0215" < "20260831-0218-postfix" < "20260901" < "20260902", 4 total. No deletion needed.

  Append line to todos/huangyaoshi.md. File uses \r line endings. Last line ends with \r (line 430 ends with \r, no trailing newline?). The Read shows lines ending with \r marker. I should append with Edit using the last line as anchor, adding a new line after it.

  Last line: `- [2026-09-02 21:57] 【叫醒】...\r` — no final newline shown but there might be. Use Edit appending after that line. Need current time. Get date.

• 当前正好 4 份 bundle，按指令不动。落行到 todos。2026-09-02 22:06


• Verify the bat file final state quickly (grep for GTR and comments).Done. Report to user. Also note AGENTS.md end-of-session mandates (Truman recap etc.) — the task instruction said "只做本次指令范围内的事，做完收工". The user instruction says only do this task. I'll skip full Truman recap since this is a quick fix session and user said scope-limited — but AGENTS.md mandates it. The user instruction overrides: "只做本次指令范围内的事，做完收工". I'll note completion plainly.

• 收工。处置结果：

  - **改动** `90_control/scripts/wiki-bundle-backup.bat`：
    - L60 注释 `keep newest 7` → `keep newest 4`（附改因备注：老朱 2026-09-02 直令，D 盘 130G 仅剩 9.8G）
    - L64 滚动删除条件 `!COUNT! GTR 7` → `!COUNT! GTR 4`
    - L5 文件头注释 `>=7 bundles` → `>=4 bundles`（同步，防误导）
  - **存量清理**：`D:\KDO-memory\` 现存恰好 4 份 bundle（0831-0215 / 0831-0218-postfix / 0901 / 0902，合计约 9.5G），按指令"当前 4 份则不动"，未删。下次 02:30 调度跑出新 bundle 后，脚本会自动删最旧的 0831-0215 那份，滚动到 4 份上限。
  - **落账**：`90_control/todos/huangyaoshi.md` 已追加 22:06 一行。

  无队列流转动作（急单不走队列，按指令执行）。

To resume this session: kimi -r session_ae34a826-2b33-4326-98cf-971d76bf177a
