kimi version 0.41.0
• Let me do the startup reads in parallel.The todos file isn't UTF-8. Read it via bash with iconv or cat. Let me check encoding and read tail. Also read 90_control/AGENTS.md.90_control/todos/wangyuyan.md: Unicode text, UTF-8 text, with very long lines (1188)
=0/claimed=0 无需补拉，queued=6 待生产方按序领取；扫描面：diagnosis 03:50后无新增建议书（今日累计9份欧阳锋建议书待编排在案），00_inbox根目录无新件（最新09-08 22:18），pending-cards（194件）最新09-09 23:56无新件
- [2026-09-10 08:42] 【叫醒】wangyuyan：读 todos/wangyuyan.md 未读段 + 看板名下状态（有任务按队列序施工；无任务报告待命）（到点（节奏 30min））
- [2026-09-10 09:12] 【叫醒】wangyuyan：读 todos/wangyuyan.md 未读段 + 看板名下状态（有任务按队列序施工；无任务报告待命）（到点（节奏 30min））
- [2026-09-10 09:24] 🕐 值守拍09:24（系统级兜底拉起，交互门铃45min无拍）：队列 pending_review=0/claimed=0 无需补拉，queued=6 待生产方按序领取；扫描面：diagnosis 03:50后无新增建议书（今日累计9份欧阳锋建议书待编排在案），00_inbox根目录无新件（最新09-08 22:18），pending-cards 最新09-09 23:56 distill批无新件
- [2026-09-10 09:42] 【叫醒】wangyuyan：读 todos/wangyuyan.md 未读段 + 看板名下状态（有任务按队列序施工；无任务报告待命）（到点（节奏 30min））
- [2026-09-10 10:12] 【叫醒】wangyuyan：读 todos/wangyuyan.md 未读段 + 看板名下状态（有任务按队列序施工；无任务报告待命）（到点（节奏 30min））
- [2026-09-10 10:16] 🕐 值守拍10:16（系统级兜底拉起，交互门铃45min无拍）：队列 pending_review=0/claimed=0 无需补拉，queued=6 待生产方按序领取；扫描面：diagnosis 03:50后无新增建议书（今日累计9份欧阳锋建议书待编排在案），00_inbox根目录无新件（最新09-08 22:40 拆书会219期逐字稿，属存量），pending-cards 最新09-09 23:56 distill批无新件
- [2026-09-10 10:17] 📬 KDO 新建议书 1 份待裁定：diag_20260910_wangyuyan-feature-deep-card-gold-standard.md
- [2026-09-10 10:47] 【叫醒】wangyuyan：读 todos/wangyuyan.md 未读段 + 看板名下状态（有任务按队列序施工；无任务报告待命）（到点（节奏 30min））
- [2026-09-10 11:04] 🕐 值守拍11:04（系统级兜底拉起，交互门铃45min无拍）：队列 pending_review=0/claimed=0 无需补拉，queued=6 待生产方按序领取；扫描面：diagnosis 10:16后新增2份建议书（10:41 wangyuyan-checklist-solving / 10:42 ouyangfeng-presubmit-taskfile-false-positives，加10:16 feature-deep-card-gold-standard 今日累计12份待编排）；00_inbox根目录无新件，pending-cards（194件）最新09-09 23:57无新件
- [2026-09-10 11:17] 【叫醒】wangyuyan：读 todos/wangyuyan.md 未读段 + 看板名下状态（有任务按队列序施工；无任务报告待命）（到点（节奏 30min））
- [2026-09-10 11:47] 【叫醒】wangyuyan：读 todos/wangyuyan.md 未读段 + 看板名下状态（有任务按队列序施工；无任务报告待命）（到点（节奏 30min））
Now do the value-watch sequence:
  ② Three scan surfaces: diagnosis new proposals, pending-cards, 00_inbox root new files.
  ③ queue_transition.py status.

  The Read tool failed on the todos file with UTF-8 error, but `file` says UTF-8. Odd—maybe contains a non-UTF8 byte somewhere, or the "very long lines" note. Anyway, I read the tail via bash. I'll append via bash too (or try Edit—Edit requires Read first; Read fails, so use bash append).

  Run scans in parallel:
  - diagnosis dir: files newer than 11:04 today (last valuewatch said last new at 10:42; new suggestions after 11:47).
  - 00_inbox root files: newest mtime.
  - pending-cards: find path. Where is pending-cards? Probably 60_feedback/pending-cards or similar. Search.
  - queue_transition.py status.

  Get current time too.11:54 2026-09-10
total 4107
-rw-r--r-- 1 Administrator 197121   6777 Sep 10 10:16 diag_20260910_wangyuyan-feature-deep-card-gold-standard.md
-rw-r--r-- 1 Administrator 197121   1274 Sep 10 03:50 diag_20260910_ouyangfeng-myqueue-reviewer-blindview.md
-rw-r--r-- 1 Administrator 197121   2243 Sep 10 03:50 diag_20260910_ouyangfeng-697-relaunch-notify-wiring-escalate-throttle-signal-number.md
-rw-r--r-- 1 Administrator 197121   1860 Sep 10 03:02 diag_20260910_ouyangfeng-concurrent-write-partial-read-window.md
-rw-r--r-- 1 Administrator 197121   3815 Sep 10 02:59 diag_20260910_ouyangfeng-693-crosscheck-agrade-hint-anchor-substring-utc-date.md
-rw-r--r-- 1 Administrator 197121   1520 Sep 10 02:49 diag_20260910_ouyangfeng-693-accept-assertion-vacuous-and-code-nits.md
-rw-r--r-- 1 Administrator 197121   3461 Sep 10 02:33 diag_20260910_ouyangfeng-quote-verbatim-checker-substring-blindspot.md
-rw-r--r-- 1 Administrator 197121   1458 Sep 10 02:04 diag_20260910_ouyangfeng-reviewcheck-blindspot-extract-truncation.md
-rw-r--r-- 1 Administrator 197121   2633 Sep 10 01:59 diag_20260910_ouyangfeng-inventory-parser-multiname-and-690-portable-doc.md
-rw-r--r-- 1 Administrator 197121   2762 Sep 10 01:41 diag_20260910_ouyangfeng-tags-vocab-gate-hard-deadline.md
-rw-r--r-- 1 Administrator 197121   3367 Sep  9 10:42 diag_20260909_ouyangfeng-presubmit-taskfile-false-positives.md
-rw-r--r-- 1 Administrator 197121  42437 Sep  9 10:41 diag_20260909_wangyuyan-checklist-solving.md
-rw-r--r-- 1 Administrator 197121   4510 Sep  9 00:43 diag_20260908_ouyangfeng-retro-coverage-gap.md
-rw-r--r-- 1 Administrator 197121   2998 Sep  9 00:43 diag_20260908_ouyangfeng-686-merge-claim-discipline.md
total 107856
drwxr-xr-x 1 Administrator 197121        0 Sep  9 23:56 pending-cards
drwxr-xr-x 1 Administrator 197121        0 Sep  9 08:28 清单式解题练习
drwxr-xr-x 1 Administrator 197121        0 Sep  9 00:31 wechat-collect
drwxr-xr-x 1 Administrator 197121        0 Sep  8 23:06 老朱的个人域
drwxr-xr-x 1 Administrator 197121        0 Sep  8 22:46 拆书-曾鸣《智能策略》-10关键词
-rw-r--r-- 1 Administrator 197121    24378 Sep  8 22:40 拆书会第219期《智能：AI时代的商业、组织与战略的本质》（上）逐字稿 — 古董.md
-rw-r--r-- 1 Administrator 197121    11418 Sep  8 22:18 药品入驻型电商平台-九层深挖调研报告-20260908.md
队列总任务数: 290
queued: 6
claimed: 0
pending_review: 0
./00_inbox/pending-cards
pending-cards is inside 00_inbox. Check its newest file.total 784
-rw-r--r-- 1 Administrator 197121  934 Sep  9 23:56 distill-external-20260909-28.md
-rw-r--r-- 1 Administrator 197121 1153 Sep  9 23:56 distill-external-20260909-27.md
-rw-r--r-- 1 Administrator 197121 1058 Sep  9 23:56 distill-external-20260909-26.md
194
Scans complete:
  - diagnosis: newest 10:16 (feature-deep-card-gold-standard), no new since 11:04 watch. Today cumulative: 03:50 had 9 files earlier per last watch; the 11:04 watch said 12 total. Files today: 10 ouyangfeng ones + feature-deep-card (wangyuyan). Yesterday's 09-09 10:41/10:42 ones were counted... The prior watch at 11:04 said "今日累计12份待编排" (probably counting 09-09 10:41/10:42 too). Anyway, no new since 11:04.
  - 00_inbox root: newest file 09-08 22:40 （拆书会219期， known stock). No new.
  - pending-cards: 194 files, newest 09-09 23:56 distill batch. No new.
  - Queue: queued=6, claimed=0, pending_review=0 — no one to pull.

  ④ Append value-watch line to todos/wangyuyan.md. The file Read tool failed on encoding, so append via bash.- [2026-09-10 11:54] 🕐 值守拍11:54（系统级兜底拉起，交互门铃45min无拍）：队列 pending_review=0/claimed=0 无需补拉，queued=6 待生产方按序领取；扫描面：diagnosis 11:04后无新增建议书（今日累计12份待编排在案），00_inbox根目录无新件（最新09-08 22:40 拆书会219期逐字稿，属存量），pending-cards（194件）最新09-09 23:56 distill批无新件


• 值守序列执行完毕，无需拉起任何角色——本次为纯兜底拍：

  **① 未读段**：自 11:04 上一拍后仅有两条 30min 叫醒行（11:17/11:47），交互门铃确实无值守拍产出。

  **② 三扫描面**（全部无新件）：
  - `60_feedback/diagnosis/`：11:04 后无新增建议书，最新仍是 10:16 `diag_20260910_wangyuyan-feature-deep-card-gold-standard.md`（今日累计 12 份待编排在案）
  - `00_inbox/` 根目录：无新件，最新 09-08 22:40 拆书会 219 期逐字稿（存量）
  - `00_inbox/pending-cards/`：194 件，最新 09-09 23:56 distill 批，无新件

  **③ 队列状态**（queue_transition.py status）：queued=6 / claimed=0 / pending_review=0 —— 无 pending_review 需拉欧阳锋终审，无 claimed 超 45min 需补拉；6 个 queued 待生产方按序领取。

  **④ 值守拍已落盘**：`90_control/todos/wangyuyan.md` 追加「🕐 值守拍11:54（系统级兜底拉起）」一行。

  本次为短值守动作，不触发 Truman 复盘（无实质任务产出）；下次兜底拍或实质任务会话再执行复盘门禁。

To resume this session: kimi -r session_ef003388-ac6b-43f8-9c1a-46fb7d7228af
