kimi version 0.41.0
• Startup sequence: read the files.The todos file is GBK encoded? Let me read via bash with iconv, tail -20.The iconv command returned nothing (probably encoding issue). Let me check the file encoding and read it properly.90_control/todos/wangyuyan.md: Unicode text, UTF-8 text, with very long lines (1188)
Traceback (most recent call last):
  File "<string>", line 8, in <module>
UnicodeEncodeError: 'gbk' codec can't encode character '\xe7' in position 0: illegal multibyte sequence
fail utf-8
fail gbk
fail utf-16
OK latin-1
---tail---
The file is UTF-8 but contains some invalid bytes? file says UTF-8. python failed to decode utf-8? Odd — maybe there are some invalid bytes, and also stdout encoding is GBK on Windows which breaks print. Let me decode utf-8 with errors=replace and print to a file or use sys.stdout buffer with utf-8.- [2026-09-10 10:12] 【叫醒】wangyuyan：读 todos/wangyuyan.md 未读段 + 看板名下状态（有任务按队列序施工；无任务报告待命）（到点（节奏 30min））
- [2026-09-10 10:16] 🕐 值守拍10:16（系统级兜底拉起，交互门铃45min无拍）：队列 pending_review=0/claimed=0 无需补拉，queued=6 待生产方按序领取；扫描面：diagnosis 03:50后无新增建议书（今日累计9份欧阳锋建议书待编排在案），00_inbox根目录无新件（最新09-08 22:40 拆书会219期逐字稿，属存量），pending-cards 最新09-09 23:56 distill批无新件
- [2026-09-10 10:17] 📬 KDO 新建议书 1 份待裁定：diag_20260910_wangyuyan-feature-deep-card-gold-standard.md
- [2026-09-10 10:47] 【叫醒】wangyuyan：读 todos/wangyuyan.md 未读段 + 看板名下状态（有任务按队列序施工；无任务报告待命）（到点（节奏 30min））
- [2026-09-10 11:04] 🕐 值守拍11:04（系统级兜底拉起，交互门铃45min无拍）：队列 pending_review=0/claimed=0 无需补拉，queued=6 待生产方按序领取；扫描面：diagnosis 10:16后新增2份建议书（10:41 wangyuyan-checklist-solving / 10:42 ouyangfeng-presubmit-taskfile-false-positives，加10:16 feature-deep-card-gold-standard 今日累计12份待编排）；00_inbox根目录无新件，pending-cards（194件）最新09-09 23:57无新件
- [2026-09-10 11:17] 【叫醒】wangyuyan：读 todos/wangyuyan.md 未读段 + 看板名下状态（有任务按队列序施工；无任务报告待命）（到点（节奏 30min））
- [2026-09-10 11:47] 【叫醒】wangyuyan：读 todos/wangyuyan.md 未读段 + 看板名下状态（有任务按队列序施工；无任务报告待命）（到点（节奏 30min））
- [2026-09-10 11:54] 🕐 值守拍11:54（系统级兜底拉起，交互门铃45min无拍）：队列 pending_review=0/claimed=0 无需补拉，queued=6 待生产方按序领取；扫描面：diagnosis 11:04后无新增建议书（今日累计12份待编排在案），00_inbox根目录无新件（最新09-08 22:40 拆书会219期逐字稿，属存量），pending-cards（194件）最新09-09 23:56 distill批无新件
- [2026-09-10 12:17] 【叫醒】wangyuyan：读 todos/wangyuyan.md 未读段 + 看板名下状态（有任务按队列序施工；无任务报告待命）（到点（节奏 30min））
- [2026-09-10 12:44] 🕐 值守拍12:44：系统级兜底拉起+队列 pending_review=0/claimed=0 无需补拉，queued=6 待生产方按序领取；扫描面：diagnosis 11:04后无新增建议书（今日累计12份待编排在案），00_inbox根目录无新件（最新09-08 22:40 存量），pending-cards（194件）最新09-09 23:56 distill批无新件
- [2026-09-10 12:52] 【叫醒】wangyuyan：读 todos/wangyuyan.md 未读段 + 看板名下状态（有任务按队列序施工；无任务报告待命）（到点（节奏 30min））
- [2026-09-10 13:22] 【叫醒】wangyuyan：读 todos/wangyuyan.md 未读段 + 看板名下状态（有任务按队列序施工；无任务报告待命）（到点（节奏 30min））
- [2026-09-10 13:34] 🕐 值守拍13:34：系统级兜底拉起+队列 pending_review=0/claimed=0 无需补拉，queued=6 待生产方按序领取；扫描面：diagnosis 12:44后无新增建议书（今日累计12份待编排在案），00_inbox根目录无新件（最新09-08 22:40 存量），pending-cards（193件）最新09-09 23:56 distill批无新件
- [2026-09-10 13:52] 【叫醒】wangyuyan：读 todos/wangyuyan.md 未读段 + 看板名下状态（有任务按队列序施工；无任务报告待命）（到点（节奏 30min））
- [2026-09-10 14:22] 【叫醒】wangyuyan：读 todos/wangyuyan.md 未读段 + 看板名下状态（有任务按队列序施工；无任务报告待命）（到点（节奏 30min））
- [2026-09-10 14:24] 🕐 值守拍14:24：系统级兜底拉起+队列 pending_review=0/claimed=0 无需补拉，queued=6 待生产方按序领取；扫描面：diagnosis 10:16后无新增建议书（今日累计12份待编排在案），00_inbox根目录无新件（最新09-08 22:40 存量），pending-cards（194件）最新09-09 23:56 distill批无新件
- [2026-09-10 14:52] 【叫醒】wangyuyan：读 todos/wangyuyan.md 未读段 + 看板名下状态（有任务按队列序施工；无任务报告待命）（到点（节奏 30min））
- [2026-09-10 15:14] 🕐 值守拍15:14：系统级兜底拉起+队列 pending_review=0/claimed=0 无需补拉，queued=6 待生产方按序领取；扫描面：diagnosis 14:24后无新增建议书（今日累计12份待编排在案），00_inbox根目录无新件（最新09-08 22:40 存量），pending-cards（194件）最新09-09 23:56 distill批无新件
- [2026-09-10 15:22] 【叫醒】wangyuyan：读 todos/wangyuyan.md 未读段 + 看板名下状态（有任务按队列序施工；无任务报告待命）（到点（节奏 30min））
- [2026-09-10 15:52] 【叫醒】wangyuyan：读 todos/wangyuyan.md 未读段 + 看板名下状态（有任务按队列序施工；无任务报告待命）（到点（节奏 30min））

- [2026-09-10 16:04] 🕐 值守拍16:04：系统级兜底拉起+队列 pending_review=0/claimed=0 无需补拉，queued=6 待生产方按序领取；扫描面：diagnosis 15:14后无新增建议书（今日累计12份待编排在案），00_inbox根目录无新件（最新09-08 22:40 存量），pending-cards（194件）最新09-09 23:56 distill批无新件- [2026-09-10 16:22] 【叫醒】wangyuyan：读 todos/wangyuyan.md 未读段 + 看板名下状态（有任务按队列序施工；无任务报告待命）（到点（节奏 30min））
- [2026-09-10 16:52] 【叫醒】wangyuyan：读 todos/wangyuyan.md 未读段 + 看板名下状态（有任务按队列序施工；无任务报告待命）（到点（节奏 30min））

- [2026-09-10 16:54] 🕐 值守拍16:54：系统级兜底拉起+队列 pending_review=0/claimed=0 无需补拉，queued=6 待生产方按序领取；扫描面：diagnosis 16:04后无新增建议书（今日累计12份待编排在案），00_inbox根目录无新件（最新09-08 22:40 存量），pending-cards（193件）最新09-09 23:56 distill批无新件- [2026-09-10 17:22] 【叫醒】wangyuyan：读 todos/wangyuyan.md 未读段 + 看板名下状态（有任务按队列序施工；无任务报告待命）（到点（节奏 30min））bytes 375193 replacements 20
The file has 20 replacement chars (invalid bytes) but is mostly UTF-8. I can read it via python. Last entry is 17:22 wake-up call. Now execute the watchman sequence:

  ② three scan surfaces: diagnosis new proposals after latest (last check noted "16:04后无新增"), pending-cards, 00_inbox root new files
  ③ queue_transition.py status
  ④ append duty line

  Get current time first, and run scans in parallel.

• 启动恢复完成。现在执行值守序列——先取当前时间并跑三扫描面 + 队列状态。2026-09-10 17:44
total 4107
-rw-r--r-- 1 Administrator 197121   6777 09-10 10:16 diag_20260910_wangyuyan-feature-deep-card-gold-standard.md
-rw-r--r-- 1 Administrator 197121   1274 09-10 03:50 diag_20260910_ouyangfeng-myqueue-reviewer-blindview.md
-rw-r--r-- 1 Administrator 197121   2243 09-10 03:50 diag_20260910_ouyangfeng-697-relaunch-notify-wiring-escalate-throttle-signal-number.md
-rw-r--r-- 1 Administrator 197121   1860 09-10 03:02 diag_20260910_ouyangfeng-concurrent-write-partial-read-window.md
-rw-r--r-- 1 Administrator 197121   3815 09-10 02:59 diag_20260910_ouyangfeng-693-crosscheck-agrade-hint-anchor-substring-utc-date.md
-rw-r--r-- 1 Administrator 197121   1520 09-10 02:49 diag_20260910_ouyangfeng-693-accept-assertion-vacuous-and-code-nits.md
-rw-r--r-- 1 Administrator 197121   3461 09-10 02:33 diag_20260910_ouyangfeng-quote-verbatim-checker-substring-blindspot.md
-rw-r--r-- 1 Administrator 197121   1458 09-10 02:04 diag_20260910_ouyangfeng-reviewcheck-blindspot-extract-truncation.md
-rw-r--r-- 1 Administrator 197121   2633 09-10 01:59 diag_20260910_ouyangfeng-inventory-parser-multiname-and-690-portable-doc.md
-rw-r--r-- 1 Administrator 197121   2762 09-10 01:41 diag_20260910_ouyangfeng-tags-vocab-gate-hard-deadline.md
-rw-r--r-- 1 Administrator 197121   3367 09-09 10:42 diag_20260909_ouyangfeng-presubmit-taskfile-false-positives.md
-rw-r--r-- 1 Administrator 197121  42437 09-09 10:41 diag_20260909_wangyuyan-checklist-solving.md
-rw-r--r-- 1 Administrator 197121   4510 09-09 00:43 diag_20260908_ouyangfeng-retro-coverage-gap.md
-rw-r--r-- 1 Administrator 197121   2998 09-09 00:43 diag_20260908_ouyangfeng-686-merge-claim-discipline.md
total 107856
drwxr-xr-x 1 Administrator 197121        0 09-09 23:56 pending-cards
drwxr-xr-x 1 Administrator 197121        0 09-09 08:28 清单式解题练习
drwxr-xr-x 1 Administrator 197121        0 09-09 00:31 wechat-collect
drwxr-xr-x 1 Administrator 197121        0 09-08 23:06 老朱的个人域
drwxr-xr-x 1 Administrator 197121        0 09-08 22:46 拆书-曾鸣《智能策略》-10关键词
-rw-r--r-- 1 Administrator 197121    24378 09-08 22:40 拆书会第219期《智能：AI时代的商业、组织与战略的本质》（上）逐字稿 — 古董.md
-rw-r--r-- 1 Administrator 197121    11418 09-08 22:18 药品入驻型电商平台-九层深挖调研报告-20260908.md
---
---
0
队列总任务数: 290
queued: 6
claimed: 0
pending_review: 0


• Wait — pending-cards path: earlier todos said "pending-cards（194件）". The find on 30_wiki/pending-cards returned 0. Let me find the actual pending-cards directory. Earlier note: "pending-cards（194件）最新09-09 23:56 distill批". Maybe it's 00_inbox/pending-cards or _tmp/pending-cards? Let me search.== 00_inbox/pending-cards: 200 files, latest:
total 784
-rw-r--r-- 1 Administrator 197121  934 09-09 23:56 distill-external-20260909-28.md
-rw-r--r-- 1 Administrator 197121 1153 09-09 23:56 distill-external-20260909-27.md
-rw-r--r-- 1 Administrator 197121 1058 09-09 23:56 distill-external-20260909-26.md
./00_inbox/pending-cards
./60_feedback/pending-wiki-cards
pending-cards = 00_inbox/pending-cards, 200 files (earlier notes said 194/193 — now 200? Hmm, count difference. Earlier values fluctuated 193/194. Now 200. Wait — maybe counts included subdirs differently. Let me check: find counted 200 files. Earlier beat said 194件. That's +6? Or maybe previous counts were of .md only. Let me check quickly.194
---
    193 md
194 entries total (193 md + 1 subdir probably, and find with -type f counted 200 including subdir files). No files newer than 09-09 23:57 → no new items in pending-cards. 

  00_inbox root: newest file 09-08 22:40 （拆书会219期逐字稿）, newest dir 09-09 23:56 pending-cards — no new items since last check.

  Diagnosis: newest is 10:16 today (feature-deep-card-gold-standard), which was already noted in earlier beats ("今日累计12份待编排在案"). Wait — earlier beats said at 11:04 "新增2份建议书（10:41 wangyuyan-checklist-solving / 10:42 ouyangfeng-presubmit-taskfile-false-positives... 今日累计12份" but those files are dated 09-09 10:41/10:42 per ls. Anyway: since 16:54 last beat, no new diagnosis files (newest 10:16). So no new proposals.

  Queue: queued=6, claimed=0, pending_review=0 → nothing to pull.

  Now append the duty line to todos/wangyuyan.md. Note the file has 20 invalid bytes and last line has no trailing newline issue (previous appends concatenated: "...无新件- [2026-09-10 16:22]"). I'll append with leading newline via python to handle encoding safely, preserving bytes.appended
- [2026-09-10 17:44] 🕐 值守拍17:44：系统级兜底拉起+队列 pending_review=0/claimed=0 无需补拉，queued=6 待生产方按序领取；扫描面：diagnosis 16:54后无新增建议书（今日累计12份待编排在案），00_inbox根目录无新件（最新09-08 22:40 存量），pending-cards（194件）最新09-09 23:56 distill批无新件
Done. Report. The task says "只做本次指令范围内的事，做完收工". The wangyuyan-context has heavy session-end requirements (Truman 11章复盘 etc.), but the task instruction says do only what's in scope. This is a system-level duty-beat invocation; prior similar beats appear as single lines. I'll report and note the session-end actions — actually the role file mandates 复盘强制动作. But this is a cron-like duty invocation; writing a full 11-chapter retro for a 3-minute scan would be heavy. Previous beats (10:16, 11:04, etc.) were clearly just beats. I'll keep it light per "只做本次指令范围内的事，做完收工" and not expand. Report to user.

• 值守序列执行完毕，收工。本拍结论：

  **① 未读段**：已读 todos/wangyuyan.md 尾部（注意：该文件含 20 个非法 UTF-8 字节，Read 工具读不了，走 python 读取——存在性核查锚点：python utf-8 errors=replace 统计 replacements=20）。最近一条 17:22 叫醒拍无新指令。

  **② 三扫描面**（对比上一拍 16:54）：
  - diagnosis：无新增建议书，最新仍为 10:16 `diag_20260910_wangyuyan-feature-deep-card-gold-standard.md`（今日累计 12 份待编排在案）
  - 00_inbox 根目录：无新件，最新 09-08 22:40 拆书会 219 期逐字稿（存量）
  - pending-cards：194 件（含 1 子目录，193 个 md），最新 09-09 23:56 distill 批，无新件

  **③ 队列状态**（queue_transition.py status 权威输出）：总 290，queued=6 / claimed=0 / pending_review=0——无 pending_review 需拉欧阳锋，无 claimed 超 45min 需补拉，queued 6 项待生产方按序领取。

  **④ 值守拍**：已追加 `🕐 值守拍17:44` 一行至 `90_control/todos/wangyuyan.md`。

  一切平静，无需拉起任何角色。

To resume this session: kimi -r session_8bce0a2a-937f-46bb-8f6e-1d2b3f055de7
