Warning: no stdin data received in 3s, proceeding without it. If piping from a slow command, redirect stdin explicitly: < /dev/null to skip, or wait longer.
#660 完工收工。全程走完，汇总：

## 任务结果

**#660 识图金标准 DataPack（试点一）→ 已提审 `pending_review`，等欧阳锋终审**

### 交付物
`40_outputs/capabilities/datapacks/hongqigong-vision-goldstandard/` 三件套（commit `3a76f5c05`，6 files +311 行）：

| 文件 | 内容 |
|:--|:--|
| `README.md` | 置信三档对照（🟢直接交付/🟡抽核/🔴换路径）+ 量化基线 8 行 + 使用说明 |
| `gold-samples.md` | 金标准 **6 组**：三源校勘首件（2087/2087 零差异）、批量 173/173、300DPI 密集表格、96% 健康线、双引擎收敛、覆盖率台账 |
| `pitfall-cases.md` | 踩坑实录 **9 例**：丢中文族（286B ASCII 桩）、零宽 U+200B、API 软失败（E019/E020）、VLM 编造公式（E013）、150DPI 乱码（E016）、术语渗入（E025）、形近字漏检（E014）、置信误归因（E005）、通道单点失效 |

### 两条值得说的执行决策
1. **claim 被阻后先读门禁源码**——#658（老顽童单）pending_review 在前，查 `queue_transition.py` 确认 `--force` 正是「不同 assignee 并行任务」的预期用法后带理由领取，例外已留痕 `force-exceptions.log`。
2. **手写体/扫描倾斜没编案例凑数**——任务单点了这两类，但我盘完错误模式库 E001-E027 确认**无真实病例**，按“不编造”红线如实落了「无病例声明」（附存在性核查锚点 + 命中处置路径）。弹药库的价值在可信不在厚。

### 验证口径
所有数字回源核验：2087/2087 见交付稿 frontmatter、173/173 见爆炸式调研建议书：17、83/86 见科学开会建议书：16、E025 纠偏四条见 OCR 文件 ：69-74；`55/68` 仅复盘记录单一来源，已降级标注置信中。全程三级标注【实证/推断/复盘记录】。

### 落账与收工
- todos 落账 + 任务单五字段执行报告 ✅（机器预审仅 1 条黄灯提示：宽负向词“乱码”未识别到我已附的 E016 锚点，预审层注明不硬杀，留终审参考）
- 会话三件：技能进化日志 +1 行、失忆恢复锚点更新、Truman 复盘追加会话二段 → 自检 **🟡 B级** 通过

**需要谁动作**：欧阳锋终审本单；段王爷 #661 可同构复用三件套结构。
