✅ 采集完成: 新增 13 / 跳过 7300 → D:\KDO-memory\L1-full\2026-08-23
✅ trace 已写: D:\KDO-memory\L1-full\2026-08-23\trace.md
✅ 镜像完成: D:\KDO-memory\L1-full → C:\Users\Administrator\.kdo-memory\L1-full-backup（同步 14 个）
✅ verify PASS：7315 文件一致 + 抽样 hash 全同
✅ verify PASS：7315 文件一致 + 抽样 hash 全同
✅ 采集完成: 新增 23 / 跳过 7290 → D:\KDO-memory\L1-full\2026-08-23
✅ trace 已写: D:\KDO-memory\L1-full\2026-08-23\trace.md
✅ 镜像完成: D:\KDO-memory\L1-full → C:\Users\Administrator\.kdo-memory\L1-full-backup（同步 24 个）
✅ verify PASS：7315 文件一致 + 抽样 hash 全同
✅ verify PASS：7315 文件一致 + 抽样 hash 全同
✅ 采集完成: 新增 26 / 跳过 7288 → D:\KDO-memory\L1-full\2026-08-23
✅ trace 已写: D:\KDO-memory\L1-full\2026-08-23\trace.md
✅ 镜像完成: D:\KDO-memory\L1-full → C:\Users\Administrator\.kdo-memory\L1-full-backup（同步 27 个）
✅ verify PASS：7316 文件一致 + 抽样 hash 全同
✅ verify PASS：7316 文件一致 + 抽样 hash 全同
✅ 采集完成: 新增 23 / 跳过 7291 → D:\KDO-memory\L1-full\2026-08-23
✅ trace 已写: D:\KDO-memory\L1-full\2026-08-23\trace.md
✅ 镜像完成: D:\KDO-memory\L1-full → C:\Users\Administrator\.kdo-memory\L1-full-backup（同步 24 个）
✅ verify PASS：7316 文件一致 + 抽样 hash 全同
✅ verify PASS：7316 文件一致 + 抽样 hash 全同
✅ 采集完成: 新增 27 / 跳过 7289 → D:\KDO-memory\L1-full\2026-08-23
✅ trace 已写: D:\KDO-memory\L1-full\2026-08-23\trace.md
✅ 镜像完成: D:\KDO-memory\L1-full → C:\Users\Administrator\.kdo-memory\L1-full-backup（同步 28 个）
✅ verify PASS：7318 文件一致 + 抽样 hash 全同
✅ verify PASS：7318 文件一致 + 抽样 hash 全同
✅ 采集完成: 新增 25 / 跳过 7292 → D:\KDO-memory\L1-full\2026-08-23
✅ trace 已写: D:\KDO-memory\L1-full\2026-08-23\trace.md
✅ 镜像完成: D:\KDO-memory\L1-full → C:\Users\Administrator\.kdo-memory\L1-full-backup（同步 26 个）
✅ verify PASS：7319 文件一致 + 抽样 hash 全同
✅ verify PASS：7319 文件一致 + 抽样 hash 全同
✅ 采集完成: 新增 40 / 跳过 7283 → D:\KDO-memory\L1-full\2026-08-23
✅ trace 已写: D:\KDO-memory\L1-full\2026-08-23\trace.md
✅ 镜像完成: D:\KDO-memory\L1-full → C:\Users\Administrator\.kdo-memory\L1-full-backup（同步 41 个）
✅ verify PASS：7329 文件一致 + 抽样 hash 全同
✅ verify PASS：7329 文件一致 + 抽样 hash 全同
✅ 采集完成: 新增 20 / 跳过 7303 → D:\KDO-memory\L1-full\2026-08-23
✅ trace 已写: D:\KDO-memory\L1-full\2026-08-23\trace.md
✅ 镜像完成: D:\KDO-memory\L1-full → C:\Users\Administrator\.kdo-memory\L1-full-backup（同步 21 个）
✅ verify PASS：7329 文件一致 + 抽样 hash 全同
✅ verify PASS：7329 文件一致 + 抽样 hash 全同
✅ 采集完成: 新增 32 / 跳过 7294 → D:\KDO-memory\L1-full\2026-08-23
✅ trace 已写: D:\KDO-memory\L1-full\2026-08-23\trace.md
✅ 镜像完成: D:\KDO-memory\L1-full → C:\Users\Administrator\.kdo-memory\L1-full-backup（同步 33 个）
✅ verify PASS：7332 文件一致 + 抽样 hash 全同
✅ verify PASS：7332 文件一致 + 抽样 hash 全同
✅ 采集完成: 新增 27 / 跳过 7300 → D:\KDO-memory\L1-full\2026-08-23
✅ trace 已写: D:\KDO-memory\L1-full\2026-08-23\trace.md
✅ 镜像完成: D:\KDO-memory\L1-full → C:\Users\Administrator\.kdo-memory\L1-full-backup（同步 28 个）
✅ verify PASS：7333 文件一致 + 抽样 hash 全同
✅ verify PASS：7333 文件一致 + 抽样 hash 全同
✅ 采集完成: 新增 7327 / 跳过 0 → D:\KDO-memory\L1-full\2026-08-24
✅ trace 已写: D:\KDO-memory\L1-full\2026-08-24\trace.md
✅ 镜像完成: D:\KDO-memory\L1-full → C:\Users\Administrator\.kdo-memory\L1-full-backup（同步 7328 个）
✅ verify PASS：14661 文件一致 + 抽样 hash 全同
✅ verify PASS：14661 文件一致 + 抽样 hash 全同
✅ 采集完成: 新增 31 / 跳过 7296 → D:\KDO-memory\L1-full\2026-08-24
✅ trace 已写: D:\KDO-memory\L1-full\2026-08-24\trace.md
✅ 镜像完成: D:\KDO-memory\L1-full → C:\Users\Administrator\.kdo-memory\L1-full-backup（同步 32 个）
✅ verify PASS：14661 文件一致 + 抽样 hash 全同
✅ verify PASS：14661 文件一致 + 抽样 hash 全同
✅ 采集完成: 新增 40 / 跳过 7288 → D:\KDO-memory\L1-full\2026-08-24
✅ trace 已写: D:\KDO-memory\L1-full\2026-08-24\trace.md
✅ 镜像完成: D:\KDO-memory\L1-full → C:\Users\Administrator\.kdo-memory\L1-full-backup（同步 41 个）
✅ verify PASS：14662 文件一致 + 抽样 hash 全同
✅ verify PASS：14662 文件一致 + 抽样 hash 全同
✅ 采集完成: 新增 43 / 跳过 7289 → D:\KDO-memory\L1-full\2026-08-24
✅ trace 已写: D:\KDO-memory\L1-full\2026-08-24\trace.md
✅ 镜像完成: D:\KDO-memory\L1-full → C:\Users\Administrator\.kdo-memory\L1-full-backup（同步 44 个）
✅ verify PASS：14666 文件一致 + 抽样 hash 全同
✅ verify PASS：14666 文件一致 + 抽样 hash 全同
✅ 采集完成: 新增 27 / 跳过 11084 → D:\KDO-memory\L1-full\2026-08-24
✅ trace 已写: D:\KDO-memory\L1-full\2026-08-24\trace.md
ℹ️ C 盘镜像已移除（#491 老朱拍板）：采集后不再写 C 盘，D 主库为唯一全量
🗜 已归档: 2026-08-23 → 2026-08-23.zip
🗜 旧天归档 1 个目录
✅ verify PASS：主库 11135 文件完整 + 抽样可读（D 单盘口径，#491）
✅ 采集完成: 新增 43 / 跳过 11068 → D:\KDO-memory\L1-full（日增量口径，#491）
✅ trace 索引已追加: D:\KDO-memory\L1-full\trace-index.md
ℹ️ C 盘镜像已移除（#491 老朱拍板）：采集后不再写 C 盘，D 主库为唯一全量
✅ verify PASS：主库 11112 文件完整 + 抽样可读（D 单盘口径，#491）
✅ 采集完成: 新增 36 / 跳过 11078 → D:\KDO-memory\L1-full（日增量口径，#491）
✅ trace 索引已追加: D:\KDO-memory\L1-full\trace-index.md
ℹ️ C 盘镜像已移除（#491 老朱拍板）：采集后不再写 C 盘，D 主库为唯一全量
✅ verify PASS：主库 11115 文件完整 + 抽样可读（D 单盘口径，#491）
✅ 采集完成: 新增 42 / 跳过 11074 → D:\KDO-memory\L1-full（日增量口径，#491）
✅ trace 索引已追加: D:\KDO-memory\L1-full\trace-index.md
ℹ️ C 盘镜像已移除（#491 老朱拍板）：采集后不再写 C 盘，D 主库为唯一全量
✅ verify PASS：主库 11118 文件完整 + 抽样可读（D 单盘口径，#491）
✅ 采集完成: 新增 41 / 跳过 11075 → D:\KDO-memory\L1-full（日增量口径，#491）
✅ trace 索引已追加: D:\KDO-memory\L1-full\trace-index.md
ℹ️ C 盘镜像已移除（#491 老朱拍板）：采集后不再写 C 盘，D 主库为唯一全量
✅ verify PASS：主库 11118 文件完整 + 抽样可读（D 单盘口径，#491）
✅ 采集完成: 新增 23 / 跳过 11093 → D:\KDO-memory\L1-full（日增量口径，#491）
✅ trace 索引已追加: D:\KDO-memory\L1-full\trace-index.md
ℹ️ C 盘镜像已移除（#491 老朱拍板）：采集后不再写 C 盘，D 主库为唯一全量
✅ verify PASS：主库 11118 文件完整 + 抽样可读（D 单盘口径，#491）
✅ 采集完成: 新增 25 / 跳过 11091 → D:\KDO-memory\L1-full（日增量口径，#491）
✅ trace 索引已追加: D:\KDO-memory\L1-full\trace-index.md
ℹ️ C 盘镜像已移除（#491 老朱拍板）：采集后不再写 C 盘，D 主库为唯一全量
✅ verify PASS：主库 11118 文件完整 + 抽样可读（D 单盘口径，#491）
✅ 采集完成: 新增 23 / 跳过 11093 → D:\KDO-memory\L1-full（日增量口径，#491）
✅ trace 索引已追加: D:\KDO-memory\L1-full\trace-index.md
ℹ️ C 盘镜像已移除（#491 老朱拍板）：采集后不再写 C 盘，D 主库为唯一全量
✅ verify PASS：主库 11118 文件完整 + 抽样可读（D 单盘口径，#491）
✅ 采集完成: 新增 25 / 跳过 11091 → D:\KDO-memory\L1-full（日增量口径，#491）
✅ trace 索引已追加: D:\KDO-memory\L1-full\trace-index.md
ℹ️ C 盘镜像已移除（#491 老朱拍板）：采集后不再写 C 盘，D 主库为唯一全量
✅ verify PASS：主库 11118 文件完整 + 抽样可读（D 单盘口径，#491）
✅ 采集完成: 新增 23 / 跳过 11093 → D:\KDO-memory\L1-full（日增量口径，#491）
✅ trace 索引已追加: D:\KDO-memory\L1-full\trace-index.md
ℹ️ C 盘镜像已移除（#491 老朱拍板）：采集后不再写 C 盘，D 主库为唯一全量
✅ verify PASS：主库 11118 文件完整 + 抽样可读（D 单盘口径，#491）
✅ 采集完成: 新增 25 / 跳过 11091 → D:\KDO-memory\L1-full（日增量口径，#491）
✅ trace 索引已追加: D:\KDO-memory\L1-full\trace-index.md
ℹ️ C 盘镜像已移除（#491 老朱拍板）：采集后不再写 C 盘，D 主库为唯一全量
✅ verify PASS：主库 11118 文件完整 + 抽样可读（D 单盘口径，#491）
✅ 采集完成: 新增 23 / 跳过 11093 → D:\KDO-memory\L1-full（日增量口径，#491）
✅ trace 索引已追加: D:\KDO-memory\L1-full\trace-index.md
ℹ️ C 盘镜像已移除（#491 老朱拍板）：采集后不再写 C 盘，D 主库为唯一全量
✅ verify PASS：主库 11118 文件完整 + 抽样可读（D 单盘口径，#491）
✅ 采集完成: 新增 25 / 跳过 11091 → D:\KDO-memory\L1-full（日增量口径，#491）
✅ trace 索引已追加: D:\KDO-memory\L1-full\trace-index.md
ℹ️ C 盘镜像已移除（#491 老朱拍板）：采集后不再写 C 盘，D 主库为唯一全量
✅ verify PASS：主库 11118 文件完整 + 抽样可读（D 单盘口径，#491）
✅ 采集完成: 新增 23 / 跳过 11093 → D:\KDO-memory\L1-full（日增量口径，#491）
✅ trace 索引已追加: D:\KDO-memory\L1-full\trace-index.md
ℹ️ C 盘镜像已移除（#491 老朱拍板）：采集后不再写 C 盘，D 主库为唯一全量
✅ verify PASS：主库 11118 文件完整 + 抽样可读（D 单盘口径，#491）
✅ 采集完成: 新增 31 / 跳过 11086 → D:\KDO-memory\L1-full（日增量口径，#491）
✅ trace 索引已追加: D:\KDO-memory\L1-full\trace-index.md
ℹ️ C 盘镜像已移除（#491 老朱拍板）：采集后不再写 C 盘，D 主库为唯一全量
✅ verify PASS：主库 11119 文件完整 + 抽样可读（D 单盘口径，#491）
✅ 采集完成: 新增 471 / 跳过 11076 → D:\KDO-memory\L1-full（日增量口径，#491）
✅ trace 索引已追加: D:\KDO-memory\L1-full\trace-index.md
ℹ️ C 盘镜像已移除（#491 老朱拍板）：采集后不再写 C 盘，D 主库为唯一全量
✅ verify PASS：主库 11549 文件完整 + 抽样可读（D 单盘口径，#491）
✅ 采集完成: 新增 40 / 跳过 11513 → D:\KDO-memory\L1-full（日增量口径，#491）
✅ trace 索引已追加: D:\KDO-memory\L1-full\trace-index.md
ℹ️ C 盘镜像已移除（#491 老朱拍板）：采集后不再写 C 盘，D 主库为唯一全量
✅ verify PASS：主库 11555 文件完整 + 抽样可读（D 单盘口径，#491）
✅ 采集完成: 新增 25 / 跳过 11528 → D:\KDO-memory\L1-full（日增量口径，#491）
✅ trace 索引已追加: D:\KDO-memory\L1-full\trace-index.md
ℹ️ C 盘镜像已移除（#491 老朱拍板）：采集后不再写 C 盘，D 主库为唯一全量
✅ verify PASS：主库 11555 文件完整 + 抽样可读（D 单盘口径，#491）
✅ 采集完成: 新增 27 / 跳过 11526 → D:\KDO-memory\L1-full（日增量口径，#491）
✅ trace 索引已追加: D:\KDO-memory\L1-full\trace-index.md
ℹ️ C 盘镜像已移除（#491 老朱拍板）：采集后不再写 C 盘，D 主库为唯一全量
✅ verify PASS：主库 11555 文件完整 + 抽样可读（D 单盘口径，#491）
✅ 采集完成: 新增 25 / 跳过 11528 → D:\KDO-memory\L1-full（日增量口径，#491）
✅ trace 索引已追加: D:\KDO-memory\L1-full\trace-index.md
ℹ️ C 盘镜像已移除（#491 老朱拍板）：采集后不再写 C 盘，D 主库为唯一全量
✅ verify PASS：主库 11555 文件完整 + 抽样可读（D 单盘口径，#491）
✅ 采集完成: 新增 25 / 跳过 11528 → D:\KDO-memory\L1-full（日增量口径，#491）
✅ trace 索引已追加: D:\KDO-memory\L1-full\trace-index.md
ℹ️ C 盘镜像已移除（#491 老朱拍板）：采集后不再写 C 盘，D 主库为唯一全量
✅ verify PASS：主库 11555 文件完整 + 抽样可读（D 单盘口径，#491）
✅ 采集完成: 新增 27 / 跳过 11526 → D:\KDO-memory\L1-full（日增量口径，#491）
✅ trace 索引已追加: D:\KDO-memory\L1-full\trace-index.md
ℹ️ C 盘镜像已移除（#491 老朱拍板）：采集后不再写 C 盘，D 主库为唯一全量
✅ verify PASS：主库 11555 文件完整 + 抽样可读（D 单盘口径，#491）
✅ 采集完成: 新增 25 / 跳过 11528 → D:\KDO-memory\L1-full（日增量口径，#491）
✅ trace 索引已追加: D:\KDO-memory\L1-full\trace-index.md
ℹ️ C 盘镜像已移除（#491 老朱拍板）：采集后不再写 C 盘，D 主库为唯一全量
✅ verify PASS：主库 11555 文件完整 + 抽样可读（D 单盘口径，#491）
✅ 采集完成: 新增 27 / 跳过 11526 → D:\KDO-memory\L1-full（日增量口径，#491）
✅ trace 索引已追加: D:\KDO-memory\L1-full\trace-index.md
ℹ️ C 盘镜像已移除（#491 老朱拍板）：采集后不再写 C 盘，D 主库为唯一全量
✅ verify PASS：主库 11555 文件完整 + 抽样可读（D 单盘口径，#491）
✅ 采集完成: 新增 25 / 跳过 11528 → D:\KDO-memory\L1-full（日增量口径，#491）
✅ trace 索引已追加: D:\KDO-memory\L1-full\trace-index.md
ℹ️ C 盘镜像已移除（#491 老朱拍板）：采集后不再写 C 盘，D 主库为唯一全量
✅ verify PASS：主库 11555 文件完整 + 抽样可读（D 单盘口径，#491）
✅ 采集完成: 新增 27 / 跳过 11526 → D:\KDO-memory\L1-full（日增量口径，#491）
✅ trace 索引已追加: D:\KDO-memory\L1-full\trace-index.md
ℹ️ C 盘镜像已移除（#491 老朱拍板）：采集后不再写 C 盘，D 主库为唯一全量
✅ verify PASS：主库 11555 文件完整 + 抽样可读（D 单盘口径，#491）
✅ 采集完成: 新增 25 / 跳过 11528 → D:\KDO-memory\L1-full（日增量口径，#491）
✅ trace 索引已追加: D:\KDO-memory\L1-full\trace-index.md
ℹ️ C 盘镜像已移除（#491 老朱拍板）：采集后不再写 C 盘，D 主库为唯一全量
✅ verify PASS：主库 11555 文件完整 + 抽样可读（D 单盘口径，#491）
^C✅ 采集完成: 新增 25 / 跳过 11528 → D:\KDO-memory\L1-full（日增量口径，#491）
✅ trace 索引已追加: D:\KDO-memory\L1-full\trace-index.md
ℹ️ C 盘镜像已移除（#491 老朱拍板）：采集后不再写 C 盘，D 主库为唯一全量
✅ verify PASS：主库 11555 文件完整 + 抽样可读（D 单盘口径，#491）
✅ 采集完成: 新增 58 / 跳过 11495 → D:\KDO-memory\L1-full（日增量口径，#491）
✅ trace 索引已追加: D:\KDO-memory\L1-full\trace-index.md
ℹ️ C 盘镜像已移除（#491 老朱拍板）：采集后不再写 C 盘，D 主库为唯一全量
✅ verify PASS：主库 11555 文件完整 + 抽样可读（D 单盘口径，#491）
✅ 采集完成: 新增 25 / 跳过 11528 → D:\KDO-memory\L1-full（日增量口径，#491）
✅ trace 索引已追加: D:\KDO-memory\L1-full\trace-index.md
ℹ️ C 盘镜像已移除（#491 老朱拍板）：采集后不再写 C 盘，D 主库为唯一全量
✅ verify PASS：主库 11555 文件完整 + 抽样可读（D 单盘口径，#491）
✅ 采集完成: 新增 27 / 跳过 11526 → D:\KDO-memory\L1-full（日增量口径，#491）
✅ trace 索引已追加: D:\KDO-memory\L1-full\trace-index.md
ℹ️ C 盘镜像已移除（#491 老朱拍板）：采集后不再写 C 盘，D 主库为唯一全量
✅ verify PASS：主库 11555 文件完整 + 抽样可读（D 单盘口径，#491）
✅ 采集完成: 新增 25 / 跳过 11528 → D:\KDO-memory\L1-full（日增量口径，#491）
✅ trace 索引已追加: D:\KDO-memory\L1-full\trace-index.md
ℹ️ C 盘镜像已移除（#491 老朱拍板）：采集后不再写 C 盘，D 主库为唯一全量
✅ verify PASS：主库 11555 文件完整 + 抽样可读（D 单盘口径，#491）
✅ 采集完成: 新增 27 / 跳过 11526 → D:\KDO-memory\L1-full（日增量口径，#491）
✅ trace 索引已追加: D:\KDO-memory\L1-full\trace-index.md
ℹ️ C 盘镜像已移除（#491 老朱拍板）：采集后不再写 C 盘，D 主库为唯一全量
✅ verify PASS：主库 11555 文件完整 + 抽样可读（D 单盘口径，#491）
✅ 采集完成: 新增 37 / 跳过 11522 → D:\KDO-memory\L1-full（日增量口径，#491）
✅ trace 索引已追加: D:\KDO-memory\L1-full\trace-index.md
ℹ️ C 盘镜像已移除（#491 老朱拍板）：采集后不再写 C 盘，D 主库为唯一全量
✅ verify PASS：主库 11561 文件完整 + 抽样可读（D 单盘口径，#491）
✅ 采集完成: 新增 33 / 跳过 11527 → D:\KDO-memory\L1-full（日增量口径，#491）
✅ trace 索引已追加: D:\KDO-memory\L1-full\trace-index.md
ℹ️ C 盘镜像已移除（#491 老朱拍板）：采集后不再写 C 盘，D 主库为唯一全量
✅ verify PASS：主库 11562 文件完整 + 抽样可读（D 单盘口径，#491）
✅ 采集完成: 新增 33 / 跳过 11528 → D:\KDO-memory\L1-full（日增量口径，#491）
✅ trace 索引已追加: D:\KDO-memory\L1-full\trace-index.md
ℹ️ C 盘镜像已移除（#491 老朱拍板）：采集后不再写 C 盘，D 主库为唯一全量
✅ verify PASS：主库 11563 文件完整 + 抽样可读（D 单盘口径，#491）
✅ 采集完成: 新增 33 / 跳过 11529 → D:\KDO-memory\L1-full（日增量口径，#491）
✅ trace 索引已追加: D:\KDO-memory\L1-full\trace-index.md
ℹ️ C 盘镜像已移除（#491 老朱拍板）：采集后不再写 C 盘，D 主库为唯一全量
✅ verify PASS：主库 11564 文件完整 + 抽样可读（D 单盘口径，#491）
✅ 采集完成: 新增 31 / 跳过 11532 → D:\KDO-memory\L1-full（日增量口径，#491）
✅ trace 索引已追加: D:\KDO-memory\L1-full\trace-index.md
ℹ️ C 盘镜像已移除（#491 老朱拍板）：采集后不再写 C 盘，D 主库为唯一全量
✅ verify PASS：主库 11565 文件完整 + 抽样可读（D 单盘口径，#491）
✅ 采集完成: 新增 32 / 跳过 11531 → D:\KDO-memory\L1-full（日增量口径，#491）
✅ trace 索引已追加: D:\KDO-memory\L1-full\trace-index.md
ℹ️ C 盘镜像已移除（#491 老朱拍板）：采集后不再写 C 盘，D 主库为唯一全量
✅ verify PASS：主库 11565 文件完整 + 抽样可读（D 单盘口径，#491）
✅ 采集完成: 新增 32 / 跳过 11531 → D:\KDO-memory\L1-full（日增量口径，#491）
✅ trace 索引已追加: D:\KDO-memory\L1-full\trace-index.md
ℹ️ C 盘镜像已移除（#491 老朱拍板）：采集后不再写 C 盘，D 主库为唯一全量
✅ verify PASS：主库 11565 文件完整 + 抽样可读（D 单盘口径，#491）
✅ 采集完成: 新增 40 / 跳过 11524 → D:\KDO-memory\L1-full（日增量口径，#491）
✅ trace 索引已追加: D:\KDO-memory\L1-full\trace-index.md
ℹ️ C 盘镜像已移除（#491 老朱拍板）：采集后不再写 C 盘，D 主库为唯一全量
✅ verify PASS：主库 11566 文件完整 + 抽样可读（D 单盘口径，#491）
✅ 采集完成: 新增 37 / 跳过 11527 → D:\KDO-memory\L1-full（日增量口径，#491）
✅ trace 索引已追加: D:\KDO-memory\L1-full\trace-index.md
ℹ️ C 盘镜像已移除（#491 老朱拍板）：采集后不再写 C 盘，D 主库为唯一全量
✅ verify PASS：主库 11566 文件完整 + 抽样可读（D 单盘口径，#491）
✅ 采集完成: 新增 47 / 跳过 11536 → D:\KDO-memory\L1-full（日增量口径，#491）
✅ trace 索引已追加: D:\KDO-memory\L1-full\trace-index.md
ℹ️ C 盘镜像已移除（#491 老朱拍板）：采集后不再写 C 盘，D 主库为唯一全量
✅ verify PASS：主库 11585 文件完整 + 抽样可读（D 单盘口径，#491）
✅ 采集完成: 新增 39 / 跳过 11544 → D:\KDO-memory\L1-full（日增量口径，#491）
✅ trace 索引已追加: D:\KDO-memory\L1-full\trace-index.md
ℹ️ C 盘镜像已移除（#491 老朱拍板）：采集后不再写 C 盘，D 主库为唯一全量
✅ verify PASS：主库 11585 文件完整 + 抽样可读（D 单盘口径，#491）
✅ 采集完成: 新增 39 / 跳过 11544 → D:\KDO-memory\L1-full（日增量口径，#491）
✅ trace 索引已追加: D:\KDO-memory\L1-full\trace-index.md
ℹ️ C 盘镜像已移除（#491 老朱拍板）：采集后不再写 C 盘，D 主库为唯一全量
✅ verify PASS：主库 11585 文件完整 + 抽样可读（D 单盘口径，#491）
✅ 采集完成: 新增 37 / 跳过 11547 → D:\KDO-memory\L1-full（日增量口径，#491）
✅ trace 索引已追加: D:\KDO-memory\L1-full\trace-index.md
ℹ️ C 盘镜像已移除（#491 老朱拍板）：采集后不再写 C 盘，D 主库为唯一全量
✅ verify PASS：主库 11586 文件完整 + 抽样可读（D 单盘口径，#491）
✅ 采集完成: 新增 33 / 跳过 11555 → D:\KDO-memory\L1-full\2026-08-25（日期增量口径，#508）
✅ trace 索引已追加: D:\KDO-memory\L1-full\trace-index.md
ℹ️ C 盘镜像已移除（#491 老朱拍板）：采集后不再写 C 盘，D 主库为唯一全量
✅ verify PASS：主库 43 文件完整 + 抽样可读（D 单盘口径，#491）
✅ 采集完成: 新增 46 / 跳过 11544 → D:\KDO-memory\L1-full\2026-08-25（日期增量口径，#508）
✅ trace 索引已追加: D:\KDO-memory\L1-full\trace-index.md
ℹ️ C 盘镜像已移除（#491 老朱拍板）：采集后不再写 C 盘，D 主库为唯一全量
✅ verify PASS：主库 52 文件完整 + 抽样可读（D 单盘口径，#491）
✅ 采集完成: 新增 29 / 跳过 11561 → D:\KDO-memory\L1-full\2026-08-25（日期增量口径，#508）
✅ trace 索引已追加: D:\KDO-memory\L1-full\trace-index.md
ℹ️ C 盘镜像已移除（#491 老朱拍板）：采集后不再写 C 盘，D 主库为唯一全量
✅ verify PASS：主库 52 文件完整 + 抽样可读（D 单盘口径，#491）
✅ 采集完成: 新增 30 / 跳过 11560 → D:\KDO-memory\L1-full\2026-08-25（日期增量口径，#508）
✅ trace 索引已追加: D:\KDO-memory\L1-full\trace-index.md
ℹ️ C 盘镜像已移除（#491 老朱拍板）：采集后不再写 C 盘，D 主库为唯一全量
✅ verify PASS：主库 52 文件完整 + 抽样可读（D 单盘口径，#491）
✅ 采集完成: 新增 33 / 跳过 11557 → D:\KDO-memory\L1-full\2026-08-25（日期增量口径，#508）
✅ trace 索引已追加: D:\KDO-memory\L1-full\trace-index.md
ℹ️ C 盘镜像已移除（#491 老朱拍板）：采集后不再写 C 盘，D 主库为唯一全量
✅ verify PASS：主库 56 文件完整 + 抽样可读（D 单盘口径，#491）
✅ 采集完成: 新增 27 / 跳过 11563 → D:\KDO-memory\L1-full\2026-08-25（日期增量口径，#508）
✅ trace 索引已追加: D:\KDO-memory\L1-full\trace-index.md
ℹ️ C 盘镜像已移除（#491 老朱拍板）：采集后不再写 C 盘，D 主库为唯一全量
✅ verify PASS：主库 56 文件完整 + 抽样可读（D 单盘口径，#491）
✅ 采集完成: 新增 27 / 跳过 11563 → D:\KDO-memory\L1-full\2026-08-25（日期增量口径，#508）
✅ trace 索引已追加: D:\KDO-memory\L1-full\trace-index.md
ℹ️ C 盘镜像已移除（#491 老朱拍板）：采集后不再写 C 盘，D 主库为唯一全量
✅ verify PASS：主库 56 文件完整 + 抽样可读（D 单盘口径，#491）
✅ 采集完成: 新增 27 / 跳过 11563 → D:\KDO-memory\L1-full\2026-08-25（日期增量口径，#508）
✅ trace 索引已追加: D:\KDO-memory\L1-full\trace-index.md
ℹ️ C 盘镜像已移除（#491 老朱拍板）：采集后不再写 C 盘，D 主库为唯一全量
✅ verify PASS：主库 56 文件完整 + 抽样可读（D 单盘口径，#491）
✅ 采集完成: 新增 27 / 跳过 11563 → D:\KDO-memory\L1-full\2026-08-25（日期增量口径，#508）
✅ trace 索引已追加: D:\KDO-memory\L1-full\trace-index.md
ℹ️ C 盘镜像已移除（#491 老朱拍板）：采集后不再写 C 盘，D 主库为唯一全量
✅ verify PASS：主库 56 文件完整 + 抽样可读（D 单盘口径，#491）
✅ 采集完成: 新增 27 / 跳过 11563 → D:\KDO-memory\L1-full\2026-08-25（日期增量口径，#508）
✅ trace 索引已追加: D:\KDO-memory\L1-full\trace-index.md
ℹ️ C 盘镜像已移除（#491 老朱拍板）：采集后不再写 C 盘，D 主库为唯一全量
✅ verify PASS：主库 56 文件完整 + 抽样可读（D 单盘口径，#491）
