#674 path_map 键硬化 验收实证日志（huangyaoshi 2026-09-07 04:2x-04:4x）

== 修复前基线（legacy title 键 state） ==
盘上撞名（_collect_all_wiki_pages + Counter，2941 页）：
  dup_titles=13 dup_cards=26
  分布：concepts 1 / dk 1 / frameworks 1 / tools 10（与任务单实证一致）
  明细（每组 2 张）：
    产品内核十大典型指标      <- concepts/yt-product-ten-metrics.md + tools/tool-lean-product-kernel-metrics.md
    关键假设 ABCD 模型        <- frameworks/framework-lean-abcd-model.md + frameworks/yt-decision-abcd-model.md
    多源交叉验证的停止规则    <- dk/dk-research-triangulation-stop-rule.md + skills/skill-research-triangulation-stop-rule.md
    技能："找老的干小的"场景评估清单 等 10 组 <- tools/ sk-ai-* vs tool-ai-* 同名对
探针（修复前，legacy 兼容分支实弹验证）：ok=false pages=2941 path_map=2928
  gap_by_dir: concepts 1 / dk 1 / frameworks 1 / tools 10 —— 缺口恰 13

== 修复（KDO 仓 6fb4a42） ==
kdo/commands/graph.py:
  - 写侧 :424 title 键 -> page_path 键，值={title,id}（title 降为展示属性）
  - 读侧 legacy 检测：str 值=pre-#674 state -> 强制 full rebuild（实测触发一次）
  - 增量删除：set(prev_path_map.values()) 改按键差集；doc_id 仍从 entry.title 取回
tests/test_graph.py +3 例：撞车根除 / 删除传播（AsyncMock）/ legacy 升级
回归：639 passed 1 skipped（基线 636 + 3，无红）

== 重建与验收（vault 实地） ==
python -m kdo graph rebuild --full：
  "Legacy title-keyed path_map detected — forcing full rebuild (#674)."（升级路径实弹触发）
  Full rebuild: 2941 pages, 6242 chunks, 8767 relations — Done
验收脚本（_tmp/verify_674.py，用后即删）：
  path_map=2941 == page_count=2941；str_vals=0；entries_without_title=0
  dup_cards=26 missing_from_path_map=0（13 组全部可溯源）
  entries_with_id=2931/2941（10 张无 frontmatter id，属正常缺省）
探针（修复后）：coverage OK pages=2941 path_map=2941 exit 0
  gap_by_dir 全 0；concepts 525/525（#671 报警缺口清零）；dark-knowledges 332/332
  dup_titles=13 降为非阻塞观察项（KG 实体层仍按 title 合流，改名走内容侧）
检索冒烟：kdo query "多源交叉验证的停止规则" —— 曾被顶掉的 dk 卡正常召回

== 残余（非本单范围，已声明边界） ==
1. LightRAG 实体层 entity_name=title：撞名卡在图内仍合流（13 组）——根治需 KG 层
   同步硬化或内容侧改名，属新单范围
2. 既有边界缺陷（本次测试踩到）：30_wiki 全部页被删空时 cmd_graph_ingest 于
   graph.py:358 提前 return，删除传播不触发——pre-existing，未动
