### 30_wiki/frameworks/framework-AI知识库-知识卡片公式.md
  ✅ Result: PASS（1 条 WARNING 在列——有警在身，非全清，终审前自行掂量）
### 30_wiki/frameworks/framework-AI知识库-五维标注深挖法.md
  ✅ Result: PASS（1 条 WARNING 在列——有警在身，非全清，终审前自行掂量）
### 30_wiki/frameworks/framework-AI知识库-加卡片加标签双原则.md
  ✅ Result: PASS（1 条 WARNING 在列——有警在身，非全清，终审前自行掂量）
### 30_wiki/frameworks/framework-AI知识库-分库与映射表.md
  ✅ Result: PASS（1 条 WARNING 在列——有警在身，非全清，终审前自行掂量）
### 30_wiki/frameworks/framework-AI知识库-Workflow六要素.md
  ✅ Result: PASS（1 条 WARNING 在列——有警在身，非全清，终审前自行掂量）
### 30_wiki/frameworks/framework-AI知识库-五阶段演进.md
  ✅ Result: PASS（1 条 WARNING 在列——有警在身，非全清，终审前自行掂量）
### 30_wiki/frameworks/framework-AI知识库-四象限资产.md
  ✅ Result: PASS（1 条 WARNING 在列——有警在身，非全清，终审前自行掂量）
### 30_wiki/concepts/concept-AI知识库-原子化拆分.md
  ✅ Result: PASS（1 条 WARNING 在列——有警在身，非全清，终审前自行掂量）
### 30_wiki/concepts/concept-AI知识库-四关键词.md
  ✅ Result: PASS（1 条 WARNING 在列——有警在身，非全清，终审前自行掂量）
### 30_wiki/concepts/concept-AI知识库-KDO传承溯源.md
  ✅ Result: PASS（1 条 WARNING 在列——有警在身，非全清，终审前自行掂量）
### 30_wiki/dark-knowledges/dk-AI知识库-隐性知识显性化60分原则.md
  ✅ Result: PASS（1 条 WARNING 在列——有警在身，非全清，终审前自行掂量）
