[PDF] 发现 7 个 PDF，开始预渲染...
[PDF] 《优秀动力提升最佳实践合集》: 30 页已渲染
[PDF] 《优秀触点案例合集》: 66 页已渲染
[PDF] 《优秀阻力分析案例合集》: 58 页已渲染
[PDF] 《阻力消除策略小抄合集 · 持续更新版》: 2 页已渲染
[PDF] 优秀转化率复盘合集: 24 页已渲染
[PDF] 小米发布会拆解练习: 63 页已渲染
[PDF] 转化率黑客5：组合落地篇: 86 页已渲染
[PDF] 预渲染完成，共 329 页

[VLM] 待处理任务总数: 484（图片+PDF页）
[1/484] OK  一堂DOC-20260712012955.png
[2/484] OK  FAB案例分析.png
[3/484] OK  一堂DOC-20260712013057.png
[4/484] OK  一堂DOC-20260712013034.png
[5/484] OK  一堂DOC-20260712013116.png
[6/484] OK  一堂DOC-20260712102945.png
[7/484] OK  一堂DOC-20260712013326.png
[8/484] OK  一堂DOC-20260712102931.png
[9/484] OK  一堂DOC-20260712013433.png
[10/484] OK  一堂DOC-20260712103000.png
[11/484] OK  一堂DOC-20260712103007.png
[12/484] OK  一堂DOC-20260712103513.png
[13/484] OK  一堂DOC-20260712103459.png
[14/484] OK  一堂DOC-20260712103519.png
[15/484] OK  一堂DOC-20260712103525.png
[16/484] OK  一堂DOC-20260712103841.png
[17/484] OK  一堂DOC-20260712103849.png
[18/484] OK  一堂DOC-20260712103854.png
[19/484] OK  一堂DOC-20260712103900.png
[20/484] OK  一堂DOC-20260712103538.png
[21/484] OK  一堂DOC-20260712103908.png
[22/484] OK  一堂DOC-20260712103915.png
[23/484] OK  一堂DOC-20260712105429.png
[24/484] OK  一堂DOC-20260712105629.png
[25/484] OK  一堂DOC-20260712105538.png
[26/484] OK  一堂DOC-20260712105724.png
[27/484] OK  一堂DOC-20260712103930.png
[28/484] OK  一堂DOC-20260712110754.png
[29/484] OK  一堂DOC-20260712110724 (1).png
[30/484] OK  一堂DOC-20260712110849.png
[31/484] OK  一堂DOC-20260712111041.png
[32/484] OK  一堂DOC-20260712111159.png
[33/484] OK  一堂DOC-20260712111247.png
[34/484] OK  一堂DOC-20260712110944.png
[35/484] OK  一堂DOC-20260712111335.png
[36/484] OK  一堂DOC-20260712112247.png
[37/484] OK  一堂DOC-20260712111423.png
[38/484] OK  一堂DOC-20260712112303.png
[39/484] OK  一堂DOC-20260712112315.png
[40/484] OK  一堂DOC-20260712114316.png
[41/484] OK  一堂DOC-20260712113601.png
[42/484] OK  一堂作业转化率迭代过程.png
[43/484] OK  一堂推荐转化率迭代过程.png
[44/484] OK  一堂DOC-20260712114724.png
[45/484] OK  一堂复盘营的动力曲线分析.png
[46/484] OK  三方触点-2.png
[47/484] OK  三方触点-1.png
[48/484] OK  优秀候选人入职率迭代过程.png
[49/484] OK  信任触点-1.png
[50/484] OK  一堂阻力挖掘方式小抄.png
[51/484] OK  信任触点-2.png
[52/484] OK  动线触点-1.png
[53/484] OK  峰值触点-1.png
[54/484] OK  动线触点-2.png
[55/484] OK  峰值触点-2.png
[56/484] OK  感官触点.png
[57/484] OK  感官触点-1.png
[58/484] OK  批注 2026-07-12 012910.png
[59/484] OK  批注 2026-07-12 013254.png
[60/484] OK  批注 2026-07-12 013144.png
[61/484] OK  待破解阻力清单.png
[62/484] OK  批注 2026-07-12 013203.png
[63/484] OK  批注 2026-07-12 013311.png
[64/484] OK  批注 2026-07-12 013353.png
[65/484] OK  批注 2026-07-12 013423.png
[66/484] OK  批注 2026-07-12 013408.png
[67/484] OK  批注 2026-07-12 102850.png
[68/484] OK  批注 2026-07-12 102754.png
[69/484] OK  批注 2026-07-12 103349.png
[70/484] OK  批注 2026-07-12 103406.png
[71/484] OK  批注 2026-07-12 103429.png
[72/484] OK  批注 2026-07-12 103025.png
[73/484] OK  批注 2026-07-12 103445.png
[74/484] OK  批注 2026-07-12 105600.png
[75/484] OK  批注 2026-07-12 105455.png
[76/484] OK  批注 2026-07-12 105212.png
[77/484] OK  批注 2026-07-12 105654.png
[78/484] OK  批注 2026-07-12 105744.png
[79/484] OK  批注 2026-07-12 110816.png
[80/484] OK  批注 2026-07-12 105341.png
[81/484] OK  批注 2026-07-12 110913.png
[82/484] OK  批注 2026-07-12 111218.png
[83/484] OK  批注 2026-07-12 111131.png
[84/484] OK  批注 2026-07-12 111115.png
[85/484] OK  批注 2026-07-12 111304.png
[86/484] OK  批注 2026-07-12 111012.png
[87/484] OK  批注 2026-07-12 112056.png
[88/484] OK  批注 2026-07-12 111354.png
[89/484] OK  批注 2026-07-12 112115.png
[90/484] OK  批注 2026-07-12 112207.png
[91/484] OK  批注 2026-07-12 112535.png
[92/484] OK  批注 2026-07-12 112642.png
[93/484] OK  批注 2026-07-12 112222.png
[94/484] OK  批注 2026-07-12 112731.png
[95/484] OK  批注 2026-07-12 112913.png
[96/484] OK  批注 2026-07-12 112818.png
[97/484] OK  批注 2026-07-12 113005.png
[98/484] OK  批注 2026-07-12 113128.png
[99/484] OK  批注 2026-07-12 113214.png
[100/484] OK  批注 2026-07-12 113322.png
[101/484] OK  批注 2026-07-12 113437.png
[102/484] OK  批注 2026-07-12 114048.png
[103/484] OK  批注 2026-07-12 114123.png
[104/484] OK  批注 2026-07-12 114036.png
[105/484] OK  批注 2026-07-12 114141.png
[106/484] OK  批注 2026-07-12 114647.png
[107/484] OK  批注 2026-07-12 114708.png
[108/484] OK  流程触点-1.png
[109/484] OK  最佳转化率-动力三曲线.png
[110/484] OK  最佳转化率-12大👄易浪费触点.png
[111/484] OK  消息触点-1.png
[112/484] OK  流程触点-2.png
[113/484] OK  消息触点-2.png
[114/484] OK  终点触点-1.png
[115/484] OK  终点触点-2.png
[116/484] OK  触点质量五维模型.png
[117/484] OK  触点挖掘冰山图.png
[118/484] OK  转化率组合6步法.png
[119/484] OK  转化率六步法.png
[120/484] OK  转化率黑客的爬山地图.png
[121/484] OK  转化率影响力36计-高清版.png
[122/484] OK  转化率黑客-阻力对抗超级小抄（极其重要）.png
[123/484] OK  转化率黑客-影响力36计-极其重要-逐字扫描.png
[124/484] OK  送礼触点-1.png
[125/484] OK  送礼触点-2.png
[126/484] OK  阻力消除策略之10：体验差.png
[127/484] OK  阻力消除策略之12：还不急.png
[128/484] OK  阻力消除策略之1：觉得贵.png
[129/484] OK  阻力消除策略之11：怕冲动.png
[130/484] OK  阻力消除策略之2：没能力.png
[131/484] OK  阻力消除策略之3：没时间.png
[132/484] OK  阻力消除策略之5：距离远.png
[133/484] OK  阻力消除策略之4：门槛高.png
[134/484] OK  阻力消除策略之7：有风险.png
[135/484] OK  难题触点-1.png
[136/484] OK  阻力消除策略之6：不靠谱.png
[137/484] OK  阻力消除策略之8：折面子.png
[138/484] OK  阻力消除策略之9：不专业.png
[139/484] OK  难题触点-2.png
[140/484] OK  页面触点-1.png
[141/484] OK  首次触点-1.png
[142/484] OK  页面触点-2.png
[143/484] OK  首次触点-2.png
[144/484] OK  晓莉案例-转化率黑客/晓莉-转化率黑客-四阶段-图-01.png
[145/484] OK  晓莉案例-转化率黑客/晓莉-转化率黑客-动力进入触点-图-01.png
[146/484] OK  晓莉案例-转化率黑客/晓莉-转化率黑客-FAB基础价值-图-01.png
[147/484] OK  晓莉案例-转化率黑客/晓莉-转化率黑客-案例-图-01.png
[148/484] OK  晓莉案例-转化率黑客/晓莉-转化率黑客-总结-01.png
[149/484] OK  晓莉案例-转化率黑客/晓莉-转化率黑客-敲开门-图-01.png
[150/484] OK  晓莉案例-转化率黑客/晓莉-转化率黑客-成交触点-01.png
[151/484] OK  晓莉案例-转化率黑客/晓莉-转化率黑客-触点推进表-01.png
[152/484] OK  晓莉案例-转化率黑客/晓莉-转化率黑客-触点拆解表-图-01.png
[153/484] OK  晓莉案例-转化率黑客/晓莉-转化率黑客-现场触点拆解-01.png
[154/484] OK  晓莉案例-转化率黑客/晓莉-转化率黑客-选对人-图-01.png
